Archive member included to satisfy reference by file (symbol)

lib/libhpm_sdk_gcc_startup_lib.a(start.S.obj)
                              (--whole-archive)
lib/libhpm_sdk_gcc_startup_lib.a(initfini.c.obj)
                              (--whole-archive)
lib/libhpm_sdk_gcc_lib.a(reset.c.obj)
                              (--whole-archive)
lib/libhpm_sdk_gcc_lib.a(trap.c.obj)
                              (--whole-archive)
lib/libhpm_sdk_lib.a(hpm_l1c_drv.c.obj)
                              (--whole-archive)
lib/libhpm_sdk_lib.a(pinmux.c.obj)
                              (--whole-archive)
lib/libhpm_sdk_lib.a(board.c.obj)
                              (--whole-archive)
lib/libhpm_sdk_lib.a(clock.c.obj)
                              (--whole-archive)
lib/libhpm_sdk_lib.a(system.c.obj)
                              (--whole-archive)
lib/libhpm_sdk_lib.a(hpm_sysctl_drv.c.obj)
                              (--whole-archive)
lib/libhpm_sdk_lib.a(hpm_clock_drv.c.obj)
                              (--whole-archive)
lib/libhpm_sdk_lib.a(hpm_otp_drv.c.obj)
                              (--whole-archive)
lib/libhpm_sdk_lib.a(hpm_qeiv2_soc_drv.c.obj)
                              (--whole-archive)
lib/libhpm_sdk_lib.a(hpm_bootheader.c.obj)
                              (--whole-archive)
lib/libhpm_sdk_lib.a(hpm_uart_drv.c.obj)
                              (--whole-archive)
lib/libhpm_sdk_lib.a(hpm_sdp_drv.c.obj)
                              (--whole-archive)
lib/libhpm_sdk_lib.a(hpm_i2c_drv.c.obj)
                              (--whole-archive)
lib/libhpm_sdk_lib.a(hpm_pmp_drv.c.obj)
                              (--whole-archive)
lib/libhpm_sdk_lib.a(hpm_rng_drv.c.obj)
                              (--whole-archive)
lib/libhpm_sdk_lib.a(hpm_gpio_drv.c.obj)
                              (--whole-archive)
lib/libhpm_sdk_lib.a(hpm_spi_drv.c.obj)
                              (--whole-archive)
lib/libhpm_sdk_lib.a(hpm_gptmr_drv.c.obj)
                              (--whole-archive)
lib/libhpm_sdk_lib.a(hpm_pwm_drv.c.obj)
                              (--whole-archive)
lib/libhpm_sdk_lib.a(hpm_pllctlv2_drv.c.obj)
                              (--whole-archive)
lib/libhpm_sdk_lib.a(hpm_usb_drv.c.obj)
                              (--whole-archive)
lib/libhpm_sdk_lib.a(hpm_acmp_drv.c.obj)
                              (--whole-archive)
lib/libhpm_sdk_lib.a(hpm_adc16_drv.c.obj)
                              (--whole-archive)
lib/libhpm_sdk_lib.a(hpm_pcfg_drv.c.obj)
                              (--whole-archive)
lib/libhpm_sdk_lib.a(hpm_ptpc_drv.c.obj)
                              (--whole-archive)
lib/libhpm_sdk_lib.a(hpm_mchtmr_drv.c.obj)
                              (--whole-archive)
lib/libhpm_sdk_lib.a(hpm_tsns_drv.c.obj)
                              (--whole-archive)
lib/libhpm_sdk_lib.a(hpm_dac_drv.c.obj)
                              (--whole-archive)
lib/libhpm_sdk_lib.a(hpm_crc_drv.c.obj)
                              (--whole-archive)
lib/libhpm_sdk_lib.a(hpm_mcan_drv.c.obj)
                              (--whole-archive)
lib/libhpm_sdk_lib.a(hpm_qeiv2_drv.c.obj)
                              (--whole-archive)
lib/libhpm_sdk_lib.a(hpm_enc_pos_drv.c.obj)
                              (--whole-archive)
lib/libhpm_sdk_lib.a(hpm_sei_drv.c.obj)
                              (--whole-archive)
lib/libhpm_sdk_lib.a(hpm_qeo_drv.c.obj)
                              (--whole-archive)
lib/libhpm_sdk_lib.a(hpm_rdc_drv.c.obj)
                              (--whole-archive)
lib/libhpm_sdk_lib.a(hpm_mmc_drv.c.obj)
                              (--whole-archive)
lib/libhpm_sdk_lib.a(hpm_dmav2_drv.c.obj)
                              (--whole-archive)
lib/libhpm_sdk_lib.a(hpm_ewdg_drv.c.obj)
                              (--whole-archive)
lib/libhpm_sdk_lib.a(hpm_plb_drv.c.obj)
                              (--whole-archive)
lib/libhpm_sdk_lib.a(hpm_opamp_drv.c.obj)
                              (--whole-archive)
lib/libhpm_sdk_lib.a(hpm_sbrk.c.obj)
                              (--whole-archive)
lib/libhpm_sdk_lib.a(hpm_swap.c.obj)
                              (--whole-archive)
lib/libhpm_sdk_lib.a(hpm_ffssi.c.obj)
                              (--whole-archive)
lib/libhpm_sdk_lib.a(hpm_crc32.c.obj)
                              (--whole-archive)
lib/libhpm_sdk_lib.a(hpm_debug_console.c.obj)
                              (--whole-archive)
lib/libhpm_sdk_lib.a(hpm_adc_v2.c.obj)
                              (--whole-archive)
lib/libhpm_sdk_lib.a(hpm_adc_v2_port.c.obj)
                              (--whole-archive)
lib/libhpm_sdk_lib.a(hpm_mcl_abz.c.obj)
                              (--whole-archive)
lib/libhpm_sdk_lib.a(hpm_mcl_uvw.c.obj)
                              (--whole-archive)
lib/libhpm_sdk_lib.a(hpm_mcl_hw_loop.c.obj)
                              (--whole-archive)
lib/libhpm_sdk_lib.a(hpm_mcl_encoder.c.obj)
                              (--whole-archive)
lib/libhpm_sdk_lib.a(hpm_mcl_analog.c.obj)
[...]
Memory Configuration

Name             Origin             Length             Attributes
FLASH            0x80000000         0x00100000         xr
ILM              0x00000000         0x00020000         xw
DLM              0x00080300         0x0001fd00         w
AHB_SRAM         0xf0400000         0x00008000         w
*default*        0x00000000         0xffffffff

Linker script and memory map

LOAD CMakeFiles/app.dir/src/hal/hal_bsp.c.obj
LOAD CMakeFiles/app.dir/src/driver/drv_spi.c.obj
LOAD CMakeFiles/app.dir/src/driver/drv_pwm.c.obj
LOAD CMakeFiles/app.dir/src/driver/drv_adc.c.obj
LOAD CMakeFiles/app.dir/src/driver/drv_timer.c.obj
LOAD CMakeFiles/app.dir/src/driver/drv_qei.c.obj
LOAD CMakeFiles/app.dir/src/driver/drv_flash.c.obj
LOAD CMakeFiles/app.dir/src/sensor/mt6835.c.obj
LOAD CMakeFiles/app.dir/src/sensor/sens_encoder.c.obj
LOAD CMakeFiles/app.dir/src/sensor/sens_analog.c.obj
LOAD CMakeFiles/app.dir/src/motor/motor.c.obj
LOAD CMakeFiles/app.dir/src/motor/motor_hw_foc.c.obj
LOAD CMakeFiles/app.dir/src/control/ctrl_svpwm.c.obj
LOAD CMakeFiles/app.dir/src/control/ctrl_foc.c.obj
LOAD CMakeFiles/app.dir/src/debug/dbg_probe.c.obj
LOAD CMakeFiles/app.dir/src/app/app_monitor.c.obj
LOAD CMakeFiles/app.dir/src/app/app_keeper.c.obj
LOAD CMakeFiles/app.dir/src/app/main.c.obj
LOAD lib/libhpm_sdk_gcc_startup_lib.a
LOAD lib/libhpm_sdk_gcc_lib.a
LOAD lib/libhpm_sdk_lib.a
                0x00004000                        _heap_size = 0x4000
                0x00004000                        _stack_size = 0x4000
                0x00100000                        _flash_size = 0x100000
LOAD D:/sdk_env_v1.12.1/toolchains/rv32imac_zicsr_zifencei_multilib_b_ext-win/bin/../lib/gcc/riscv32-unknown-elf/13.2.0/../../../../riscv32-unknown-elf/lib/rv32imafc_zicsr_zifencei_zba_zbb_zbc_zbs/ilp32f\libm_nano.a
LOAD D:/sdk_env_v1.12.1/toolchains/rv32imac_zicsr_zifencei_multilib_b_ext-win/bin/../lib/gcc/riscv32-unknown-elf/13.2.0/rv32imafc_zicsr_zifencei_zba_zbb_zbc_zbs/ilp32f\libgcc.a
LOAD D:/sdk_env_v1.12.1/toolchains/rv32imac_zicsr_zifencei_multilib_b_ext-win/bin/../lib/gcc/riscv32-unknown-elf/13.2.0/../../../../riscv32-unknown-elf/lib/rv32imafc_zicsr_zifencei_zba_zbb_zbc_zbs/ilp32f\libg_nano.a
LOAD D:/sdk_env_v1.12.1/toolchains/rv32imac_zicsr_zifencei_multilib_b_ext-win/bin/../lib/gcc/riscv32-unknown-elf/13.2.0/../../../../riscv32-unknown-elf/lib/rv32imafc_zicsr_zifencei_zba_zbb_zbc_zbs/ilp32f\libc_nano.a
LOAD D:/sdk_env_v1.12.1/toolchains/rv32imac_zicsr_zifencei_multilib_b_ext-win/bin/../lib/gcc/riscv32-unknown-elf/13.2.0/rv32imafc_zicsr_zifencei_zba_zbb_zbc_zbs/ilp32f\libgcc.a
START GROUP
LOAD D:/sdk_env_v1.12.1/toolchains/rv32imac_zicsr_zifencei_multilib_b_ext-win/bin/../lib/gcc/riscv32-unknown-elf/13.2.0/rv32imafc_zicsr_zifencei_zba_zbb_zbc_zbs/ilp32f\libgcc.a
LOAD D:/sdk_env_v1.12.1/toolchains/rv32imac_zicsr_zifencei_multilib_b_ext-win/bin/../lib/gcc/riscv32-unknown-elf/13.2.0/../../../../riscv32-unknown-elf/lib/rv32imafc_zicsr_zifencei_zba_zbb_zbc_zbs/ilp32f\libc_nano.a
LOAD D:/sdk_env_v1.12.1/toolchains/rv32imac_zicsr_zifencei_multilib_b_ext-win/bin/../lib/gcc/riscv32-unknown-elf/13.2.0/../../../../riscv32-unknown-elf/lib/rv32imafc_zicsr_zifencei_zba_zbb_zbc_zbs/ilp32f\libgloss_nano.a
END GROUP
                0x00004000                        STACK_SIZE = _stack_size
                0x00004000                        HEAP_SIZE = _heap_size
                0x80000400                        __nor_cfg_option_load_addr__ = (ORIGIN (FLASH) + 0x400)
                0x80001000                        __boot_header_load_addr__ = (ORIGIN (FLASH) + 0x1000)
                0x80003000                        __app_load_addr__ = (ORIGIN (FLASH) + 0x3000)
                0x00000090                        __boot_header_length__ = (__boot_header_end__ - __boot_header_start__)
                0x00002000                        __app_offset__ = (__app_load_addr__ - __boot_header_load_addr__)

.nor_cfg_option
                0x80000400       0x10
 *(.nor_cfg_option)
 .nor_cfg_option
                0x80000400       0x10 lib/libhpm_sdk_lib.a(board.c.obj)
                0x80000400                option

.boot_header    0x80001000       0x90
                0x80001000                        __boot_header_start__ = .
 *(.boot_header)
 .boot_header   0x80001000       0x10 lib/libhpm_sdk_lib.a(hpm_bootheader.c.obj)
                0x80001000                header
 *(.fw_info_table)
 .fw_info_table
                0x80001010       0x80 lib/libhpm_sdk_lib.a(hpm_bootheader.c.obj)
                0x80001010                fw_info
 *(.dc_info)
                0x80001090                        __boot_header_end__ = .

.start          0x80003000       0x58
                0x80003000                        . = ALIGN (0x8)
 *(.start)
 .start         0x80003000       0x54 lib/libhpm_sdk_gcc_startup_lib.a(start.S.obj)
                0x80003000                _start
                0x80003052                exit
                0x80003058                        . = ALIGN (0x8)
 *fill*         0x80003054        0x4 
                0x80003058                        __vector_load_addr__ = (ADDR (.start) + SIZEOF (.start))

.vectors        0x00000000      0x750 load address 0x80003058
                0x00000000                        __vector_ram_start__ = .
 *(.vector_table)
 .vector_table  0x00000000      0x124 lib/libhpm_sdk_gcc_startup_lib.a(start.S.obj)
                0x00000000                __vector_table
 *(.isr_vector)
 .isr_vector    0x00000124      0x12e CMakeFiles/app.dir/src/driver/drv_timer.c.obj
                0x00000124                isr_gptmr
                0x0000015c                default_isr_7
 *fill*         0x00000252        0x2 
 .isr_vector    0x00000254      0x208 CMakeFiles/app.dir/src/control/ctrl_foc.c.obj
                0x00000254                isr_adc
                0x00000364                default_isr_59
 .isr_vector    0x0000045c        0x8 lib/libhpm_sdk_gcc_startup_lib.a(start.S.obj)
                0x0000045c                nmi_handler
                0x00000460                default_isr_17
                0x00000460                default_isr_9
                0x00000460                default_isr_61
                0x00000460                default_isr_35
                0x00000460                default_isr_41
                0x00000460                default_isr_66
                0x00000460                default_isr_23
                0x00000460                default_isr_5
                0x00000460                default_isr_68
                0x00000460                default_isr_25
                0x00000460                default_isr_31
                0x00000460                default_isr_53
                0x00000460                default_isr_27
                0x00000460                default_isr_71
                0x00000460                default_isr_3
                0x00000460                default_isr_38
                0x00000460                default_isr_1
                0x00000460                default_isr_63
                0x00000460                default_isr_20
                0x00000460                default_isr_13
                0x00000460                default_isr_40
                0x00000460                default_isr_58
                0x00000460                default_isr_10
                0x00000460                default_isr_55
                0x00000460                default_isr_46
                0x00000460                default_isr_30
                0x00000460                default_isr_4
                0x00000460                default_isr_48
                0x00000460                default_isr_33
                0x00000460                default_isr_16
                0x00000460                default_isr_28
                0x00000460                default_isr_62
                0x00000460                default_isr_52
                0x00000460                default_isr_50
                0x00000460                default_isr_69
                0x00000460                default_isr_26
                0x00000460                default_isr_32
                0x00000460                default_isr_70
                0x00000460                default_isr_43
                0x00000460                default_isr_11
                0x00000460                default_isr_56
                0x00000460                default_irq_handler
                0x00000460                default_isr_60
                0x00000460                default_isr_49
                0x00000460                default_isr_72
                0x00000460                default_isr_2
                0x00000460                default_isr_47
                0x00000460                default_isr_6
                0x00000460                default_isr_18
                0x00000460                default_isr_65
                0x00000460                default_isr_22
                0x00000460                default_isr_42
                0x00000460                default_isr_34
                0x00000460                default_isr_36
                0x00000460                default_isr_67
                0x00000460                default_isr_24
                0x00000460                default_isr_19
                0x00000460                default_isr_29
                0x00000460                default_isr_15
                0x00000460                default_isr_51
                0x00000460                default_isr_37
                0x00000460                default_isr_39
                0x00000460                default_isr_12
                0x00000460                default_isr_44
                0x00000460                default_isr_57
                0x00000460                default_isr_64
                0x00000460                default_isr_21
                0x00000460                default_isr_14
                0x00000460                default_isr_54
                0x00000460                default_isr_45
 .isr_vector    0x00000464      0x1ba lib/libhpm_sdk_gcc_lib.a(trap.c.obj)
                0x00000464                irq_handler_trap
 *fill*         0x0000061e        0x2 
 .isr_vector    0x00000620      0x12c lib/libhpm_sdk_lib.a(board.c.obj)
                0x00000620                board_timer_isr
                0x00000654                default_isr_8
 *(.isr_vector.*)
                0x00000750                        . = ALIGN (0x8)
 *fill*         0x0000074c        0x4 
                0x00000750                        __vector_ram_end__ = .

.text           0x800037a8    0x17208
                0x800037a8                        . = ALIGN (0x8)
 *(.text)
 .text          0x800037a8      0x350 D:/sdk_env_v1.12.1/toolchains/rv32imac_zicsr_zifencei_multilib_b_ext-win/bin/../lib/gcc/riscv32-unknown-elf/13.2.0/rv32imafc_zicsr_zifencei_zba_zbb_zbc_zbs/ilp32f\libgcc.a(_udivdi3.o)
                0x800037a8                __udivdi3
 .text          0x80003af8      0x838 D:/sdk_env_v1.12.1/toolchains/rv32imac_zicsr_zifencei_multilib_b_ext-win/bin/../lib/gcc/riscv32-unknown-elf/13.2.0/rv32imafc_zicsr_zifencei_zba_zbb_zbc_zbs/ilp32f\libgcc.a(adddf3.o)
                0x80003af8                __adddf3
 .text          0x80004330      0x648 D:/sdk_env_v1.12.1/toolchains/rv32imac_zicsr_zifencei_multilib_b_ext-win/bin/../lib/gcc/riscv32-unknown-elf/13.2.0/rv32imafc_zicsr_zifencei_zba_zbb_zbc_zbs/ilp32f\libgcc.a(divdf3.o)
                0x80004330                __divdf3
 .text          0x80004978       0xa2 D:/sdk_env_v1.12.1/toolchains/rv32imac_zicsr_zifencei_multilib_b_ext-win/bin/../lib/gcc/riscv32-unknown-elf/13.2.0/rv32imafc_zicsr_zifencei_zba_zbb_zbc_zbs/ilp32f\libgcc.a(gedf2.o)
                0x80004978                __gedf2
                0x80004978                __gtdf2
 .text          0x80004a1a       0xa2 D:/sdk_env_v1.12.1/toolchains/rv32imac_zicsr_zifencei_multilib_b_ext-win/bin/../lib/gcc/riscv32-unknown-elf/13.2.0/rv32imafc_zicsr_zifencei_zba_zbb_zbc_zbs/ilp32f\libgcc.a(ledf2.o)
                0x80004a1a                __ledf2
                0x80004a1a                __ltdf2
 .text          0x80004abc      0x568 D:/sdk_env_v1.12.1/toolchains/rv32imac_zicsr_zifencei_multilib_b_ext-win/bin/../lib/gcc/riscv32-unknown-elf/13.2.0/rv32imafc_zicsr_zifencei_zba_zbb_zbc_zbs/ilp32f\libgcc.a(muldf3.o)
                0x80004abc                __muldf3
 .text          0x80005024      0x86a D:/sdk_env_v1.12.1/toolchains/rv32imac_zicsr_zifencei_multilib_b_ext-win/bin/../lib/gcc/riscv32-unknown-elf/13.2.0/rv32imafc_zicsr_zifencei_zba_zbb_zbc_zbs/ilp32f\libgcc.a(subdf3.o)
                0x80005024                __subdf3
 .text          0x8000588e       0xc2 D:/sdk_env_v1.12.1/toolchains/rv32imac_zicsr_zifencei_multilib_b_ext-win/bin/../lib/gcc/riscv32-unknown-elf/13.2.0/rv32imafc_zicsr_zifencei_zba_zbb_zbc_zbs/ilp32f\libgcc.a(fixdfsi.o)
                0x8000588e                __fixdfsi
 .text          0x80005950       0x96 D:/sdk_env_v1.12.1/toolchains/rv32imac_zicsr_zifencei_multilib_b_ext-win/bin/../lib/gcc/riscv32-unknown-elf/13.2.0/rv32imafc_zicsr_zifencei_zba_zbb_zbc_zbs/ilp32f\libgcc.a(fixunsdfsi.o)
                0x80005950                __fixunsdfsi
 .text          0x800059e6       0x54 D:/sdk_env_v1.12.1/toolchains/rv32imac_zicsr_zifencei_multilib_b_ext-win/bin/../lib/gcc/riscv32-unknown-elf/13.2.0/rv32imafc_zicsr_zifencei_zba_zbb_zbc_zbs/ilp32f\libgcc.a(floatsidf.o)
                0x800059e6                __floatsidf
 .text          0x80005a3a       0x42 D:/sdk_env_v1.12.1/toolchains/rv32imac_zicsr_zifencei_multilib_b_ext-win/bin/../lib/gcc/riscv32-unknown-elf/13.2.0/rv32imafc_zicsr_zifencei_zba_zbb_zbc_zbs/ilp32f\libgcc.a(floatunsidf.o)
                0x80005a3a                __floatunsidf
 .text          0x80005a7c       0xa6 D:/sdk_env_v1.12.1/toolchains/rv32imac_zicsr_zifencei_multilib_b_ext-win/bin/../lib/gcc/riscv32-unknown-elf/13.2.0/rv32imafc_zicsr_zifencei_zba_zbb_zbc_zbs/ilp32f\libgcc.a(extendsfdf2.o)
                0x80005a7c                __extendsfdf2
 .text          0x80005b22      0x200 D:/sdk_env_v1.12.1/toolchains/rv32imac_zicsr_zifencei_multilib_b_ext-win/bin/../lib/gcc/riscv32-unknown-elf/13.2.0/rv32imafc_zicsr_zifencei_zba_zbb_zbc_zbs/ilp32f\libgcc.a(truncdfsf2.o)
                0x80005b22                __truncdfsf2
 .text          0x80005d22       0x16 D:/sdk_env_v1.12.1/toolchains/rv32imac_zicsr_zifencei_multilib_b_ext-win/bin/../lib/gcc/riscv32-unknown-elf/13.2.0/../../../../riscv32-unknown-elf/lib/rv32imafc_zicsr_zifencei_zba_zbb_zbc_zbs/ilp32f\libg_nano.a(lib_a-memcpy-asm.o)
                0x80005d22                memcpy
 .text          0x80005d38       0x10 D:/sdk_env_v1.12.1/toolchains/rv32imac_zicsr_zifencei_multilib_b_ext-win/bin/../lib/gcc/riscv32-unknown-elf/13.2.0/../../../../riscv32-unknown-elf/lib/rv32imafc_zicsr_zifencei_zba_zbb_zbc_zbs/ilp32f\libg_nano.a(lib_a-memset.o)
                0x80005d38                memset
 .text          0x80005d48       0x26 D:/sdk_env_v1.12.1/toolchains/rv32imac_zicsr_zifencei_multilib_b_ext-win/bin/../lib/gcc/riscv32-unknown-elf/13.2.0/../../../../riscv32-unknown-elf/lib/rv32imafc_zicsr_zifencei_zba_zbb_zbc_zbs/ilp32f\libg_nano.a(lib_a-memmove.o)
                0x80005d48                memmove
 .text          0x80005d6e       0xac D:/sdk_env_v1.12.1/toolchains/rv32imac_zicsr_zifencei_multilib_b_ext-win/bin/../lib/gcc/riscv32-unknown-elf/13.2.0/rv32imafc_zicsr_zifencei_zba_zbb_zbc_zbs/ilp32f\libgcc.a(eqdf2.o)
                0x80005d6e                __nedf2
                0x80005d6e                __eqdf2
 .text          0x80005e1a       0x7a D:/sdk_env_v1.12.1/toolchains/rv32imac_zicsr_zifencei_multilib_b_ext-win/bin/../lib/gcc/riscv32-unknown-elf/13.2.0/rv32imafc_zicsr_zifencei_zba_zbb_zbc_zbs/ilp32f\libgcc.a(unorddf2.o)
                0x80005e1a                __unorddf2
 .text          0x80005e94       0xf6 D:/sdk_env_v1.12.1/toolchains/rv32imac_zicsr_zifencei_multilib_b_ext-win/bin/../lib/gcc/riscv32-unknown-elf/13.2.0/rv32imafc_zicsr_zifencei_zba_zbb_zbc_zbs/ilp32f\libgcc.a(fixdfdi.o)
                0x80005e94                __fixdfdi
 .text          0x80005f8a      0x192 D:/sdk_env_v1.12.1/toolchains/rv32imac_zicsr_zifencei_multilib_b_ext-win/bin/../lib/gcc/riscv32-unknown-elf/13.2.0/rv32imafc_zicsr_zifencei_zba_zbb_zbc_zbs/ilp32f\libgcc.a(floatdidf.o)
                0x80005f8a                __floatdidf
 .text          0x8000611c      0x176 D:/sdk_env_v1.12.1/toolchains/rv32imac_zicsr_zifencei_multilib_b_ext-win/bin/../lib/gcc/riscv32-unknown-elf/13.2.0/rv32imafc_zicsr_zifencei_zba_zbb_zbc_zbs/ilp32f\libgcc.a(extenddftf2.o)
                0x8000611c                __extenddftf2
 .text          0x80006292      0x358 D:/sdk_env_v1.12.1/toolchains/rv32imac_zicsr_zifencei_multilib_b_ext-win/bin/../lib/gcc/riscv32-unknown-elf/13.2.0/rv32imafc_zicsr_zifencei_zba_zbb_zbc_zbs/ilp32f\libgcc.a(trunctfdf2.o)
                0x80006292                __trunctfdf2
 .text          0x800065ea       0x28 D:/sdk_env_v1.12.1/toolchains/rv32imac_zicsr_zifencei_multilib_b_ext-win/bin/../lib/gcc/riscv32-unknown-elf/13.2.0/rv32imafc_zicsr_zifencei_zba_zbb_zbc_zbs/ilp32f\libgcc.a(_lshrdi3.o)
                0x800065ea                __lshrdi3
 .text          0x80006612       0x28 D:/sdk_env_v1.12.1/toolchains/rv32imac_zicsr_zifencei_multilib_b_ext-win/bin/../lib/gcc/riscv32-unknown-elf/13.2.0/rv32imafc_zicsr_zifencei_zba_zbb_zbc_zbs/ilp32f\libgcc.a(_ashldi3.o)
                0x80006612                __ashldi3
 *(.text*)
 .text.bsp_init
                0x8000663a       0x24 CMakeFiles/app.dir/src/hal/hal_bsp.c.obj
                0x8000663a                bsp_init
 .text.mcl_user_delay_us
                0x8000665e       0x18 CMakeFiles/app.dir/src/hal/hal_bsp.c.obj
                0x8000665e                mcl_user_delay_us
 .text.spi1_config
                0x80006676       0xa2 CMakeFiles/app.dir/src/driver/drv_spi.c.obj
                0x80006676                spi1_config
 .text.core_local_mem_to_sys_address
                0x80006718       0x12 CMakeFiles/app.dir/src/driver/drv_pwm.c.obj
 .text.pwm_deinit
                0x8000672a       0xc4 CMakeFiles/app.dir/src/driver/drv_pwm.c.obj
 .text.pwm_issue_shadow_register_lock_event
                0x800067ee       0x24 CMakeFiles/app.dir/src/driver/drv_pwm.c.obj
 .text.pwm_shadow_register_unlock
                0x80006812       0x16 CMakeFiles/app.dir/src/driver/drv_pwm.c.obj
 .text.pwm_set_start_count
                0x80006828       0x2e CMakeFiles/app.dir/src/driver/drv_pwm.c.obj
 .text.pwm_set_reload
                0x80006856       0x36 CMakeFiles/app.dir/src/driver/drv_pwm.c.obj
 .text.pwm_clear_status
                0x8000688c       0x14 CMakeFiles/app.dir/src/driver/drv_pwm.c.obj
 .text.pwm_get_status
                0x800068a0       0x10 CMakeFiles/app.dir/src/driver/drv_pwm.c.obj
 .text.pwm_config_cmp
                0x800068b0       0xb4 CMakeFiles/app.dir/src/driver/drv_pwm.c.obj
 .text.pwm_config_output_channel
                0x80006964       0x54 CMakeFiles/app.dir/src/driver/drv_pwm.c.obj
 .text.pwm_config_fault_source
                0x800069b8       0x74 CMakeFiles/app.dir/src/driver/drv_pwm.c.obj
 .text.pwm_clear_fault
                0x80006a2c       0x2a CMakeFiles/app.dir/src/driver/drv_pwm.c.obj
 .text.pwm_stop_counter
                0x80006a56       0x1a CMakeFiles/app.dir/src/driver/drv_pwm.c.obj
 .text.pwm_start_counter
                0x80006a70       0x1a CMakeFiles/app.dir/src/driver/drv_pwm.c.obj
 .text.pwm_enable_sw_force
                0x80006a8a       0x1a CMakeFiles/app.dir/src/driver/drv_pwm.c.obj
 .text.pwm_disable_sw_force
                0x80006aa4       0x1a CMakeFiles/app.dir/src/driver/drv_pwm.c.obj
 .text.pwm_enable_reload_at_synci
                0x80006abe       0x1a CMakeFiles/app.dir/src/driver/drv_pwm.c.obj
 .text.pwm_set_force_output
                0x80006ad8       0x18 CMakeFiles/app.dir/src/driver/drv_pwm.c.obj
 .text.pwm_config_force_cmd_timing
                0x80006af0       0x26 CMakeFiles/app.dir/src/driver/drv_pwm.c.obj
 .text.pwm_enable_pwm_sw_force_output
                0x80006b16       0x36 CMakeFiles/app.dir/src/driver/drv_pwm.c.obj
 .text.trgm_output_config
                0x80006b4c       0x54 CMakeFiles/app.dir/src/driver/drv_pwm.c.obj
 .text.trgm_dma_request_config
                0x80006ba0       0x36 CMakeFiles/app.dir/src/driver/drv_pwm.c.obj
 .text.dma_set_infinite_loop_mode
                0x80006bd6       0x3a CMakeFiles/app.dir/src/driver/drv_pwm.c.obj
 .text.dma_set_handshake_option
                0x80006c10       0x42 CMakeFiles/app.dir/src/driver/drv_pwm.c.obj
 .text.dmamux_config
                0x80006c52       0x3c CMakeFiles/app.dir/src/driver/drv_pwm.c.obj
 .text.pwm_duty_set
                0x80006c8e       0xd8 CMakeFiles/app.dir/src/driver/drv_pwm.c.obj
                0x80006c8e                pwm_duty_set
 .text.enable_all_pwm_output
                0x80006d66       0x1a CMakeFiles/app.dir/src/driver/drv_pwm.c.obj
                0x80006d66                enable_all_pwm_output
 .text.disable_all_pwm_output
                0x80006d80       0x58 CMakeFiles/app.dir/src/driver/drv_pwm.c.obj
                0x80006d80                disable_all_pwm_output
 .text.pwm_init
                0x80006dd8      0x328 CMakeFiles/app.dir/src/driver/drv_pwm.c.obj
                0x80006dd8                pwm_init
 .text.pwm_output_is_enabled
                0x80007100       0x14 CMakeFiles/app.dir/src/driver/drv_pwm.c.obj
                0x80007100                pwm_output_is_enabled
 .text.pwm_fault_is_latched
                0x80007114       0x24 CMakeFiles/app.dir/src/driver/drv_pwm.c.obj
                0x80007114                pwm_fault_is_latched
 .text.pwm_fault_clear
                0x80007138       0x20 CMakeFiles/app.dir/src/driver/drv_pwm.c.obj
                0x80007138                pwm_fault_clear
 .text.core_local_mem_to_sys_address
                0x80007158       0x12 CMakeFiles/app.dir/src/driver/drv_adc.c.obj
 .text.trgm_output_config
                0x8000716a       0x54 CMakeFiles/app.dir/src/driver/drv_adc.c.obj
 .text.init_trigger_mux
                0x800071be       0x28 CMakeFiles/app.dir/src/driver/drv_adc.c.obj
                0x800071be                init_trigger_mux
 .text.init_trigger_cfg
                0x800071e6       0x74 CMakeFiles/app.dir/src/driver/drv_adc.c.obj
                0x800071e6                init_trigger_cfg
 .text.adc_init
                0x8000725a       0xfa CMakeFiles/app.dir/src/driver/drv_adc.c.obj
                0x8000725a                adc_init
 .text.adc_isr_enable
                0x80007354       0x9e CMakeFiles/app.dir/src/driver/drv_adc.c.obj
                0x80007354                adc_isr_enable
 .text.motor_adc_midpoint
                0x800073f2      0x152 CMakeFiles/app.dir/src/driver/drv_adc.c.obj
                0x800073f2                motor_adc_midpoint
 .text.gptmr_enable_irq
                0x80007544       0x1c CMakeFiles/app.dir/src/driver/drv_timer.c.obj
 .text.gptmr_check_status
                0x80007560       0x24 CMakeFiles/app.dir/src/driver/drv_timer.c.obj
 .text.gptmr_clear_status
                0x80007584       0x14 CMakeFiles/app.dir/src/driver/drv_timer.c.obj
 .text.timer_init
                0x80007598       0xd4 CMakeFiles/app.dir/src/driver/drv_timer.c.obj
                0x80007598                timer_init
 .text.hpm_csr_get_core_cycle
                0x8000766c       0x7a CMakeFiles/app.dir/src/driver/drv_flash.c.obj
 .text.rom_xpi_nor_get_property
                0x800076e6       0x2c CMakeFiles/app.dir/src/driver/drv_flash.c.obj
 .text.flash_option_fill
                0x80007712       0x20 CMakeFiles/app.dir/src/driver/drv_flash.c.obj
 .text.theta_to_bits
                0x80007732       0x10 CMakeFiles/app.dir/src/driver/drv_flash.c.obj
 .text.calib_checksum
                0x80007742       0x32 CMakeFiles/app.dir/src/driver/drv_flash.c.obj
 .text.drv_flash_read_calib
                0x80007774       0x82 CMakeFiles/app.dir/src/driver/drv_flash.c.obj
                0x80007774                drv_flash_read_calib
 .text.drv_flash_init
                0x800077f6       0xa2 CMakeFiles/app.dir/src/driver/drv_flash.c.obj
                0x800077f6                drv_flash_init
 .text.drv_flash_write_calib
                0x80007898       0xa4 CMakeFiles/app.dir/src/driver/drv_flash.c.obj
                0x80007898                drv_flash_write_calib
 .text.drv_flash_load_theta
                0x8000793c       0x9e CMakeFiles/app.dir/src/driver/drv_flash.c.obj
                0x8000793c                drv_flash_load_theta
 .text.mt6835_read_byte
                0x800079da       0x8c CMakeFiles/app.dir/src/sensor/mt6835.c.obj
                0x800079da                mt6835_read_byte
 .text.mt6835_read_angle_seq3
                0x80007a66       0xa2 CMakeFiles/app.dir/src/sensor/mt6835.c.obj
                0x80007a66                mt6835_read_angle_seq3
 .text.mt6835_seq3_init
                0x80007b08      0x156 CMakeFiles/app.dir/src/sensor/mt6835.c.obj
                0x80007b08                mt6835_seq3_init
 .text.encoder_start_sample
                0x80007c5e        0x6 CMakeFiles/app.dir/src/sensor/sens_encoder.c.obj
                0x80007c5e                encoder_start_sample
 .text.encoder_get_theta
                0x80007c64      0x13e CMakeFiles/app.dir/src/sensor/sens_encoder.c.obj
                0x80007c64                encoder_get_theta
 .text.encoder_abs_rebase
                0x80007da2       0x18 CMakeFiles/app.dir/src/sensor/sens_encoder.c.obj
                0x80007da2                encoder_abs_rebase
 .text.encoder_get_abs_theta
                0x80007dba       0xe2 CMakeFiles/app.dir/src/sensor/sens_encoder.c.obj
                0x80007dba                encoder_get_abs_theta
 .text.analog_update_sample_location
                0x80007e9c        0xe CMakeFiles/app.dir/src/sensor/sens_analog.c.obj
                0x80007e9c                analog_update_sample_location
 .text.adc_value_get
                0x80007eaa       0xa0 CMakeFiles/app.dir/src/sensor/sens_analog.c.obj
                0x80007eaa                adc_value_get
 .text.read_vbus
                0x80007f4a       0xb0 CMakeFiles/app.dir/src/sensor/sens_analog.c.obj
                0x80007f4a                read_vbus
 .text.hpm_mcl_enable_dead_area_compensation
                0x80007ffa       0x3e CMakeFiles/app.dir/src/motor/motor.c.obj
 .text.hpm_mcl_enable_dq_axis_decoupling
                0x80008038       0x3e CMakeFiles/app.dir/src/motor/motor.c.obj
 .text.motor0_fault_process
                0x80008076       0x82 CMakeFiles/app.dir/src/motor/motor.c.obj
 .text.motor0_control_init
                0x800080f8        0x4 CMakeFiles/app.dir/src/motor/motor.c.obj
                0x800080f8                motor0_control_init
 .text.motor_init
                0x800080fc      0x8f8 CMakeFiles/app.dir/src/motor/motor.c.obj
                0x800080fc                motor_init
 .text.motor_set_loop_mode
                0x800089f4       0x6e CMakeFiles/app.dir/src/motor/motor.c.obj
                0x800089f4                motor_set_loop_mode
 .text.motor_angle_align
                0x80008a62       0x5c CMakeFiles/app.dir/src/motor/motor.c.obj
                0x80008a62                motor_angle_align
 .text.position_loop_pre
                0x80008abe       0xb2 CMakeFiles/app.dir/src/control/ctrl_foc.c.obj
 .text.position_loop_post
                0x80008b70       0xdc CMakeFiles/app.dir/src/control/ctrl_foc.c.obj
 .text.exception_handler
                0x80008c4c       0x26 CMakeFiles/app.dir/src/debug/dbg_probe.c.obj
                0x80008c4c                exception_handler
 .text.dbg_probe_keep
                0x80008c72      0x2c0 CMakeFiles/app.dir/src/debug/dbg_probe.c.obj
                0x80008c72                dbg_probe_keep
 .text.app_monitor_update
                0x80008f32       0xbe CMakeFiles/app.dir/src/app/app_monitor.c.obj
                0x80008f32                app_monitor_update
 .text.hpm_mcl_loop_enable
                0x80008ff0       0x12 CMakeFiles/app.dir/src/app/app_keeper.c.obj
 .text.hpm_mcl_loop_disable
                0x80009002       0x10 CMakeFiles/app.dir/src/app/app_keeper.c.obj
 .text.s_budget_left
                0x80009012       0x10 CMakeFiles/app.dir/src/app/app_keeper.c.obj
 .text.s_safe_to_recover
                0x80009022       0x64 CMakeFiles/app.dir/src/app/app_keeper.c.obj
 .text.app_keeper_update
                0x80009086      0x19c CMakeFiles/app.dir/src/app/app_keeper.c.obj
                0x80009086                app_keeper_update
 .text.hpm_mcl_loop_enable
                0x80009222       0x12 CMakeFiles/app.dir/src/app/main.c.obj
 .text.hpm_mcl_loop_disable
                0x80009234       0x10 CMakeFiles/app.dir/src/app/main.c.obj
 .text.main     0x80009244      0x1d0 CMakeFiles/app.dir/src/app/main.c.obj
                0x80009244                main
 .text.__libc_init_array
                0x80009414       0x6e lib/libhpm_sdk_gcc_startup_lib.a(initfini.c.obj)
                0x80009414                __libc_init_array
 .text._clean_up
                0x80009482       0xaa lib/libhpm_sdk_gcc_lib.a(reset.c.obj)
                0x80009482                _clean_up
 .text.section_clear
                0x8000952c       0x92 lib/libhpm_sdk_gcc_lib.a(reset.c.obj)
 .text.section_copy
                0x800095be       0xca lib/libhpm_sdk_gcc_lib.a(reset.c.obj)
 .text.c_startup
                0x80009688       0xae lib/libhpm_sdk_gcc_lib.a(reset.c.obj)
                0x80009688                c_startup
 .text.reset_handler
                0x80009736       0x18 lib/libhpm_sdk_gcc_lib.a(reset.c.obj)
                0x80009736                reset_handler
 .text._init    0x8000974e        0x4 lib/libhpm_sdk_gcc_lib.a(reset.c.obj)
                0x8000974e                _init
 .text.mchtmr_isr
                0x80009752        0x4 lib/libhpm_sdk_gcc_lib.a(trap.c.obj)
                0x80009752                mchtmr_isr
 .text.swi_isr  0x80009756        0x4 lib/libhpm_sdk_gcc_lib.a(trap.c.obj)
                0x80009756                swi_isr
 .text.syscall_handler
                0x8000975a       0x12 lib/libhpm_sdk_gcc_lib.a(trap.c.obj)
                0x8000975a                syscall_handler
 .text.l1c_dc_enable
                0x8000976c       0x34 lib/libhpm_sdk_lib.a(hpm_l1c_drv.c.obj)
                0x8000976c                l1c_dc_enable
 .text.l1c_ic_enable
                0x800097a0       0x2e lib/libhpm_sdk_lib.a(hpm_l1c_drv.c.obj)
                0x800097a0                l1c_ic_enable
 .text.l1c_dc_invalidate_all
                0x800097ce       0x18 lib/libhpm_sdk_lib.a(hpm_l1c_drv.c.obj)
                0x800097ce                l1c_dc_invalidate_all
 .text.l1c_dc_enable_writearound
                0x800097e6        0xa lib/libhpm_sdk_lib.a(hpm_l1c_drv.c.obj)
                0x800097e6                l1c_dc_enable_writearound
 .text.init_py_pins_as_pgpio
                0x800097f0       0x4c lib/libhpm_sdk_lib.a(pinmux.c.obj)
                0x800097f0                init_py_pins_as_pgpio
 .text.init_uart0_pins
                0x8000983c       0x14 lib/libhpm_sdk_lib.a(pinmux.c.obj)
                0x8000983c                init_uart0_pins
 .text.init_uart2_pins
                0x80009850       0x22 lib/libhpm_sdk_lib.a(pinmux.c.obj)
                0x80009850                init_uart2_pins
 .text.init_uart3_pins
                0x80009872       0x14 lib/libhpm_sdk_lib.a(pinmux.c.obj)
                0x80009872                init_uart3_pins
 .text.init_spi1_pins
                0x80009886       0x78 lib/libhpm_sdk_lib.a(pinmux.c.obj)
                0x80009886                init_spi1_pins
 .text.init_pwm0_pins
                0x800098fe       0x40 lib/libhpm_sdk_lib.a(pinmux.c.obj)
                0x800098fe                init_pwm0_pins
 .text.init_pwm1_pins
                0x8000993e       0x6c lib/libhpm_sdk_lib.a(pinmux.c.obj)
                0x8000993e                init_pwm1_pins
 .text.init_adc_bldc_pins
                0x800099aa       0x28 lib/libhpm_sdk_lib.a(pinmux.c.obj)
                0x800099aa                init_adc_bldc_pins
 .text.sysctl_resource_any_is_busy
                0x800099d2       0x1c lib/libhpm_sdk_lib.a(board.c.obj)
 .text.sysctl_resource_target_is_busy
                0x800099ee       0x24 lib/libhpm_sdk_lib.a(board.c.obj)
 .text.sysctl_resource_target_set_mode
                0x80009a12       0x2e lib/libhpm_sdk_lib.a(board.c.obj)
 .text.sysctl_resource_target_get_mode
                0x80009a40       0x20 lib/libhpm_sdk_lib.a(board.c.obj)
 .text.sysctl_clock_set_preset
                0x80009a60       0x28 lib/libhpm_sdk_lib.a(board.c.obj)
 .text.gptmr_check_status
                0x80009a88       0x24 lib/libhpm_sdk_lib.a(board.c.obj)
 .text.gptmr_clear_status
                0x80009aac       0x14 lib/libhpm_sdk_lib.a(board.c.obj)
 .text.usb_phy_disable_dp_dm_pulldown
                0x80009ac0       0x20 lib/libhpm_sdk_lib.a(board.c.obj)
 .text.pllctlv2_xtal_is_stable
                0x80009ae0       0x36 lib/libhpm_sdk_lib.a(board.c.obj)
 .text.pllctlv2_xtal_is_enabled
                0x80009b16       0x1c lib/libhpm_sdk_lib.a(board.c.obj)
 .text.pllctlv2_xtal_set_rampup_time
                0x80009b32       0x26 lib/libhpm_sdk_lib.a(board.c.obj)
 .text.board_init_console
                0x80009b58       0x42 lib/libhpm_sdk_lib.a(board.c.obj)
                0x80009b58                board_init_console
 .text.board_init
                0x80009b9a       0x1a lib/libhpm_sdk_lib.a(board.c.obj)
                0x80009b9a                board_init
 .text.board_init_usb_dp_dm_pins
                0x80009bb4       0xc6 lib/libhpm_sdk_lib.a(board.c.obj)
                0x80009bb4                board_init_usb_dp_dm_pins
 .text.board_init_clock
                0x80009c7a       0x66 lib/libhpm_sdk_lib.a(board.c.obj)
                0x80009c7a                board_init_clock
 .text.board_delay_us
                0x80009ce0       0x14 lib/libhpm_sdk_lib.a(board.c.obj)
                0x80009ce0                board_delay_us
 .text.board_delay_ms
                0x80009cf4       0x14 lib/libhpm_sdk_lib.a(board.c.obj)
                0x80009cf4                board_delay_ms
 .text.board_init_adc_clock
                0x80009d08       0x5e lib/libhpm_sdk_lib.a(board.c.obj)
                0x80009d08                board_init_adc_clock
 .text.board_init_pmp
                0x80009d66        0x4 lib/libhpm_sdk_lib.a(board.c.obj)
                0x80009d66                board_init_pmp
 .text.init_uart_pins
                0x80009d6a       0x3c lib/libhpm_sdk_lib.a(board.c.obj)
                0x80009d6a                init_uart_pins
 .text.init_pwm_pins
                0x80009da6       0x2a lib/libhpm_sdk_lib.a(board.c.obj)
                0x80009da6                init_pwm_pins
 .text.init_board_clock
                0x80009dd0       0x92 lib/libhpm_sdk_lib.a(clock.c.obj)
                0x80009dd0                init_board_clock
 .text.init_board_clock_source
                0x80009e62       0x50 lib/libhpm_sdk_lib.a(clock.c.obj)
                0x80009e62                init_board_clock_source
 .text.init_uart0_clock
                0x80009eb2       0x1a lib/libhpm_sdk_lib.a(clock.c.obj)
                0x80009eb2                init_uart0_clock
 .text.init_spi1_clock
                0x80009ecc       0x1a lib/libhpm_sdk_lib.a(clock.c.obj)
                0x80009ecc                init_spi1_clock
 .text.init_adc0_bus_clock
                0x80009ee6       0x36 lib/libhpm_sdk_lib.a(clock.c.obj)
                0x80009ee6                init_adc0_bus_clock
 .text.init_adc0_analog_clock
                0x80009f1c       0x36 lib/libhpm_sdk_lib.a(clock.c.obj)
                0x80009f1c                init_adc0_analog_clock
 .text.init_adc1_bus_clock
                0x80009f52       0x36 lib/libhpm_sdk_lib.a(clock.c.obj)
                0x80009f52                init_adc1_bus_clock
 .text.init_adc1_analog_clock
                0x80009f88       0x34 lib/libhpm_sdk_lib.a(clock.c.obj)
                0x80009f88                init_adc1_analog_clock
 .text.init_usb0_clock
                0x80009fbc       0x1a lib/libhpm_sdk_lib.a(clock.c.obj)
                0x80009fbc                init_usb0_clock
 .text.enable_plic_feature
                0x80009fd6       0x2c lib/libhpm_sdk_lib.a(system.c.obj)
                0x80009fd6                enable_plic_feature
 .text.system_init
                0x8000a002       0x56 lib/libhpm_sdk_lib.a(system.c.obj)
                0x8000a002                system_init
 .text.sysctl_resource_target_is_busy
                0x8000a058       0x24 lib/libhpm_sdk_lib.a(hpm_sysctl_drv.c.obj)
 .text.sysctl_cpu_clock_any_is_busy
                0x8000a07c       0x22 lib/libhpm_sdk_lib.a(hpm_sysctl_drv.c.obj)
 .text.sysctl_clock_target_is_busy
                0x8000a09e       0x28 lib/libhpm_sdk_lib.a(hpm_sysctl_drv.c.obj)
 .text.sysctl_enable_group_resource
                0x8000a0c6       0x9e lib/libhpm_sdk_lib.a(hpm_sysctl_drv.c.obj)
                0x8000a0c6                sysctl_enable_group_resource
 .text.sysctl_check_group_resource_enable
                0x8000a164       0x52 lib/libhpm_sdk_lib.a(hpm_sysctl_drv.c.obj)
                0x8000a164                sysctl_check_group_resource_enable
 .text.sysctl_config_clock
                0x8000a1b6       0x72 lib/libhpm_sdk_lib.a(hpm_sysctl_drv.c.obj)
                0x8000a1b6                sysctl_config_clock
 .text.sysctl_config_cpu0_domain_clock
                0x8000a228       0xae lib/libhpm_sdk_lib.a(hpm_sysctl_drv.c.obj)
                0x8000a228                sysctl_config_cpu0_domain_clock
 .text.hpm_csr_get_core_cycle
                0x8000a2d6       0x7a lib/libhpm_sdk_lib.a(hpm_clock_drv.c.obj)
 .text.clock_get_frequency
                0x8000a350       0x8c lib/libhpm_sdk_lib.a(hpm_clock_drv.c.obj)
                0x8000a350                clock_get_frequency
 .text.get_frequency_for_source
                0x8000a3dc       0xae lib/libhpm_sdk_lib.a(hpm_clock_drv.c.obj)
                0x8000a3dc                get_frequency_for_source
 .text.get_frequency_for_ip_in_common_group
                0x8000a48a       0x66 lib/libhpm_sdk_lib.a(hpm_clock_drv.c.obj)
 .text.get_frequency_for_adc
                0x8000a4f0       0x86 lib/libhpm_sdk_lib.a(hpm_clock_drv.c.obj)
 .text.get_frequency_for_dac
                0x8000a576       0x80 lib/libhpm_sdk_lib.a(hpm_clock_drv.c.obj)
 .text.get_frequency_for_ewdg
                0x8000a5f6       0x34 lib/libhpm_sdk_lib.a(hpm_clock_drv.c.obj)
 .text.get_frequency_for_pewdg
                0x8000a62a       0x28 lib/libhpm_sdk_lib.a(hpm_clock_drv.c.obj)
 .text.get_frequency_for_cpu
                0x8000a652       0x40 lib/libhpm_sdk_lib.a(hpm_clock_drv.c.obj)
 .text.get_frequency_for_ahb
                0x8000a692       0x2c lib/libhpm_sdk_lib.a(hpm_clock_drv.c.obj)
 .text.clock_set_adc_source
                0x8000a6be       0x88 lib/libhpm_sdk_lib.a(hpm_clock_drv.c.obj)
                0x8000a6be                clock_set_adc_source
 .text.clock_set_source_divider
                0x8000a746       0xe8 lib/libhpm_sdk_lib.a(hpm_clock_drv.c.obj)
                0x8000a746                clock_set_source_divider
 .text.clock_add_to_group
                0x8000a82e       0x34 lib/libhpm_sdk_lib.a(hpm_clock_drv.c.obj)
                0x8000a82e                clock_add_to_group
 .text.clock_remove_from_group
                0x8000a862       0x34 lib/libhpm_sdk_lib.a(hpm_clock_drv.c.obj)
                0x8000a862                clock_remove_from_group
 .text.clock_check_in_group
                0x8000a896       0x2a lib/libhpm_sdk_lib.a(hpm_clock_drv.c.obj)
                0x8000a896                clock_check_in_group
 .text.clock_connect_group_to_cpu
                0x8000a8c0       0x28 lib/libhpm_sdk_lib.a(hpm_clock_drv.c.obj)
                0x8000a8c0                clock_connect_group_to_cpu
 .text.clock_get_core_clock_ticks_per_us
                0x8000a8e8       0x2e lib/libhpm_sdk_lib.a(hpm_clock_drv.c.obj)
                0x8000a8e8                clock_get_core_clock_ticks_per_us
 .text.clock_get_core_clock_ticks_per_ms
                0x8000a916       0x24 lib/libhpm_sdk_lib.a(hpm_clock_drv.c.obj)
                0x8000a916                clock_get_core_clock_ticks_per_ms
 .text.clock_cpu_delay_us
                0x8000a93a       0x96 lib/libhpm_sdk_lib.a(hpm_clock_drv.c.obj)
                0x8000a93a                clock_cpu_delay_us
 .text.clock_cpu_delay_ms
                0x8000a9d0       0x96 lib/libhpm_sdk_lib.a(hpm_clock_drv.c.obj)
                0x8000a9d0                clock_cpu_delay_ms
 .text.clock_update_core_clock
                0x8000aa66       0x1c lib/libhpm_sdk_lib.a(hpm_clock_drv.c.obj)
                0x8000aa66                clock_update_core_clock
 .text.uart_modem_config
                0x8000aa82       0x3c lib/libhpm_sdk_lib.a(hpm_uart_drv.c.obj)
 .text.uart_disable_irq
                0x8000aabe       0x1c lib/libhpm_sdk_lib.a(hpm_uart_drv.c.obj)
 .text.uart_enable_irq
                0x8000aada       0x18 lib/libhpm_sdk_lib.a(hpm_uart_drv.c.obj)
 .text.uart_default_config
                0x8000aaf2       0x94 lib/libhpm_sdk_lib.a(hpm_uart_drv.c.obj)
                0x8000aaf2                uart_default_config
 .text.uart_calculate_baudrate
                0x8000ab86      0x25c lib/libhpm_sdk_lib.a(hpm_uart_drv.c.obj)
 .text.uart_init
                0x8000ade2      0x1ce lib/libhpm_sdk_lib.a(hpm_uart_drv.c.obj)
                0x8000ade2                uart_init
 .text.uart_send_byte
                0x8000afb0       0x4e lib/libhpm_sdk_lib.a(hpm_uart_drv.c.obj)
                0x8000afb0                uart_send_byte
 .text.uart_flush
                0x8000affe       0x40 lib/libhpm_sdk_lib.a(hpm_uart_drv.c.obj)
                0x8000affe                uart_flush
 .text.uart_receive_byte
                0x8000b03e       0x4e lib/libhpm_sdk_lib.a(hpm_uart_drv.c.obj)
                0x8000b03e                uart_receive_byte
 .text.uart_init_rxline_idle_detection
                0x8000b08c       0x60 lib/libhpm_sdk_lib.a(hpm_uart_drv.c.obj)
                0x8000b08c                uart_init_rxline_idle_detection
 .text.uart_init_txline_idle_detection
                0x8000b0ec       0x76 lib/libhpm_sdk_lib.a(hpm_uart_drv.c.obj)
                0x8000b0ec                uart_init_txline_idle_detection
 .text.spi_get_data_length_in_bits
                0x8000b162       0x20 lib/libhpm_sdk_lib.a(hpm_spi_drv.c.obj)
 .text.spi_get_data_length_in_bytes
                0x8000b182       0x1e lib/libhpm_sdk_lib.a(hpm_spi_drv.c.obj)
 .text.spi_is_active
                0x8000b1a0       0x1a lib/libhpm_sdk_lib.a(hpm_spi_drv.c.obj)
 .text.spi_get_rx_fifo_valid_data_size
                0x8000b1ba       0x34 lib/libhpm_sdk_lib.a(hpm_spi_drv.c.obj)
 .text.spi_wait_for_idle_status
                0x8000b1ee       0x40 lib/libhpm_sdk_lib.a(hpm_spi_drv.c.obj)
                0x8000b1ee                spi_wait_for_idle_status
 .text.spi_poll_reset_complete
                0x8000b22e       0x3a lib/libhpm_sdk_lib.a(hpm_spi_drv.c.obj)
                0x8000b22e                spi_poll_reset_complete
 .text.spi_write_command
                0x8000b268       0x3c lib/libhpm_sdk_lib.a(hpm_spi_drv.c.obj)
                0x8000b268                spi_write_command
 .text.spi_read_command
                0x8000b2a4       0x40 lib/libhpm_sdk_lib.a(hpm_spi_drv.c.obj)
                0x8000b2a4                spi_read_command
 .text.spi_write_address
                0x8000b2e4       0x2e lib/libhpm_sdk_lib.a(hpm_spi_drv.c.obj)
                0x8000b2e4                spi_write_address
 .text.spi_write_data
                0x8000b312       0xc6 lib/libhpm_sdk_lib.a(hpm_spi_drv.c.obj)
                0x8000b312                spi_write_data
 .text.spi_read_data
                0x8000b3d8       0xf6 lib/libhpm_sdk_lib.a(hpm_spi_drv.c.obj)
                0x8000b3d8                spi_read_data
 .text.spi_write_read_data
                0x8000b4ce      0x152 lib/libhpm_sdk_lib.a(hpm_spi_drv.c.obj)
                0x8000b4ce                spi_write_read_data
 .text.spi_no_data
                0x8000b620       0x38 lib/libhpm_sdk_lib.a(hpm_spi_drv.c.obj)
 .text.spi_master_get_default_timing_config
                0x8000b658       0x1a lib/libhpm_sdk_lib.a(hpm_spi_drv.c.obj)
                0x8000b658                spi_master_get_default_timing_config
 .text.spi_master_get_default_format_config
                0x8000b672       0x44 lib/libhpm_sdk_lib.a(hpm_spi_drv.c.obj)
                0x8000b672                spi_master_get_default_format_config
 .text.spi_master_get_default_control_config
                0x8000b6b6       0x52 lib/libhpm_sdk_lib.a(hpm_spi_drv.c.obj)
                0x8000b6b6                spi_master_get_default_control_config
 .text.spi_master_timing_init
                0x8000b708       0x9a lib/libhpm_sdk_lib.a(hpm_spi_drv.c.obj)
                0x8000b708                spi_master_timing_init
 .text.spi_format_init
                0x8000b7a2       0x80 lib/libhpm_sdk_lib.a(hpm_spi_drv.c.obj)
                0x8000b7a2                spi_format_init
 .text.spi_control_init
                0x8000b822      0x148 lib/libhpm_sdk_lib.a(hpm_spi_drv.c.obj)
                0x8000b822                spi_control_init
 .text.spi_transfer
                0x8000b96a      0x19c lib/libhpm_sdk_lib.a(hpm_spi_drv.c.obj)
                0x8000b96a                spi_transfer
 .text.gptmr_channel_reset_count
                0x8000bb06       0x4a lib/libhpm_sdk_lib.a(hpm_gptmr_drv.c.obj)
 .text.gptmr_channel_set_capmode
                0x8000bb50       0x36 lib/libhpm_sdk_lib.a(hpm_gptmr_drv.c.obj)
 .text.gptmr_update_cmp
                0x8000bb86       0x42 lib/libhpm_sdk_lib.a(hpm_gptmr_drv.c.obj)
 .text.gptmr_channel_config_update_reload
                0x8000bbc8       0x32 lib/libhpm_sdk_lib.a(hpm_gptmr_drv.c.obj)
 .text.gptmr_channel_enable_monitor
                0x8000bbfa       0x2c lib/libhpm_sdk_lib.a(hpm_gptmr_drv.c.obj)
 .text.gptmr_channel_disable_monitor
                0x8000bc26       0x2e lib/libhpm_sdk_lib.a(hpm_gptmr_drv.c.obj)
 .text.gptmr_channel_set_monitor_type
                0x8000bc54       0x3e lib/libhpm_sdk_lib.a(hpm_gptmr_drv.c.obj)
 .text.gptmr_channel_get_default_config
                0x8000bc92       0x8e lib/libhpm_sdk_lib.a(hpm_gptmr_drv.c.obj)
                0x8000bc92                gptmr_channel_get_default_config
 .text.gptmr_channel_config
                0x8000bd20      0x1a6 lib/libhpm_sdk_lib.a(hpm_gptmr_drv.c.obj)
                0x8000bd20                gptmr_channel_config
 .text.gptmr_channel_get_default_monitor_config
                0x8000bec6       0x1e lib/libhpm_sdk_lib.a(hpm_gptmr_drv.c.obj)
                0x8000bec6                gptmr_channel_get_default_monitor_config
 .text.gptmr_channel_monitor_config
                0x8000bee4       0xb6 lib/libhpm_sdk_lib.a(hpm_gptmr_drv.c.obj)
                0x8000bee4                gptmr_channel_monitor_config
 .text.pwm_issue_shadow_register_lock_event
                0x8000bf9a       0x24 lib/libhpm_sdk_lib.a(hpm_pwm_drv.c.obj)
 .text.pwm_shadow_register_unlock
                0x8000bfbe       0x16 lib/libhpm_sdk_lib.a(hpm_pwm_drv.c.obj)
 .text.pwm_config_cmp
                0x8000bfd4       0xb6 lib/libhpm_sdk_lib.a(hpm_pwm_drv.c.obj)
 .text.pwm_config_output_channel
                0x8000c08a       0x54 lib/libhpm_sdk_lib.a(hpm_pwm_drv.c.obj)
 .text.pwm_config_pwm
                0x8000c0de       0xa2 lib/libhpm_sdk_lib.a(hpm_pwm_drv.c.obj)
 .text.pwm_load_cmp_shadow_on_match
                0x8000c180       0x5c lib/libhpm_sdk_lib.a(hpm_pwm_drv.c.obj)
                0x8000c180                pwm_load_cmp_shadow_on_match
 .text.pwm_get_default_pwm_config
                0x8000c1dc       0x3e lib/libhpm_sdk_lib.a(hpm_pwm_drv.c.obj)
                0x8000c1dc                pwm_get_default_pwm_config
 .text.pwm_get_default_pwm_pair_config
                0x8000c21a       0x26 lib/libhpm_sdk_lib.a(hpm_pwm_drv.c.obj)
                0x8000c21a                pwm_get_default_pwm_pair_config
 .text.pwm_setup_waveform_in_pair
                0x8000c240      0x18e lib/libhpm_sdk_lib.a(hpm_pwm_drv.c.obj)
                0x8000c240                pwm_setup_waveform_in_pair
 .text.pllctlv2_pll_is_stable
                0x8000c3ce       0x40 lib/libhpm_sdk_lib.a(hpm_pllctlv2_drv.c.obj)
 .text.pllctlv2_pll_clk_is_stable
                0x8000c40e       0x4c lib/libhpm_sdk_lib.a(hpm_pllctlv2_drv.c.obj)
 .text.pllctlv2_init_pll_with_freq
                0x8000c45a       0x9e lib/libhpm_sdk_lib.a(hpm_pllctlv2_drv.c.obj)
                0x8000c45a                pllctlv2_init_pll_with_freq
 .text.pllctlv2_set_postdiv
                0x8000c4f8       0x72 lib/libhpm_sdk_lib.a(hpm_pllctlv2_drv.c.obj)
                0x8000c4f8                pllctlv2_set_postdiv
 .text.pllctlv2_get_pll_freq_in_hz
                0x8000c56a      0x13a lib/libhpm_sdk_lib.a(hpm_pllctlv2_drv.c.obj)
                0x8000c56a                pllctlv2_get_pll_freq_in_hz
 .text.pllctlv2_get_pll_postdiv_freq_in_hz
                0x8000c6a4       0x7a lib/libhpm_sdk_lib.a(hpm_pllctlv2_drv.c.obj)
                0x8000c6a4                pllctlv2_get_pll_postdiv_freq_in_hz
 .text.adc16_get_default_config
                0x8000c71e       0x3a lib/libhpm_sdk_lib.a(hpm_adc16_drv.c.obj)
                0x8000c71e                adc16_get_default_config
 .text.adc16_get_channel_default_config
                0x8000c758       0x30 lib/libhpm_sdk_lib.a(hpm_adc16_drv.c.obj)
                0x8000c758                adc16_get_channel_default_config
 .text.adc16_do_calibration
                0x8000c788      0x366 lib/libhpm_sdk_lib.a(hpm_adc16_drv.c.obj)
 .text.adc16_init
                0x8000caee      0x168 lib/libhpm_sdk_lib.a(hpm_adc16_drv.c.obj)
                0x8000caee                adc16_init
 .text.adc16_init_channel
                0x8000cc56       0x80 lib/libhpm_sdk_lib.a(hpm_adc16_drv.c.obj)
                0x8000cc56                adc16_init_channel
 .text.adc16_trigger_pmt_by_sw
                0x8000ccd6       0x20 lib/libhpm_sdk_lib.a(hpm_adc16_drv.c.obj)
                0x8000ccd6                adc16_trigger_pmt_by_sw
 .text.adc16_set_pmt_config
                0x8000ccf6       0xb0 lib/libhpm_sdk_lib.a(hpm_adc16_drv.c.obj)
                0x8000ccf6                adc16_set_pmt_config
 .text.adc16_enable_pmt_queue
                0x8000cda6       0x3c lib/libhpm_sdk_lib.a(hpm_adc16_drv.c.obj)
                0x8000cda6                adc16_enable_pmt_queue
 .text.pcfg_dcdc_is_stable
                0x8000cde2       0x1a lib/libhpm_sdk_lib.a(hpm_pcfg_drv.c.obj)
 .text.pcfg_dcdc_set_voltage
                0x8000cdfc       0x5e lib/libhpm_sdk_lib.a(hpm_pcfg_drv.c.obj)
                0x8000cdfc                pcfg_dcdc_set_voltage
 .text.pcfg_dcdc_switch_to_dcm_mode
                0x8000ce5a       0xec lib/libhpm_sdk_lib.a(hpm_pcfg_drv.c.obj)
                0x8000ce5a                pcfg_dcdc_switch_to_dcm_mode
 .text.pcfg_dcdc_switch_to_ccm_mode
                0x8000cf46       0x58 lib/libhpm_sdk_lib.a(hpm_pcfg_drv.c.obj)
                0x8000cf46                pcfg_dcdc_switch_to_ccm_mode
 .text.pcfg_dcdc_set_voltage_dcm_mode
                0x8000cf9e       0x4a lib/libhpm_sdk_lib.a(hpm_pcfg_drv.c.obj)
                0x8000cf9e                pcfg_dcdc_set_voltage_dcm_mode
 .text.pcfg_dcdc_set_voltage_ccm_mode
                0x8000cfe8       0x82 lib/libhpm_sdk_lib.a(hpm_pcfg_drv.c.obj)
                0x8000cfe8                pcfg_dcdc_set_voltage_ccm_mode
 .text.dma_clear_transfer_status
                0x8000d06a       0x50 lib/libhpm_sdk_lib.a(hpm_dmav2_drv.c.obj)
 .text.dma_default_channel_config
                0x8000d0ba       0x50 lib/libhpm_sdk_lib.a(hpm_dmav2_drv.c.obj)
                0x8000d0ba                dma_default_channel_config
 .text.dma_setup_channel
                0x8000d10a      0x256 lib/libhpm_sdk_lib.a(hpm_dmav2_drv.c.obj)
                0x8000d10a                dma_setup_channel
 .text._sbrk    0x8000d360       0x58 lib/libhpm_sdk_lib.a(hpm_sbrk.c.obj)
                0x8000d360                _sbrk
 .text.console_init
                0x8000d3b8       0x92 lib/libhpm_sdk_lib.a(hpm_debug_console.c.obj)
                0x8000d3b8                console_init
 .text._write   0x8000d44a       0x74 lib/libhpm_sdk_lib.a(hpm_debug_console.c.obj)
                0x8000d44a                _write
 .text._read    0x8000d4be       0x26 lib/libhpm_sdk_lib.a(hpm_debug_console.c.obj)
                0x8000d4be                _read
 .text._fstat   0x8000d4e4       0x14 lib/libhpm_sdk_lib.a(hpm_debug_console.c.obj)
                0x8000d4e4                _fstat
 .text.adc16_init_pmt_dma
                0x8000d4f8       0x18 lib/libhpm_sdk_lib.a(hpm_adc_v2.c.obj)
 .text.adc16_get_status_flags
                0x8000d510       0x14 lib/libhpm_sdk_lib.a(hpm_adc_v2.c.obj)
 .text.adc16_clear_status_flags
                0x8000d524       0x18 lib/libhpm_sdk_lib.a(hpm_adc_v2.c.obj)
 .text.adc16_enable_interrupts
                0x8000d53c       0x24 lib/libhpm_sdk_lib.a(hpm_adc_v2.c.obj)
 .text.hpm_adc_v2_get_ip_type
                0x8000d560       0x16 lib/libhpm_sdk_lib.a(hpm_adc_v2.c.obj)
                0x8000d560                hpm_adc_v2_get_ip_type
 .text.hpm_adc_v2_get_default_config
                0x8000d576       0x7e lib/libhpm_sdk_lib.a(hpm_adc_v2.c.obj)
                0x8000d576                hpm_adc_v2_get_default_config
 .text.hpm_adc_v2_get_channel_default_config
                0x8000d5f4       0x7a lib/libhpm_sdk_lib.a(hpm_adc_v2.c.obj)
                0x8000d5f4                hpm_adc_v2_get_channel_default_config
 .text.hpm_adc_v2_init
                0x8000d66e       0xa4 lib/libhpm_sdk_lib.a(hpm_adc_v2.c.obj)
                0x8000d66e                hpm_adc_v2_init
 .text.hpm_adc_v2_init_channel
                0x8000d712       0x88 lib/libhpm_sdk_lib.a(hpm_adc_v2.c.obj)
                0x8000d712                hpm_adc_v2_init_channel
 .text.hpm_adc_v2_set_preempt_config
                0x8000d79a       0xae lib/libhpm_sdk_lib.a(hpm_adc_v2.c.obj)
                0x8000d79a                hpm_adc_v2_set_preempt_config
 .text.hpm_adc_v2_init_pmt_dma
                0x8000d848       0x32 lib/libhpm_sdk_lib.a(hpm_adc_v2.c.obj)
                0x8000d848                hpm_adc_v2_init_pmt_dma
 .text.hpm_adc_v2_get_status_flags
                0x8000d87a       0x3a lib/libhpm_sdk_lib.a(hpm_adc_v2.c.obj)
                0x8000d87a                hpm_adc_v2_get_status_flags
 .text.hpm_adc_v2_clear_status_flags
                0x8000d8b4       0x3a lib/libhpm_sdk_lib.a(hpm_adc_v2.c.obj)
                0x8000d8b4                hpm_adc_v2_clear_status_flags
 .text.hpm_adc_v2_enable_interrupts
                0x8000d8ee       0x3a lib/libhpm_sdk_lib.a(hpm_adc_v2.c.obj)
                0x8000d8ee                hpm_adc_v2_enable_interrupts
 .text.hpm_adc_v2_trigger_pmt_by_sw
                0x8000d928       0x46 lib/libhpm_sdk_lib.a(hpm_adc_v2.c.obj)
                0x8000d928                hpm_adc_v2_trigger_pmt_by_sw
 .text.hpm_adc_v2_enable_pmt_queue
                0x8000d96e       0x3a lib/libhpm_sdk_lib.a(hpm_adc_v2.c.obj)
                0x8000d96e                hpm_adc_v2_enable_pmt_queue
 .text.hpm_adc_v2_parse_pmt_dma_word
                0x8000d9a8       0x22 lib/libhpm_sdk_lib.a(hpm_adc_v2.c.obj)
                0x8000d9a8                hpm_adc_v2_parse_pmt_dma_word
 .text.adc_v2_port_is_valid_adc_base
                0x8000d9ca       0x28 lib/libhpm_sdk_lib.a(hpm_adc_v2_port.c.obj)
 .text.adc_v2_port_detect_ip
                0x8000d9f2       0x26 lib/libhpm_sdk_lib.a(hpm_adc_v2_port.c.obj)
                0x8000d9f2                adc_v2_port_detect_ip
 .text.adc_v2_port_resolution_to_hw
                0x8000da18       0x8e lib/libhpm_sdk_lib.a(hpm_adc_v2_port.c.obj)
                0x8000da18                adc_v2_port_resolution_to_hw
 .text.adc_v2_port_event_supported_mask
                0x8000daa6       0x24 lib/libhpm_sdk_lib.a(hpm_adc_v2_port.c.obj)
 .text.adc_v2_port_event_to_hw
                0x8000daca       0x1c lib/libhpm_sdk_lib.a(hpm_adc_v2_port.c.obj)
                0x8000daca                adc_v2_port_event_to_hw
 .text.adc_v2_port_event_from_hw
                0x8000dae6       0x1c lib/libhpm_sdk_lib.a(hpm_adc_v2_port.c.obj)
                0x8000dae6                adc_v2_port_event_from_hw
 .text.adc_v2_port_fill_from_adc16_pmt
                0x8000db02       0x66 lib/libhpm_sdk_lib.a(hpm_adc_v2_port.c.obj)
 .text.adc_v2_port_parse_pmt_dma_word
                0x8000db68       0x72 lib/libhpm_sdk_lib.a(hpm_adc_v2_port.c.obj)
                0x8000db68                adc_v2_port_parse_pmt_dma_word
 .text.hpm_mcl_vsc_run
                0x8000dbda       0x2a lib/libhpm_sdk_lib.a(hpm_mcl_hw_loop.c.obj)
                0x8000dbda                hpm_mcl_vsc_run
 .text.hpm_mcl_clc_run
                0x8000dc04       0x2e lib/libhpm_sdk_lib.a(hpm_mcl_hw_loop.c.obj)
                0x8000dc04                hpm_mcl_clc_run
 .text.hpm_mcl_qeo_run
                0x8000dc32       0x2a lib/libhpm_sdk_lib.a(hpm_mcl_hw_loop.c.obj)
                0x8000dc32                hpm_mcl_qeo_run
 .text.hpm_mcl_encoder_init
                0x8000dc5c      0x2c8 lib/libhpm_sdk_lib.a(hpm_mcl_encoder.c.obj)
                0x8000dc5c                hpm_mcl_encoder_init
 .text.hpm_mcl_encoder_set_initial_theta
                0x8000df24       0x66 lib/libhpm_sdk_lib.a(hpm_mcl_encoder.c.obj)
                0x8000df24                hpm_mcl_encoder_set_initial_theta
 .text.hpm_mcl_encoder_process
                0x8000df8a      0x8fe lib/libhpm_sdk_lib.a(hpm_mcl_encoder.c.obj)
                0x8000df8a                hpm_mcl_encoder_process
 .text.hpm_mcl_encoder_force_theta
                0x8000e888       0x22 lib/libhpm_sdk_lib.a(hpm_mcl_encoder.c.obj)
                0x8000e888                hpm_mcl_encoder_force_theta
 .text.hpm_mcl_encoder_get_raw_theta
                0x8000e8aa       0x46 lib/libhpm_sdk_lib.a(hpm_mcl_encoder.c.obj)
                0x8000e8aa                hpm_mcl_encoder_get_raw_theta
 .text.hpm_mcl_encoder_get_theta
                0x8000e8f0       0x28 lib/libhpm_sdk_lib.a(hpm_mcl_encoder.c.obj)
                0x8000e8f0                hpm_mcl_encoder_get_theta
 .text.hpm_mcl_encoder_get_speed
                0x8000e918       0x10 lib/libhpm_sdk_lib.a(hpm_mcl_encoder.c.obj)
                0x8000e918                hpm_mcl_encoder_get_speed
 .text.hpm_mcl_encoder_get_forecast_theta
                0x8000e928       0x10 lib/libhpm_sdk_lib.a(hpm_mcl_encoder.c.obj)
                0x8000e928                hpm_mcl_encoder_get_forecast_theta
 .text.hpm_mcl_encoder_get_absolute_theta
                0x8000e938       0x42 lib/libhpm_sdk_lib.a(hpm_mcl_encoder.c.obj)
                0x8000e938                hpm_mcl_encoder_get_absolute_theta
 .text.hpm_mcl_analog_init
                0x8000e97a      0x396 lib/libhpm_sdk_lib.a(hpm_mcl_analog.c.obj)
                0x8000e97a                hpm_mcl_analog_init
 .text.hpm_mcl_analog_get_value
                0x8000ed10      0x184 lib/libhpm_sdk_lib.a(hpm_mcl_analog.c.obj)
                0x8000ed10                hpm_mcl_analog_get_value
 .text.hpm_mcl_analog_step_convert
                0x8000ee94      0x198 lib/libhpm_sdk_lib.a(hpm_mcl_analog.c.obj)
                0x8000ee94                hpm_mcl_analog_step_convert
 .text.hpm_mcl_drivers_init
                0x8000f02c       0x74 lib/libhpm_sdk_lib.a(hpm_mcl_drivers.c.obj)
                0x8000f02c                hpm_mcl_drivers_init
 .text.hpm_mcl_drivers_update_bldc_duty
                0x8000f0a0       0xc4 lib/libhpm_sdk_lib.a(hpm_mcl_drivers.c.obj)
                0x8000f0a0                hpm_mcl_drivers_update_bldc_duty
 .text.hpm_mcl_drivers_update_step_duty
                0x8000f164      0x108 lib/libhpm_sdk_lib.a(hpm_mcl_drivers.c.obj)
                0x8000f164                hpm_mcl_drivers_update_step_duty
 .text.hpm_csr_get_core_mcycle
                0x8000f26c       0x7a lib/libhpm_sdk_lib.a(hpm_mcl_loop.c.obj)
 .text.hpm_mcl_loop_init_v2
                0x8000f2e6      0x25e lib/libhpm_sdk_lib.a(hpm_mcl_loop.c.obj)
                0x8000f2e6                hpm_mcl_loop_init_v2
 .text.hpm_mcl_loop_set_current_d
                0x8000f544       0x48 lib/libhpm_sdk_lib.a(hpm_mcl_loop.c.obj)
                0x8000f544                hpm_mcl_loop_set_current_d
 .text.hpm_mcl_loop_set_current_q
                0x8000f58c       0x4c lib/libhpm_sdk_lib.a(hpm_mcl_loop.c.obj)
                0x8000f58c                hpm_mcl_loop_set_current_q
 .text.hpm_mcl_loop_set_speed
                0x8000f5d8       0x4c lib/libhpm_sdk_lib.a(hpm_mcl_loop.c.obj)
                0x8000f5d8                hpm_mcl_loop_set_speed
 .text.hpm_mcl_loop_set_position
                0x8000f624       0x4c lib/libhpm_sdk_lib.a(hpm_mcl_loop.c.obj)
                0x8000f624                hpm_mcl_loop_set_position
 .text.hpm_mcl_loop_disable_all_user_set_value
                0x8000f670       0x4a lib/libhpm_sdk_lib.a(hpm_mcl_loop.c.obj)
                0x8000f670                hpm_mcl_loop_disable_all_user_set_value
 .text.hpm_mcl_detect_offline_para
                0x8000f6ba      0x606 lib/libhpm_sdk_lib.a(hpm_mcl_loop.c.obj)
                0x8000f6ba                hpm_mcl_detect_offline_para
 .text.hpm_mcl_current_foc_loop
                0x8000fcc0      0x82a lib/libhpm_sdk_lib.a(hpm_mcl_loop.c.obj)
                0x8000fcc0                hpm_mcl_current_foc_loop
 .text.hpm_mcl_step_foc_loop
                0x800104ea      0x568 lib/libhpm_sdk_lib.a(hpm_mcl_loop.c.obj)
                0x800104ea                hpm_mcl_step_foc_loop
 .text.hpm_mcl_block_loop
                0x80010a52      0x1a0 lib/libhpm_sdk_lib.a(hpm_mcl_loop.c.obj)
                0x80010a52                hpm_mcl_block_loop
 .text.hpm_mcl_loop
                0x80010bf2       0x98 lib/libhpm_sdk_lib.a(hpm_mcl_loop.c.obj)
                0x80010bf2                hpm_mcl_loop
 .text.hpm_mcl_motor_angle_alignment_basic
                0x80010c8a      0x158 lib/libhpm_sdk_lib.a(hpm_mcl_loop.c.obj)
                0x80010c8a                hpm_mcl_motor_angle_alignment_basic
 .text.hpm_mcl_motor_angle_alignment_three_stage
                0x80010de2      0x29e lib/libhpm_sdk_lib.a(hpm_mcl_loop.c.obj)
                0x80010de2                hpm_mcl_motor_angle_alignment_three_stage
 .text.hpm_mcl_motor_angle_alignment
                0x80011080       0x94 lib/libhpm_sdk_lib.a(hpm_mcl_loop.c.obj)
                0x80011080                hpm_mcl_motor_angle_alignment
 .text.hpm_mcl_detect_init
                0x80011114      0x152 lib/libhpm_sdk_lib.a(hpm_mcl_detect.c.obj)
                0x80011114                hpm_mcl_detect_init
 .text.hpm_mcl_detect_loop
                0x80011266       0x98 lib/libhpm_sdk_lib.a(hpm_mcl_detect.c.obj)
                0x80011266                hpm_mcl_detect_loop
 .text.hpm_mcl_control_sin
                0x800112fe       0x1a lib/libhpm_sdk_lib.a(hpm_mcl_control.c.obj)
                0x800112fe                hpm_mcl_control_sin
 .text.hpm_mcl_control_cos
                0x80011318       0x1a lib/libhpm_sdk_lib.a(hpm_mcl_control.c.obj)
                0x80011318                hpm_mcl_control_cos
 .text.hpm_mcl_control_arctan
                0x80011332       0x4a lib/libhpm_sdk_lib.a(hpm_mcl_control.c.obj)
                0x80011332                hpm_mcl_control_arctan
 .text.hpm_mcl_control_clarke
                0x8001137c       0x82 lib/libhpm_sdk_lib.a(hpm_mcl_control.c.obj)
                0x8001137c                hpm_mcl_control_clarke
 .text.hpm_mcl_control_park
                0x800113fe       0x92 lib/libhpm_sdk_lib.a(hpm_mcl_control.c.obj)
                0x800113fe                hpm_mcl_control_park
 .text.hpm_mcl_control_pi
                0x80011490       0xc6 lib/libhpm_sdk_lib.a(hpm_mcl_control.c.obj)
                0x80011490                hpm_mcl_control_pi
 .text.hpm_mcl_control_inv_park
                0x80011556       0x8e lib/libhpm_sdk_lib.a(hpm_mcl_control.c.obj)
                0x80011556                hpm_mcl_control_inv_park
 .text.hpm_mcl_control_svpwm
                0x800115e4      0x484 lib/libhpm_sdk_lib.a(hpm_mcl_control.c.obj)
                0x800115e4                hpm_mcl_control_svpwm
 .text.hpm_mcl_control_step_svpwm
                0x80011a68      0x1b2 lib/libhpm_sdk_lib.a(hpm_mcl_control.c.obj)
                0x80011a68                hpm_mcl_control_step_svpwm
 .text.hpm_mcl_control_get_block_sector
                0x80011c1a       0xc4 lib/libhpm_sdk_lib.a(hpm_mcl_control.c.obj)
                0x80011c1a                hpm_mcl_control_get_block_sector
 .text.hpm_mcl_control_lowpass_filter
                0x80011cde       0x3c lib/libhpm_sdk_lib.a(hpm_mcl_control.c.obj)
                0x80011cde                hpm_mcl_control_lowpass_filter
 .text.hpm_mcl_control_dead_area_polarity_detection
                0x80011d1a      0x262 lib/libhpm_sdk_lib.a(hpm_mcl_control.c.obj)
                0x80011d1a                hpm_mcl_control_dead_area_polarity_detection
 .text.hpm_mcl_control_smc_init
                0x80011f7c       0x3e lib/libhpm_sdk_lib.a(hpm_mcl_control.c.obj)
                0x80011f7c                hpm_mcl_control_smc_init
 .text.hpm_mcl_control_smc_process
                0x80011fba      0x364 lib/libhpm_sdk_lib.a(hpm_mcl_control.c.obj)
                0x80011fba                hpm_mcl_control_smc_process
 .text.hpm_mcl_control_offline_param_detection_rs
                0x8001231e       0x82 lib/libhpm_sdk_lib.a(hpm_mcl_control.c.obj)
                0x8001231e                hpm_mcl_control_offline_param_detection_rs
 .text.hpm_mcl_control_offline_param_detection_ld
                0x800123a0      0x110 lib/libhpm_sdk_lib.a(hpm_mcl_control.c.obj)
                0x800123a0                hpm_mcl_control_offline_param_detection_ld
 .text.hpm_mcl_control_offline_param_detection_lq
                0x800124b0       0xdc lib/libhpm_sdk_lib.a(hpm_mcl_control.c.obj)
                0x800124b0                hpm_mcl_control_offline_param_detection_lq
 .text.hpm_mcl_control_offline_param_detection_ls
                0x8001258c       0x1c lib/libhpm_sdk_lib.a(hpm_mcl_control.c.obj)
                0x8001258c                hpm_mcl_control_offline_param_detection_ls
 .text.hpm_mcl_control_offline_param_detection_flux
                0x800125a8      0x12c lib/libhpm_sdk_lib.a(hpm_mcl_control.c.obj)
                0x800125a8                hpm_mcl_control_offline_param_detection_flux
 .text.hpm_mcl_control_detection_init
                0x800126d4       0x8a lib/libhpm_sdk_lib.a(hpm_mcl_control.c.obj)
                0x800126d4                hpm_mcl_control_detection_init
 .text.hpm_mcl_pid_init
                0x8001275e       0x4a lib/libhpm_sdk_lib.a(hpm_mcl_control.c.obj)
                0x8001275e                hpm_mcl_pid_init
 .text.hpm_mcl_control_init
                0x800127a8      0x3f2 lib/libhpm_sdk_lib.a(hpm_mcl_control.c.obj)
                0x800127a8                hpm_mcl_control_init
 .text.hpm_mcl_filter_iir_df1_init
                0x80012b9a       0xa0 lib/libhpm_sdk_lib.a(hpm_mcl_filter.c.obj)
                0x80012b9a                hpm_mcl_filter_iir_df1_init
 .text.hpm_mcl_filter_iir_df1
                0x80012c3a      0x23c lib/libhpm_sdk_lib.a(hpm_mcl_filter.c.obj)
                0x80012c3a                hpm_mcl_filter_iir_df1
 .text.hpm_mcl_path_get_current_theta
                0x80012e76       0x10 lib/libhpm_sdk_lib.a(hpm_mcl_path_plan.c.obj)
                0x80012e76                hpm_mcl_path_get_current_theta
 .text.hpm_mcl_path_get_next_theta
                0x80012e86       0x10 lib/libhpm_sdk_lib.a(hpm_mcl_path_plan.c.obj)
                0x80012e86                hpm_mcl_path_get_next_theta
 .text.fabs     0x80012e96        0xc D:/sdk_env_v1.12.1/toolchains/rv32imac_zicsr_zifencei_multilib_b_ext-win/bin/../lib/gcc/riscv32-unknown-elf/13.2.0/../../../../riscv32-unknown-elf/lib/rv32imafc_zicsr_zifencei_zba_zbb_zbc_zbs/ilp32f\libm_nano.a(lib_a-s_fabs.o)
                0x80012e96                fabs
 .text.cosf     0x80012ea2       0x64 D:/sdk_env_v1.12.1/toolchains/rv32imac_zicsr_zifencei_multilib_b_ext-win/bin/../lib/gcc/riscv32-unknown-elf/13.2.0/../../../../riscv32-unknown-elf/lib/rv32imafc_zicsr_zifencei_zba_zbb_zbc_zbs/ilp32f\libm_nano.a(lib_a-sf_cos.o)
                0x80012ea2                cosf
 .text.sinf     0x80012f06       0x68 D:/sdk_env_v1.12.1/toolchains/rv32imac_zicsr_zifencei_multilib_b_ext-win/bin/../lib/gcc/riscv32-unknown-elf/13.2.0/../../../../riscv32-unknown-elf/lib/rv32imafc_zicsr_zifencei_zba_zbb_zbc_zbs/ilp32f\libm_nano.a(lib_a-sf_sin.o)
                0x80012f06                sinf
 .text.atan2    0x80012f6e        0x2 D:/sdk_env_v1.12.1/toolchains/rv32imac_zicsr_zifencei_multilib_b_ext-win/bin/../lib/gcc/riscv32-unknown-elf/13.2.0/../../../../riscv32-unknown-elf/lib/rv32imafc_zicsr_zifencei_zba_zbb_zbc_zbs/ilp32f\libm_nano.a(lib_a-w_atan2.o)
                0x80012f6e                atan2
 .text.atan2f   0x80012f70        0x2 D:/sdk_env_v1.12.1/toolchains/rv32imac_zicsr_zifencei_multilib_b_ext-win/bin/../lib/gcc/riscv32-unknown-elf/13.2.0/../../../../riscv32-unknown-elf/lib/rv32imafc_zicsr_zifencei_zba_zbb_zbc_zbs/ilp32f\libm_nano.a(lib_a-wf_atan2.o)
                0x80012f70                atan2f
 .text.sqrtf    0x80012f72       0x36 D:/sdk_env_v1.12.1/toolchains/rv32imac_zicsr_zifencei_multilib_b_ext-win/bin/../lib/gcc/riscv32-unknown-elf/13.2.0/../../../../riscv32-unknown-elf/lib/rv32imafc_zicsr_zifencei_zba_zbb_zbc_zbs/ilp32f\libm_nano.a(lib_a-wf_sqrt.o)
                0x80012f72                sqrtf
 .text.__ieee754_atan2
                0x80012fa8      0x1c0 D:/sdk_env_v1.12.1/toolchains/rv32imac_zicsr_zifencei_multilib_b_ext-win/bin/../lib/gcc/riscv32-unknown-elf/13.2.0/../../../../riscv32-unknown-elf/lib/rv32imafc_zicsr_zifencei_zba_zbb_zbc_zbs/ilp32f\libm_nano.a(lib_a-e_atan2.o)
                0x80012fa8                __ieee754_atan2
 .text.__ieee754_atan2f
                0x80013168      0x16e D:/sdk_env_v1.12.1/toolchains/rv32imac_zicsr_zifencei_multilib_b_ext-win/bin/../lib/gcc/riscv32-unknown-elf/13.2.0/../../../../riscv32-unknown-elf/lib/rv32imafc_zicsr_zifencei_zba_zbb_zbc_zbs/ilp32f\libm_nano.a(lib_a-ef_atan2.o)
                0x80013168                __ieee754_atan2f
 .text.__ieee754_rem_pio2f
                0x800132d6      0x29a D:/sdk_env_v1.12.1/toolchains/rv32imac_zicsr_zifencei_multilib_b_ext-win/bin/../lib/gcc/riscv32-unknown-elf/13.2.0/../../../../riscv32-unknown-elf/lib/rv32imafc_zicsr_zifencei_zba_zbb_zbc_zbs/ilp32f\libm_nano.a(lib_a-ef_rem_pio2.o)
                0x800132d6                __ieee754_rem_pio2f
 .text.__ieee754_sqrtf
                0x80013570        0x6 D:/sdk_env_v1.12.1/toolchains/rv32imac_zicsr_zifencei_multilib_b_ext-win/bin/../lib/gcc/riscv32-unknown-elf/13.2.0/../../../../riscv32-unknown-elf/lib/rv32imafc_zicsr_zifencei_zba_zbb_zbc_zbs/ilp32f\libm_nano.a(lib_a-ef_sqrt.o)
                0x80013570                __ieee754_sqrtf
 .text.__kernel_cosf
                0x80013576       0xd0 D:/sdk_env_v1.12.1/toolchains/rv32imac_zicsr_zifencei_multilib_b_ext-win/bin/../lib/gcc/riscv32-unknown-elf/13.2.0/../../../../riscv32-unknown-elf/lib/rv32imafc_zicsr_zifencei_zba_zbb_zbc_zbs/ilp32f\libm_nano.a(lib_a-kf_cos.o)
                0x80013576                __kernel_cosf
 .text.__kernel_rem_pio2f
                0x80013646      0x56e D:/sdk_env_v1.12.1/toolchains/rv32imac_zicsr_zifencei_multilib_b_ext-win/bin/../lib/gcc/riscv32-unknown-elf/13.2.0/../../../../riscv32-unknown-elf/lib/rv32imafc_zicsr_zifencei_zba_zbb_zbc_zbs/ilp32f\libm_nano.a(lib_a-kf_rem_pio2.o)
                0x80013646                __kernel_rem_pio2f
 .text.__kernel_sinf
                0x80013bb4       0xa4 D:/sdk_env_v1.12.1/toolchains/rv32imac_zicsr_zifencei_multilib_b_ext-win/bin/../lib/gcc/riscv32-unknown-elf/13.2.0/../../../../riscv32-unknown-elf/lib/rv32imafc_zicsr_zifencei_zba_zbb_zbc_zbs/ilp32f\libm_nano.a(lib_a-kf_sin.o)
                0x80013bb4                __kernel_sinf
 .text.atan     0x80013c58      0x33a D:/sdk_env_v1.12.1/toolchains/rv32imac_zicsr_zifencei_multilib_b_ext-win/bin/../lib/gcc/riscv32-unknown-elf/13.2.0/../../../../riscv32-unknown-elf/lib/rv32imafc_zicsr_zifencei_zba_zbb_zbc_zbs/ilp32f\libm_nano.a(lib_a-s_atan.o)
                0x80013c58                atan
 .text.atanf    0x80013f92      0x1ec D:/sdk_env_v1.12.1/toolchains/rv32imac_zicsr_zifencei_multilib_b_ext-win/bin/../lib/gcc/riscv32-unknown-elf/13.2.0/../../../../riscv32-unknown-elf/lib/rv32imafc_zicsr_zifencei_zba_zbb_zbc_zbs/ilp32f\libm_nano.a(lib_a-sf_atan.o)
                0x80013f92                atanf
 .text.fabsf    0x8001417e        0x6 D:/sdk_env_v1.12.1/toolchains/rv32imac_zicsr_zifencei_multilib_b_ext-win/bin/../lib/gcc/riscv32-unknown-elf/13.2.0/../../../../riscv32-unknown-elf/lib/rv32imafc_zicsr_zifencei_zba_zbb_zbc_zbs/ilp32f\libm_nano.a(lib_a-sf_fabs.o)
                0x8001417e                fabsf
 .text.floorf   0x80014184       0x96 D:/sdk_env_v1.12.1/toolchains/rv32imac_zicsr_zifencei_multilib_b_ext-win/bin/../lib/gcc/riscv32-unknown-elf/13.2.0/../../../../riscv32-unknown-elf/lib/rv32imafc_zicsr_zifencei_zba_zbb_zbc_zbs/ilp32f\libm_nano.a(lib_a-sf_floor.o)
                0x80014184                floorf
 .text.scalbnf  0x8001421a       0xc4 D:/sdk_env_v1.12.1/toolchains/rv32imac_zicsr_zifencei_multilib_b_ext-win/bin/../lib/gcc/riscv32-unknown-elf/13.2.0/../../../../riscv32-unknown-elf/lib/rv32imafc_zicsr_zifencei_zba_zbb_zbc_zbs/ilp32f\libm_nano.a(lib_a-sf_scalbn.o)
                0x8001421a                scalbnf
 .text.__assert_func
                0x800142de       0x3c D:/sdk_env_v1.12.1/toolchains/rv32imac_zicsr_zifencei_multilib_b_ext-win/bin/../lib/gcc/riscv32-unknown-elf/13.2.0/../../../../riscv32-unknown-elf/lib/rv32imafc_zicsr_zifencei_zba_zbb_zbc_zbs/ilp32f\libg_nano.a(lib_a-assert.o)
                0x800142de                __assert_func
 .text.__errno  0x8001431a        0x6 D:/sdk_env_v1.12.1/toolchains/rv32imac_zicsr_zifencei_multilib_b_ext-win/bin/../lib/gcc/riscv32-unknown-elf/13.2.0/../../../../riscv32-unknown-elf/lib/rv32imafc_zicsr_zifencei_zba_zbb_zbc_zbs/ilp32f\libg_nano.a(lib_a-errno.o)
                0x8001431a                __errno
 .text.fprintf  0x80014320       0x26 D:/sdk_env_v1.12.1/toolchains/rv32imac_zicsr_zifencei_multilib_b_ext-win/bin/../lib/gcc/riscv32-unknown-elf/13.2.0/../../../../riscv32-unknown-elf/lib/rv32imafc_zicsr_zifencei_zba_zbb_zbc_zbs/ilp32f\libg_nano.a(lib_a-fprintf.o)
                0x80014320                fiprintf
                0x80014320                fprintf
 .text.__cvt    0x80014346       0xee D:/sdk_env_v1.12.1/toolchains/rv32imac_zicsr_zifencei_multilib_b_ext-win/bin/../lib/gcc/riscv32-unknown-elf/13.2.0/../../../../riscv32-unknown-elf/lib/rv32imafc_zicsr_zifencei_zba_zbb_zbc_zbs/ilp32f\libg_nano.a(lib_a-nano-vfprintf_float.o)
                0x80014346                __cvt
 .text.__exponent
                0x80014434       0x9c D:/sdk_env_v1.12.1/toolchains/rv32imac_zicsr_zifencei_multilib_b_ext-win/bin/../lib/gcc/riscv32-unknown-elf/13.2.0/../../../../riscv32-unknown-elf/lib/rv32imafc_zicsr_zifencei_zba_zbb_zbc_zbs/ilp32f\libg_nano.a(lib_a-nano-vfprintf_float.o)
                0x80014434                __exponent
 .text._printf_float
                0x800144d0      0x4ae D:/sdk_env_v1.12.1/toolchains/rv32imac_zicsr_zifencei_multilib_b_ext-win/bin/../lib/gcc/riscv32-unknown-elf/13.2.0/../../../../riscv32-unknown-elf/lib/rv32imafc_zicsr_zifencei_zba_zbb_zbc_zbs/ilp32f\libg_nano.a(lib_a-nano-vfprintf_float.o)
                0x800144d0                _printf_float
 .text._printf_common
                0x8001497e      0x108 D:/sdk_env_v1.12.1/toolchains/rv32imac_zicsr_zifencei_multilib_b_ext-win/bin/../lib/gcc/riscv32-unknown-elf/13.2.0/../../../../riscv32-unknown-elf/lib/rv32imafc_zicsr_zifencei_zba_zbb_zbc_zbs/ilp32f\libg_nano.a(lib_a-nano-vfprintf_i.o)
                0x8001497e                _printf_common
 .text._printf_i
                0x80014a86      0x25c D:/sdk_env_v1.12.1/toolchains/rv32imac_zicsr_zifencei_multilib_b_ext-win/bin/../lib/gcc/riscv32-unknown-elf/13.2.0/../../../../riscv32-unknown-elf/lib/rv32imafc_zicsr_zifencei_zba_zbb_zbc_zbs/ilp32f\libg_nano.a(lib_a-nano-vfprintf_i.o)
                0x80014a86                _printf_i
 .text.__sfputc_r
                0x80014ce2       0x2a D:/sdk_env_v1.12.1/toolchains/rv32imac_zicsr_zifencei_multilib_b_ext-win/bin/../lib/gcc/riscv32-unknown-elf/13.2.0/../../../../riscv32-unknown-elf/lib/rv32imafc_zicsr_zifencei_zba_zbb_zbc_zbs/ilp32f\libg_nano.a(lib_a-nano-vfprintf.o)
 .text.__sfputs_r
                0x80014d0c       0x44 D:/sdk_env_v1.12.1/toolchains/rv32imac_zicsr_zifencei_multilib_b_ext-win/bin/../lib/gcc/riscv32-unknown-elf/13.2.0/../../../../riscv32-unknown-elf/lib/rv32imafc_zicsr_zifencei_zba_zbb_zbc_zbs/ilp32f\libg_nano.a(lib_a-nano-vfprintf.o)
                0x80014d0c                __sfputs_r
 .text._vfprintf_r
                0x80014d50      0x2a4 D:/sdk_env_v1.12.1/toolchains/rv32imac_zicsr_zifencei_multilib_b_ext-win/bin/../lib/gcc/riscv32-unknown-elf/13.2.0/../../../../riscv32-unknown-elf/lib/rv32imafc_zicsr_zifencei_zba_zbb_zbc_zbs/ilp32f\libg_nano.a(lib_a-nano-vfprintf.o)
                0x80014d50                _vfprintf_r
                0x80014d50                _vfiprintf_r
 .text._scanf_float
                0x80014ff4      0x480 D:/sdk_env_v1.12.1/toolchains/rv32imac_zicsr_zifencei_multilib_b_ext-win/bin/../lib/gcc/riscv32-unknown-elf/13.2.0/../../../../riscv32-unknown-elf/lib/rv32imafc_zicsr_zifencei_zba_zbb_zbc_zbs/ilp32f\libg_nano.a(lib_a-nano-vfscanf_float.o)
                0x80014ff4                _scanf_float
 .text.printf   0x80015474       0x3c D:/sdk_env_v1.12.1/toolchains/rv32imac_zicsr_zifencei_multilib_b_ext-win/bin/../lib/gcc/riscv32-unknown-elf/13.2.0/../../../../riscv32-unknown-elf/lib/rv32imafc_zicsr_zifencei_zba_zbb_zbc_zbs/ilp32f\libg_nano.a(lib_a-printf.o)
                0x80015474                iprintf
                0x80015474                printf
 .text.setvbuf  0x800154b0      0x18c D:/sdk_env_v1.12.1/toolchains/rv32imac_zicsr_zifencei_multilib_b_ext-win/bin/../lib/gcc/riscv32-unknown-elf/13.2.0/../../../../riscv32-unknown-elf/lib/rv32imafc_zicsr_zifencei_zba_zbb_zbc_zbs/ilp32f\libg_nano.a(lib_a-setvbuf.o)
                0x800154b0                setvbuf
 .text.nanf     0x8001563c        0xa D:/sdk_env_v1.12.1/toolchains/rv32imac_zicsr_zifencei_multilib_b_ext-win/bin/../lib/gcc/riscv32-unknown-elf/13.2.0/../../../../riscv32-unknown-elf/lib/rv32imafc_zicsr_zifencei_zba_zbb_zbc_zbs/ilp32f\libg_nano.a(lib_a-sf_nan.o)
                0x8001563c                nanf
 .text.sprintf  0x80015646       0x42 D:/sdk_env_v1.12.1/toolchains/rv32imac_zicsr_zifencei_multilib_b_ext-win/bin/../lib/gcc/riscv32-unknown-elf/13.2.0/../../../../riscv32-unknown-elf/lib/rv32imafc_zicsr_zifencei_zba_zbb_zbc_zbs/ilp32f\libg_nano.a(lib_a-sprintf.o)
                0x80015646                siprintf
                0x80015646                sprintf
 .text.strlen   0x80015688       0x12 D:/sdk_env_v1.12.1/toolchains/rv32imac_zicsr_zifencei_multilib_b_ext-win/bin/../lib/gcc/riscv32-unknown-elf/13.2.0/../../../../riscv32-unknown-elf/lib/rv32imafc_zicsr_zifencei_zba_zbb_zbc_zbs/ilp32f\libg_nano.a(lib_a-strlen.o)
                0x80015688                strlen
 .text.sulp     0x8001569a       0x50 D:/sdk_env_v1.12.1/toolchains/rv32imac_zicsr_zifencei_multilib_b_ext-win/bin/../lib/gcc/riscv32-unknown-elf/13.2.0/../../../../riscv32-unknown-elf/lib/rv32imafc_zicsr_zifencei_zba_zbb_zbc_zbs/ilp32f\libg_nano.a(lib_a-strtod.o)
 .text._strtod_l
                0x800156ea      0xc5c D:/sdk_env_v1.12.1/toolchains/rv32imac_zicsr_zifencei_multilib_b_ext-win/bin/../lib/gcc/riscv32-unknown-elf/13.2.0/../../../../riscv32-unknown-elf/lib/rv32imafc_zicsr_zifencei_zba_zbb_zbc_zbs/ilp32f\libg_nano.a(lib_a-strtod.o)
                0x800156ea                _strtod_l
 .text._strtod_r
                0x80016346        0xc D:/sdk_env_v1.12.1/toolchains/rv32imac_zicsr_zifencei_multilib_b_ext-win/bin/../lib/gcc/riscv32-unknown-elf/13.2.0/../../../../riscv32-unknown-elf/lib/rv32imafc_zicsr_zifencei_zba_zbb_zbc_zbs/ilp32f\libg_nano.a(lib_a-strtod.o)
                0x80016346                _strtod_r
 .text._strtol_l.isra.0
                0x80016352      0x136 D:/sdk_env_v1.12.1/toolchains/rv32imac_zicsr_zifencei_multilib_b_ext-win/bin/../lib/gcc/riscv32-unknown-elf/13.2.0/../../../../riscv32-unknown-elf/lib/rv32imafc_zicsr_zifencei_zba_zbb_zbc_zbs/ilp32f\libg_nano.a(lib_a-strtol.o)
 .text._strtol_r
                0x80016488        0x4 D:/sdk_env_v1.12.1/toolchains/rv32imac_zicsr_zifencei_multilib_b_ext-win/bin/../lib/gcc/riscv32-unknown-elf/13.2.0/../../../../riscv32-unknown-elf/lib/rv32imafc_zicsr_zifencei_zba_zbb_zbc_zbs/ilp32f\libg_nano.a(lib_a-strtol.o)
                0x80016488                _strtol_r
 .text.__swbuf_r
                0x8001648c       0xc6 D:/sdk_env_v1.12.1/toolchains/rv32imac_zicsr_zifencei_multilib_b_ext-win/bin/../lib/gcc/riscv32-unknown-elf/13.2.0/../../../../riscv32-unknown-elf/lib/rv32imafc_zicsr_zifencei_zba_zbb_zbc_zbs/ilp32f\libg_nano.a(lib_a-wbuf.o)
                0x8001648c                __swbuf_r
 .text.__swsetup_r
                0x80016552      0x102 D:/sdk_env_v1.12.1/toolchains/rv32imac_zicsr_zifencei_multilib_b_ext-win/bin/../lib/gcc/riscv32-unknown-elf/13.2.0/../../../../riscv32-unknown-elf/lib/rv32imafc_zicsr_zifencei_zba_zbb_zbc_zbs/ilp32f\libg_nano.a(lib_a-wsetup.o)
                0x80016552                __swsetup_r
 .text.abort    0x80016654       0x10 D:/sdk_env_v1.12.1/toolchains/rv32imac_zicsr_zifencei_multilib_b_ext-win/bin/../lib/gcc/riscv32-unknown-elf/13.2.0/../../../../riscv32-unknown-elf/lib/rv32imafc_zicsr_zifencei_zba_zbb_zbc_zbs/ilp32f\libg_nano.a(lib_a-abort.o)
                0x80016654                abort
 .text.quorem   0x80016664      0x12c D:/sdk_env_v1.12.1/toolchains/rv32imac_zicsr_zifencei_multilib_b_ext-win/bin/../lib/gcc/riscv32-unknown-elf/13.2.0/../../../../riscv32-unknown-elf/lib/rv32imafc_zicsr_zifencei_zba_zbb_zbc_zbs/ilp32f\libg_nano.a(lib_a-dtoa.o)
 .text._dtoa_r  0x80016790      0xc1a D:/sdk_env_v1.12.1/toolchains/rv32imac_zicsr_zifencei_multilib_b_ext-win/bin/../lib/gcc/riscv32-unknown-elf/13.2.0/../../../../riscv32-unknown-elf/lib/rv32imafc_zicsr_zifencei_zba_zbb_zbc_zbs/ilp32f\libg_nano.a(lib_a-dtoa.o)
                0x80016790                _dtoa_r
 .text.__sflush_r
                0x800173aa      0x13a D:/sdk_env_v1.12.1/toolchains/rv32imac_zicsr_zifencei_multilib_b_ext-win/bin/../lib/gcc/riscv32-unknown-elf/13.2.0/../../../../riscv32-unknown-elf/lib/rv32imafc_zicsr_zifencei_zba_zbb_zbc_zbs/ilp32f\libg_nano.a(lib_a-fflush.o)
                0x800173aa                __sflush_r
 .text._fflush_r
                0x800174e4       0x66 D:/sdk_env_v1.12.1/toolchains/rv32imac_zicsr_zifencei_multilib_b_ext-win/bin/../lib/gcc/riscv32-unknown-elf/13.2.0/../../../../riscv32-unknown-elf/lib/rv32imafc_zicsr_zifencei_zba_zbb_zbc_zbs/ilp32f\libg_nano.a(lib_a-fflush.o)
                0x800174e4                _fflush_r
 .text.std      0x8001754a       0x6a D:/sdk_env_v1.12.1/toolchains/rv32imac_zicsr_zifencei_multilib_b_ext-win/bin/../lib/gcc/riscv32-unknown-elf/13.2.0/../../../../riscv32-unknown-elf/lib/rv32imafc_zicsr_zifencei_zba_zbb_zbc_zbs/ilp32f\libg_nano.a(lib_a-findfp.o)
 .text._cleanup_r
                0x800175b4        0xa D:/sdk_env_v1.12.1/toolchains/rv32imac_zicsr_zifencei_multilib_b_ext-win/bin/../lib/gcc/riscv32-unknown-elf/13.2.0/../../../../riscv32-unknown-elf/lib/rv32imafc_zicsr_zifencei_zba_zbb_zbc_zbs/ilp32f\libg_nano.a(lib_a-findfp.o)
                0x800175b4                _cleanup_r
 .text.__sfmoreglue
                0x800175be       0x48 D:/sdk_env_v1.12.1/toolchains/rv32imac_zicsr_zifencei_multilib_b_ext-win/bin/../lib/gcc/riscv32-unknown-elf/13.2.0/../../../../riscv32-unknown-elf/lib/rv32imafc_zicsr_zifencei_zba_zbb_zbc_zbs/ilp32f\libg_nano.a(lib_a-findfp.o)
                0x800175be                __sfmoreglue
 .text.__sinit  0x80017606       0x70 D:/sdk_env_v1.12.1/toolchains/rv32imac_zicsr_zifencei_multilib_b_ext-win/bin/../lib/gcc/riscv32-unknown-elf/13.2.0/../../../../riscv32-unknown-elf/lib/rv32imafc_zicsr_zifencei_zba_zbb_zbc_zbs/ilp32f\libg_nano.a(lib_a-findfp.o)
                0x80017606                __sinit
 .text.__sfp    0x80017676       0xa2 D:/sdk_env_v1.12.1/toolchains/rv32imac_zicsr_zifencei_multilib_b_ext-win/bin/../lib/gcc/riscv32-unknown-elf/13.2.0/../../../../riscv32-unknown-elf/lib/rv32imafc_zicsr_zifencei_zba_zbb_zbc_zbs/ilp32f\libg_nano.a(lib_a-findfp.o)
                0x80017676                __sfp
 .text._fwalk_reent
                0x80017718       0x6a D:/sdk_env_v1.12.1/toolchains/rv32imac_zicsr_zifencei_multilib_b_ext-win/bin/../lib/gcc/riscv32-unknown-elf/13.2.0/../../../../riscv32-unknown-elf/lib/rv32imafc_zicsr_zifencei_zba_zbb_zbc_zbs/ilp32f\libg_nano.a(lib_a-fwalk.o)
                0x80017718                _fwalk_reent
 .text.rshift   0x80017782       0xb2 D:/sdk_env_v1.12.1/toolchains/rv32imac_zicsr_zifencei_multilib_b_ext-win/bin/../lib/gcc/riscv32-unknown-elf/13.2.0/../../../../riscv32-unknown-elf/lib/rv32imafc_zicsr_zifencei_zba_zbb_zbc_zbs/ilp32f\libg_nano.a(lib_a-gdtoa-gethex.o)
 .text.__hexdig_fun
                0x80017834       0x42 D:/sdk_env_v1.12.1/toolchains/rv32imac_zicsr_zifencei_multilib_b_ext-win/bin/../lib/gcc/riscv32-unknown-elf/13.2.0/../../../../riscv32-unknown-elf/lib/rv32imafc_zicsr_zifencei_zba_zbb_zbc_zbs/ilp32f\libg_nano.a(lib_a-gdtoa-gethex.o)
                0x80017834                __hexdig_fun
 .text.__gethex
                0x80017876      0x4d4 D:/sdk_env_v1.12.1/toolchains/rv32imac_zicsr_zifencei_multilib_b_ext-win/bin/../lib/gcc/riscv32-unknown-elf/13.2.0/../../../../riscv32-unknown-elf/lib/rv32imafc_zicsr_zifencei_zba_zbb_zbc_zbs/ilp32f\libg_nano.a(lib_a-gdtoa-gethex.o)
                0x80017876                __gethex
 .text.L_shift  0x80017d4a       0x2a D:/sdk_env_v1.12.1/toolchains/rv32imac_zicsr_zifencei_multilib_b_ext-win/bin/../lib/gcc/riscv32-unknown-elf/13.2.0/../../../../riscv32-unknown-elf/lib/rv32imafc_zicsr_zifencei_zba_zbb_zbc_zbs/ilp32f\libg_nano.a(lib_a-gdtoa-hexnan.o)
 .text.__match  0x80017d74       0x30 D:/sdk_env_v1.12.1/toolchains/rv32imac_zicsr_zifencei_multilib_b_ext-win/bin/../lib/gcc/riscv32-unknown-elf/13.2.0/../../../../riscv32-unknown-elf/lib/rv32imafc_zicsr_zifencei_zba_zbb_zbc_zbs/ilp32f\libg_nano.a(lib_a-gdtoa-hexnan.o)
                0x80017d74                __match
 .text.__hexnan
                0x80017da4      0x176 D:/sdk_env_v1.12.1/toolchains/rv32imac_zicsr_zifencei_multilib_b_ext-win/bin/../lib/gcc/riscv32-unknown-elf/13.2.0/../../../../riscv32-unknown-elf/lib/rv32imafc_zicsr_zifencei_zba_zbb_zbc_zbs/ilp32f\libg_nano.a(lib_a-gdtoa-hexnan.o)
                0x80017da4                __hexnan
 .text._localeconv_r
                0x80017f1a        0x6 D:/sdk_env_v1.12.1/toolchains/rv32imac_zicsr_zifencei_multilib_b_ext-win/bin/../lib/gcc/riscv32-unknown-elf/13.2.0/../../../../riscv32-unknown-elf/lib/rv32imafc_zicsr_zifencei_zba_zbb_zbc_zbs/ilp32f\libg_nano.a(lib_a-localeconv.o)
                0x80017f1a                _localeconv_r
 .text.__swhatbuf_r
                0x80017f20       0x5c D:/sdk_env_v1.12.1/toolchains/rv32imac_zicsr_zifencei_multilib_b_ext-win/bin/../lib/gcc/riscv32-unknown-elf/13.2.0/../../../../riscv32-unknown-elf/lib/rv32imafc_zicsr_zifencei_zba_zbb_zbc_zbs/ilp32f\libg_nano.a(lib_a-makebuf.o)
                0x80017f20                __swhatbuf_r
 .text.__smakebuf_r
                0x80017f7c       0xac D:/sdk_env_v1.12.1/toolchains/rv32imac_zicsr_zifencei_multilib_b_ext-win/bin/../lib/gcc/riscv32-unknown-elf/13.2.0/../../../../riscv32-unknown-elf/lib/rv32imafc_zicsr_zifencei_zba_zbb_zbc_zbs/ilp32f\libg_nano.a(lib_a-makebuf.o)
                0x80017f7c                __smakebuf_r
 .text.malloc   0x80018028        0xa D:/sdk_env_v1.12.1/toolchains/rv32imac_zicsr_zifencei_multilib_b_ext-win/bin/../lib/gcc/riscv32-unknown-elf/13.2.0/../../../../riscv32-unknown-elf/lib/rv32imafc_zicsr_zifencei_zba_zbb_zbc_zbs/ilp32f\libg_nano.a(lib_a-malloc.o)
                0x80018028                malloc
 .text.__ascii_mbtowc
                0x80018032       0x3a D:/sdk_env_v1.12.1/toolchains/rv32imac_zicsr_zifencei_multilib_b_ext-win/bin/../lib/gcc/riscv32-unknown-elf/13.2.0/../../../../riscv32-unknown-elf/lib/rv32imafc_zicsr_zifencei_zba_zbb_zbc_zbs/ilp32f\libg_nano.a(lib_a-mbtowc_r.o)
                0x80018032                __ascii_mbtowc
 .text.memchr   0x8001806c       0x1a D:/sdk_env_v1.12.1/toolchains/rv32imac_zicsr_zifencei_multilib_b_ext-win/bin/../lib/gcc/riscv32-unknown-elf/13.2.0/../../../../riscv32-unknown-elf/lib/rv32imafc_zicsr_zifencei_zba_zbb_zbc_zbs/ilp32f\libg_nano.a(lib_a-memchr.o)
                0x8001806c                memchr
 .text._Balloc  0x80018086       0xaa D:/sdk_env_v1.12.1/toolchains/rv32imac_zicsr_zifencei_multilib_b_ext-win/bin/../lib/gcc/riscv32-unknown-elf/13.2.0/../../../../riscv32-unknown-elf/lib/rv32imafc_zicsr_zifencei_zba_zbb_zbc_zbs/ilp32f\libg_nano.a(lib_a-mprec.o)
                0x80018086                _Balloc
 .text._Bfree   0x80018130       0x60 D:/sdk_env_v1.12.1/toolchains/rv32imac_zicsr_zifencei_multilib_b_ext-win/bin/../lib/gcc/riscv32-unknown-elf/13.2.0/../../../../riscv32-unknown-elf/lib/rv32imafc_zicsr_zifencei_zba_zbb_zbc_zbs/ilp32f\libg_nano.a(lib_a-mprec.o)
                0x80018130                _Bfree
 .text.__multadd
                0x80018190       0xba D:/sdk_env_v1.12.1/toolchains/rv32imac_zicsr_zifencei_multilib_b_ext-win/bin/../lib/gcc/riscv32-unknown-elf/13.2.0/../../../../riscv32-unknown-elf/lib/rv32imafc_zicsr_zifencei_zba_zbb_zbc_zbs/ilp32f\libg_nano.a(lib_a-mprec.o)
                0x80018190                __multadd
 .text.__s2b    0x8001824a       0xc2 D:/sdk_env_v1.12.1/toolchains/rv32imac_zicsr_zifencei_multilib_b_ext-win/bin/../lib/gcc/riscv32-unknown-elf/13.2.0/../../../../riscv32-unknown-elf/lib/rv32imafc_zicsr_zifencei_zba_zbb_zbc_zbs/ilp32f\libg_nano.a(lib_a-mprec.o)
                0x8001824a                __s2b
 .text.__hi0bits
                0x8001830c       0x46 D:/sdk_env_v1.12.1/toolchains/rv32imac_zicsr_zifencei_multilib_b_ext-win/bin/../lib/gcc/riscv32-unknown-elf/13.2.0/../../../../riscv32-unknown-elf/lib/rv32imafc_zicsr_zifencei_zba_zbb_zbc_zbs/ilp32f\libg_nano.a(lib_a-mprec.o)
                0x8001830c                __hi0bits
 .text.__lo0bits
                0x80018352       0x68 D:/sdk_env_v1.12.1/toolchains/rv32imac_zicsr_zifencei_multilib_b_ext-win/bin/../lib/gcc/riscv32-unknown-elf/13.2.0/../../../../riscv32-unknown-elf/lib/rv32imafc_zicsr_zifencei_zba_zbb_zbc_zbs/ilp32f\libg_nano.a(lib_a-mprec.o)
                0x80018352                __lo0bits
 .text.__i2b    0x800183ba       0x38 D:/sdk_env_v1.12.1/toolchains/rv32imac_zicsr_zifencei_multilib_b_ext-win/bin/../lib/gcc/riscv32-unknown-elf/13.2.0/../../../../riscv32-unknown-elf/lib/rv32imafc_zicsr_zifencei_zba_zbb_zbc_zbs/ilp32f\libg_nano.a(lib_a-mprec.o)
                0x800183ba                __i2b
 .text.__multiply
                0x800183f2      0x178 D:/sdk_env_v1.12.1/toolchains/rv32imac_zicsr_zifencei_multilib_b_ext-win/bin/../lib/gcc/riscv32-unknown-elf/13.2.0/../../../../riscv32-unknown-elf/lib/rv32imafc_zicsr_zifencei_zba_zbb_zbc_zbs/ilp32f\libg_nano.a(lib_a-mprec.o)
                0x800183f2                __multiply
 .text.__pow5mult
                0x8001856a       0xda D:/sdk_env_v1.12.1/toolchains/rv32imac_zicsr_zifencei_multilib_b_ext-win/bin/../lib/gcc/riscv32-unknown-elf/13.2.0/../../../../riscv32-unknown-elf/lib/rv32imafc_zicsr_zifencei_zba_zbb_zbc_zbs/ilp32f\libg_nano.a(lib_a-mprec.o)
                0x8001856a                __pow5mult
 .text.__lshift
                0x80018644      0x102 D:/sdk_env_v1.12.1/toolchains/rv32imac_zicsr_zifencei_multilib_b_ext-win/bin/../lib/gcc/riscv32-unknown-elf/13.2.0/../../../../riscv32-unknown-elf/lib/rv32imafc_zicsr_zifencei_zba_zbb_zbc_zbs/ilp32f\libg_nano.a(lib_a-mprec.o)
                0x80018644                __lshift
 .text.__mcmp   0x80018746       0x36 D:/sdk_env_v1.12.1/toolchains/rv32imac_zicsr_zifencei_multilib_b_ext-win/bin/../lib/gcc/riscv32-unknown-elf/13.2.0/../../../../riscv32-unknown-elf/lib/rv32imafc_zicsr_zifencei_zba_zbb_zbc_zbs/ilp32f\libg_nano.a(lib_a-mprec.o)
                0x80018746                __mcmp
 .text.__mdiff  0x8001877c      0x16a D:/sdk_env_v1.12.1/toolchains/rv32imac_zicsr_zifencei_multilib_b_ext-win/bin/../lib/gcc/riscv32-unknown-elf/13.2.0/../../../../riscv32-unknown-elf/lib/rv32imafc_zicsr_zifencei_zba_zbb_zbc_zbs/ilp32f\libg_nano.a(lib_a-mprec.o)
                0x8001877c                __mdiff
 .text.__ulp    0x800188e6       0x44 D:/sdk_env_v1.12.1/toolchains/rv32imac_zicsr_zifencei_multilib_b_ext-win/bin/../lib/gcc/riscv32-unknown-elf/13.2.0/../../../../riscv32-unknown-elf/lib/rv32imafc_zicsr_zifencei_zba_zbb_zbc_zbs/ilp32f\libg_nano.a(lib_a-mprec.o)
                0x800188e6                __ulp
 .text.__b2d    0x8001892a       0xb6 D:/sdk_env_v1.12.1/toolchains/rv32imac_zicsr_zifencei_multilib_b_ext-win/bin/../lib/gcc/riscv32-unknown-elf/13.2.0/../../../../riscv32-unknown-elf/lib/rv32imafc_zicsr_zifencei_zba_zbb_zbc_zbs/ilp32f\libg_nano.a(lib_a-mprec.o)
                0x8001892a                __b2d
 .text.__d2b    0x800189e0       0xdc D:/sdk_env_v1.12.1/toolchains/rv32imac_zicsr_zifencei_multilib_b_ext-win/bin/../lib/gcc/riscv32-unknown-elf/13.2.0/../../../../riscv32-unknown-elf/lib/rv32imafc_zicsr_zifencei_zba_zbb_zbc_zbs/ilp32f\libg_nano.a(lib_a-mprec.o)
                0x800189e0                __d2b
 .text.__ratio  0x80018abc       0x72 D:/sdk_env_v1.12.1/toolchains/rv32imac_zicsr_zifencei_multilib_b_ext-win/bin/../lib/gcc/riscv32-unknown-elf/13.2.0/../../../../riscv32-unknown-elf/lib/rv32imafc_zicsr_zifencei_zba_zbb_zbc_zbs/ilp32f\libg_nano.a(lib_a-mprec.o)
                0x80018abc                __ratio
 .text.__copybits