Archive member included to satisfy reference by file (symbol)

lib/libhpm_sdk_gcc_startup_lib.a(start.S.obj)
                              (--whole-archive)
lib/libhpm_sdk_gcc_startup_lib.a(initfini.c.obj)
                              (--whole-archive)
lib/libhpm_sdk_gcc_lib.a(reset.c.obj)
                              (--whole-archive)
lib/libhpm_sdk_gcc_lib.a(trap.c.obj)
                              (--whole-archive)
lib/libhpm_sdk_lib.a(hpm_l1c_drv.c.obj)
                              (--whole-archive)
lib/libhpm_sdk_lib.a(pinmux.c.obj)
                              (--whole-archive)
lib/libhpm_sdk_lib.a(board.c.obj)
                              (--whole-archive)
lib/libhpm_sdk_lib.a(clock.c.obj)
                              (--whole-archive)
lib/libhpm_sdk_lib.a(system.c.obj)
                              (--whole-archive)
lib/libhpm_sdk_lib.a(hpm_sysctl_drv.c.obj)
                              (--whole-archive)
lib/libhpm_sdk_lib.a(hpm_clock_drv.c.obj)
                              (--whole-archive)
lib/libhpm_sdk_lib.a(hpm_otp_drv.c.obj)
                              (--whole-archive)
lib/libhpm_sdk_lib.a(hpm_qeiv2_soc_drv.c.obj)
                              (--whole-archive)
lib/libhpm_sdk_lib.a(hpm_bootheader.c.obj)
                              (--whole-archive)
lib/libhpm_sdk_lib.a(hpm_uart_drv.c.obj)
                              (--whole-archive)
lib/libhpm_sdk_lib.a(hpm_sdp_drv.c.obj)
                              (--whole-archive)
lib/libhpm_sdk_lib.a(hpm_i2c_drv.c.obj)
                              (--whole-archive)
lib/libhpm_sdk_lib.a(hpm_pmp_drv.c.obj)
                              (--whole-archive)
lib/libhpm_sdk_lib.a(hpm_rng_drv.c.obj)
                              (--whole-archive)
lib/libhpm_sdk_lib.a(hpm_gpio_drv.c.obj)
                              (--whole-archive)
lib/libhpm_sdk_lib.a(hpm_spi_drv.c.obj)
                              (--whole-archive)
lib/libhpm_sdk_lib.a(hpm_gptmr_drv.c.obj)
                              (--whole-archive)
lib/libhpm_sdk_lib.a(hpm_pwm_drv.c.obj)
                              (--whole-archive)
lib/libhpm_sdk_lib.a(hpm_pllctlv2_drv.c.obj)
                              (--whole-archive)
lib/libhpm_sdk_lib.a(hpm_usb_drv.c.obj)
                              (--whole-archive)
lib/libhpm_sdk_lib.a(hpm_acmp_drv.c.obj)
                              (--whole-archive)
lib/libhpm_sdk_lib.a(hpm_adc16_drv.c.obj)
                              (--whole-archive)
lib/libhpm_sdk_lib.a(hpm_pcfg_drv.c.obj)
                              (--whole-archive)
lib/libhpm_sdk_lib.a(hpm_ptpc_drv.c.obj)
                              (--whole-archive)
lib/libhpm_sdk_lib.a(hpm_mchtmr_drv.c.obj)
                              (--whole-archive)
lib/libhpm_sdk_lib.a(hpm_tsns_drv.c.obj)
                              (--whole-archive)
lib/libhpm_sdk_lib.a(hpm_dac_drv.c.obj)
                              (--whole-archive)
lib/libhpm_sdk_lib.a(hpm_crc_drv.c.obj)
                              (--whole-archive)
lib/libhpm_sdk_lib.a(hpm_mcan_drv.c.obj)
                              (--whole-archive)
lib/libhpm_sdk_lib.a(hpm_qeiv2_drv.c.obj)
                              (--whole-archive)
lib/libhpm_sdk_lib.a(hpm_enc_pos_drv.c.obj)
                              (--whole-archive)
lib/libhpm_sdk_lib.a(hpm_sei_drv.c.obj)
                              (--whole-archive)
lib/libhpm_sdk_lib.a(hpm_qeo_drv.c.obj)
                              (--whole-archive)
lib/libhpm_sdk_lib.a(hpm_rdc_drv.c.obj)
                              (--whole-archive)
lib/libhpm_sdk_lib.a(hpm_mmc_drv.c.obj)
                              (--whole-archive)
lib/libhpm_sdk_lib.a(hpm_dmav2_drv.c.obj)
                              (--whole-archive)
lib/libhpm_sdk_lib.a(hpm_ewdg_drv.c.obj)
                              (--whole-archive)
lib/libhpm_sdk_lib.a(hpm_plb_drv.c.obj)
                              (--whole-archive)
lib/libhpm_sdk_lib.a(hpm_opamp_drv.c.obj)
                              (--whole-archive)
lib/libhpm_sdk_lib.a(hpm_sbrk.c.obj)
                              (--whole-archive)
lib/libhpm_sdk_lib.a(hpm_swap.c.obj)
                              (--whole-archive)
lib/libhpm_sdk_lib.a(hpm_ffssi.c.obj)
                              (--whole-archive)
lib/libhpm_sdk_lib.a(hpm_crc32.c.obj)
                              (--whole-archive)
lib/libhpm_sdk_lib.a(hpm_debug_console.c.obj)
                              (--whole-archive)
lib/libhpm_sdk_lib.a(hpm_adc_v2.c.obj)
                              (--whole-archive)
lib/libhpm_sdk_lib.a(hpm_adc_v2_port.c.obj)
                              (--whole-archive)
lib/libhpm_sdk_lib.a(hpm_mcl_abz.c.obj)
                              (--whole-archive)
lib/libhpm_sdk_lib.a(hpm_mcl_uvw.c.obj)
                              (--whole-archive)
lib/libhpm_sdk_lib.a(hpm_mcl_hw_loop.c.obj)
                              (--whole-archive)
lib/libhpm_sdk_lib.a(hpm_mcl_encoder.c.obj)
                              (--whole-archive)
lib/libhpm_sdk_lib.a(hpm_mcl_analog.c.obj)
[...]
Memory Configuration

Name             Origin             Length             Attributes
FLASH            0x80000000         0x00100000         xr
ILM              0x00000000         0x00020000         xw
DLM              0x00080300         0x0001fd00         w
AHB_SRAM         0xf0400000         0x00008000         w
*default*        0x00000000         0xffffffff

Linker script and memory map

LOAD CMakeFiles/app.dir/src/bldc_foc.c.obj
LOAD lib/libhpm_sdk_gcc_startup_lib.a
LOAD lib/libhpm_sdk_gcc_lib.a
LOAD lib/libhpm_sdk_lib.a
                0x00004000                        _heap_size = 0x4000
                0x00004000                        _stack_size = 0x4000
                0x00100000                        _flash_size = 0x100000
LOAD D:/sdk_env_v1.12.1/toolchains/rv32imac_zicsr_zifencei_multilib_b_ext-win/bin/../lib/gcc/riscv32-unknown-elf/13.2.0/../../../../riscv32-unknown-elf/lib/rv32imafc_zicsr_zifencei_zba_zbb_zbc_zbs/ilp32f\libm_nano.a
LOAD D:/sdk_env_v1.12.1/toolchains/rv32imac_zicsr_zifencei_multilib_b_ext-win/bin/../lib/gcc/riscv32-unknown-elf/13.2.0/rv32imafc_zicsr_zifencei_zba_zbb_zbc_zbs/ilp32f\libgcc.a
LOAD D:/sdk_env_v1.12.1/toolchains/rv32imac_zicsr_zifencei_multilib_b_ext-win/bin/../lib/gcc/riscv32-unknown-elf/13.2.0/../../../../riscv32-unknown-elf/lib/rv32imafc_zicsr_zifencei_zba_zbb_zbc_zbs/ilp32f\libg_nano.a
LOAD D:/sdk_env_v1.12.1/toolchains/rv32imac_zicsr_zifencei_multilib_b_ext-win/bin/../lib/gcc/riscv32-unknown-elf/13.2.0/../../../../riscv32-unknown-elf/lib/rv32imafc_zicsr_zifencei_zba_zbb_zbc_zbs/ilp32f\libc_nano.a
LOAD D:/sdk_env_v1.12.1/toolchains/rv32imac_zicsr_zifencei_multilib_b_ext-win/bin/../lib/gcc/riscv32-unknown-elf/13.2.0/rv32imafc_zicsr_zifencei_zba_zbb_zbc_zbs/ilp32f\libgcc.a
START GROUP
LOAD D:/sdk_env_v1.12.1/toolchains/rv32imac_zicsr_zifencei_multilib_b_ext-win/bin/../lib/gcc/riscv32-unknown-elf/13.2.0/rv32imafc_zicsr_zifencei_zba_zbb_zbc_zbs/ilp32f\libgcc.a
LOAD D:/sdk_env_v1.12.1/toolchains/rv32imac_zicsr_zifencei_multilib_b_ext-win/bin/../lib/gcc/riscv32-unknown-elf/13.2.0/../../../../riscv32-unknown-elf/lib/rv32imafc_zicsr_zifencei_zba_zbb_zbc_zbs/ilp32f\libc_nano.a
LOAD D:/sdk_env_v1.12.1/toolchains/rv32imac_zicsr_zifencei_multilib_b_ext-win/bin/../lib/gcc/riscv32-unknown-elf/13.2.0/../../../../riscv32-unknown-elf/lib/rv32imafc_zicsr_zifencei_zba_zbb_zbc_zbs/ilp32f\libgloss_nano.a
END GROUP
                0x00004000                        STACK_SIZE = _stack_size
                0x00004000                        HEAP_SIZE = _heap_size
                0x80000400                        __nor_cfg_option_load_addr__ = (ORIGIN (FLASH) + 0x400)
                0x80001000                        __boot_header_load_addr__ = (ORIGIN (FLASH) + 0x1000)
                0x80003000                        __app_load_addr__ = (ORIGIN (FLASH) + 0x3000)
                0x00000090                        __boot_header_length__ = (__boot_header_end__ - __boot_header_start__)
                0x00002000                        __app_offset__ = (__app_load_addr__ - __boot_header_load_addr__)

.nor_cfg_option
                0x80000400       0x10
 *(.nor_cfg_option)
 .nor_cfg_option
                0x80000400       0x10 lib/libhpm_sdk_lib.a(board.c.obj)
                0x80000400                option

.boot_header    0x80001000       0x90
                0x80001000                        __boot_header_start__ = .
 *(.boot_header)
 .boot_header   0x80001000       0x10 lib/libhpm_sdk_lib.a(hpm_bootheader.c.obj)
                0x80001000                header
 *(.fw_info_table)
 .fw_info_table
                0x80001010       0x80 lib/libhpm_sdk_lib.a(hpm_bootheader.c.obj)
                0x80001010                fw_info
 *(.dc_info)
                0x80001090                        __boot_header_end__ = .

.start          0x80003000       0x58
                0x80003000                        . = ALIGN (0x8)
 *(.start)
 .start         0x80003000       0x54 lib/libhpm_sdk_gcc_startup_lib.a(start.S.obj)
                0x80003000                _start
                0x80003052                exit
                0x80003058                        . = ALIGN (0x8)
 *fill*         0x80003054        0x4 
                0x80003058                        __vector_load_addr__ = (ADDR (.start) + SIZEOF (.start))

.vectors        0x00000000      0x6b0 load address 0x80003058
                0x00000000                        __vector_ram_start__ = .
 *(.vector_table)
 .vector_table  0x00000000      0x124 lib/libhpm_sdk_gcc_startup_lib.a(start.S.obj)
                0x00000000                __vector_table
 *(.isr_vector)
 .isr_vector    0x00000124      0x29a CMakeFiles/app.dir/src/bldc_foc.c.obj
                0x00000124                isr_gptmr
                0x0000015c                default_isr_7
                0x00000252                isr_adc
                0x000002c4                default_isr_59
 *fill*         0x000003be        0x2 
 .isr_vector    0x000003c0        0x8 lib/libhpm_sdk_gcc_startup_lib.a(start.S.obj)
                0x000003c0                nmi_handler
                0x000003c4                default_isr_17
                0x000003c4                default_isr_9
                0x000003c4                default_isr_61
                0x000003c4                default_isr_35
                0x000003c4                default_isr_41
                0x000003c4                default_isr_66
                0x000003c4                default_isr_23
                0x000003c4                default_isr_5
                0x000003c4                default_isr_68
                0x000003c4                default_isr_25
                0x000003c4                default_isr_31
                0x000003c4                default_isr_53
                0x000003c4                default_isr_27
                0x000003c4                default_isr_71
                0x000003c4                default_isr_3
                0x000003c4                default_isr_38
                0x000003c4                default_isr_1
                0x000003c4                default_isr_63
                0x000003c4                default_isr_20
                0x000003c4                default_isr_13
                0x000003c4                default_isr_40
                0x000003c4                default_isr_58
                0x000003c4                default_isr_10
                0x000003c4                default_isr_55
                0x000003c4                default_isr_46
                0x000003c4                default_isr_30
                0x000003c4                default_isr_4
                0x000003c4                default_isr_48
                0x000003c4                default_isr_33
                0x000003c4                default_isr_16
                0x000003c4                default_isr_28
                0x000003c4                default_isr_62
                0x000003c4                default_isr_52
                0x000003c4                default_isr_50
                0x000003c4                default_isr_69
                0x000003c4                default_isr_26
                0x000003c4                default_isr_32
                0x000003c4                default_isr_70
                0x000003c4                default_isr_43
                0x000003c4                default_isr_11
                0x000003c4                default_isr_56
                0x000003c4                default_irq_handler
                0x000003c4                default_isr_60
                0x000003c4                default_isr_49
                0x000003c4                default_isr_72
                0x000003c4                default_isr_2
                0x000003c4                default_isr_47
                0x000003c4                default_isr_6
                0x000003c4                default_isr_18
                0x000003c4                default_isr_65
                0x000003c4                default_isr_22
                0x000003c4                default_isr_42
                0x000003c4                default_isr_34
                0x000003c4                default_isr_36
                0x000003c4                default_isr_67
                0x000003c4                default_isr_24
                0x000003c4                default_isr_19
                0x000003c4                default_isr_29
                0x000003c4                default_isr_15
                0x000003c4                default_isr_51
                0x000003c4                default_isr_37
                0x000003c4                default_isr_39
                0x000003c4                default_isr_12
                0x000003c4                default_isr_44
                0x000003c4                default_isr_57
                0x000003c4                default_isr_64
                0x000003c4                default_isr_21
                0x000003c4                default_isr_14
                0x000003c4                default_isr_54
                0x000003c4                default_isr_45
 .isr_vector    0x000003c8      0x1ba lib/libhpm_sdk_gcc_lib.a(trap.c.obj)
                0x000003c8                irq_handler_trap
 *fill*         0x00000582        0x2 
 .isr_vector    0x00000584      0x12c lib/libhpm_sdk_lib.a(board.c.obj)
                0x00000584                board_timer_isr
                0x000005b8                default_isr_8
 *(.isr_vector.*)
                0x000006b0                        . = ALIGN (0x8)
                0x000006b0                        __vector_ram_end__ = .

.text           0x80003708    0x16520
                0x80003708                        . = ALIGN (0x8)
 *(.text)
 .text          0x80003708      0x350 D:/sdk_env_v1.12.1/toolchains/rv32imac_zicsr_zifencei_multilib_b_ext-win/bin/../lib/gcc/riscv32-unknown-elf/13.2.0/rv32imafc_zicsr_zifencei_zba_zbb_zbc_zbs/ilp32f\libgcc.a(_udivdi3.o)
                0x80003708                __udivdi3
 .text          0x80003a58      0x838 D:/sdk_env_v1.12.1/toolchains/rv32imac_zicsr_zifencei_multilib_b_ext-win/bin/../lib/gcc/riscv32-unknown-elf/13.2.0/rv32imafc_zicsr_zifencei_zba_zbb_zbc_zbs/ilp32f\libgcc.a(adddf3.o)
                0x80003a58                __adddf3
 .text          0x80004290      0x648 D:/sdk_env_v1.12.1/toolchains/rv32imac_zicsr_zifencei_multilib_b_ext-win/bin/../lib/gcc/riscv32-unknown-elf/13.2.0/rv32imafc_zicsr_zifencei_zba_zbb_zbc_zbs/ilp32f\libgcc.a(divdf3.o)
                0x80004290                __divdf3
 .text          0x800048d8       0xa2 D:/sdk_env_v1.12.1/toolchains/rv32imac_zicsr_zifencei_multilib_b_ext-win/bin/../lib/gcc/riscv32-unknown-elf/13.2.0/rv32imafc_zicsr_zifencei_zba_zbb_zbc_zbs/ilp32f\libgcc.a(gedf2.o)
                0x800048d8                __gedf2
                0x800048d8                __gtdf2
 .text          0x8000497a       0xa2 D:/sdk_env_v1.12.1/toolchains/rv32imac_zicsr_zifencei_multilib_b_ext-win/bin/../lib/gcc/riscv32-unknown-elf/13.2.0/rv32imafc_zicsr_zifencei_zba_zbb_zbc_zbs/ilp32f\libgcc.a(ledf2.o)
                0x8000497a                __ledf2
                0x8000497a                __ltdf2
 .text          0x80004a1c      0x568 D:/sdk_env_v1.12.1/toolchains/rv32imac_zicsr_zifencei_multilib_b_ext-win/bin/../lib/gcc/riscv32-unknown-elf/13.2.0/rv32imafc_zicsr_zifencei_zba_zbb_zbc_zbs/ilp32f\libgcc.a(muldf3.o)
                0x80004a1c                __muldf3
 .text          0x80004f84      0x86a D:/sdk_env_v1.12.1/toolchains/rv32imac_zicsr_zifencei_multilib_b_ext-win/bin/../lib/gcc/riscv32-unknown-elf/13.2.0/rv32imafc_zicsr_zifencei_zba_zbb_zbc_zbs/ilp32f\libgcc.a(subdf3.o)
                0x80004f84                __subdf3
 .text          0x800057ee       0xc2 D:/sdk_env_v1.12.1/toolchains/rv32imac_zicsr_zifencei_multilib_b_ext-win/bin/../lib/gcc/riscv32-unknown-elf/13.2.0/rv32imafc_zicsr_zifencei_zba_zbb_zbc_zbs/ilp32f\libgcc.a(fixdfsi.o)
                0x800057ee                __fixdfsi
 .text          0x800058b0       0x96 D:/sdk_env_v1.12.1/toolchains/rv32imac_zicsr_zifencei_multilib_b_ext-win/bin/../lib/gcc/riscv32-unknown-elf/13.2.0/rv32imafc_zicsr_zifencei_zba_zbb_zbc_zbs/ilp32f\libgcc.a(fixunsdfsi.o)
                0x800058b0                __fixunsdfsi
 .text          0x80005946       0x54 D:/sdk_env_v1.12.1/toolchains/rv32imac_zicsr_zifencei_multilib_b_ext-win/bin/../lib/gcc/riscv32-unknown-elf/13.2.0/rv32imafc_zicsr_zifencei_zba_zbb_zbc_zbs/ilp32f\libgcc.a(floatsidf.o)
                0x80005946                __floatsidf
 .text          0x8000599a       0x42 D:/sdk_env_v1.12.1/toolchains/rv32imac_zicsr_zifencei_multilib_b_ext-win/bin/../lib/gcc/riscv32-unknown-elf/13.2.0/rv32imafc_zicsr_zifencei_zba_zbb_zbc_zbs/ilp32f\libgcc.a(floatunsidf.o)
                0x8000599a                __floatunsidf
 .text          0x800059dc       0xa6 D:/sdk_env_v1.12.1/toolchains/rv32imac_zicsr_zifencei_multilib_b_ext-win/bin/../lib/gcc/riscv32-unknown-elf/13.2.0/rv32imafc_zicsr_zifencei_zba_zbb_zbc_zbs/ilp32f\libgcc.a(extendsfdf2.o)
                0x800059dc                __extendsfdf2
 .text          0x80005a82      0x200 D:/sdk_env_v1.12.1/toolchains/rv32imac_zicsr_zifencei_multilib_b_ext-win/bin/../lib/gcc/riscv32-unknown-elf/13.2.0/rv32imafc_zicsr_zifencei_zba_zbb_zbc_zbs/ilp32f\libgcc.a(truncdfsf2.o)
                0x80005a82                __truncdfsf2
 .text          0x80005c82       0x16 D:/sdk_env_v1.12.1/toolchains/rv32imac_zicsr_zifencei_multilib_b_ext-win/bin/../lib/gcc/riscv32-unknown-elf/13.2.0/../../../../riscv32-unknown-elf/lib/rv32imafc_zicsr_zifencei_zba_zbb_zbc_zbs/ilp32f\libg_nano.a(lib_a-memcpy-asm.o)
                0x80005c82                memcpy
 .text          0x80005c98       0x10 D:/sdk_env_v1.12.1/toolchains/rv32imac_zicsr_zifencei_multilib_b_ext-win/bin/../lib/gcc/riscv32-unknown-elf/13.2.0/../../../../riscv32-unknown-elf/lib/rv32imafc_zicsr_zifencei_zba_zbb_zbc_zbs/ilp32f\libg_nano.a(lib_a-memset.o)
                0x80005c98                memset
 .text          0x80005ca8       0x26 D:/sdk_env_v1.12.1/toolchains/rv32imac_zicsr_zifencei_multilib_b_ext-win/bin/../lib/gcc/riscv32-unknown-elf/13.2.0/../../../../riscv32-unknown-elf/lib/rv32imafc_zicsr_zifencei_zba_zbb_zbc_zbs/ilp32f\libg_nano.a(lib_a-memmove.o)
                0x80005ca8                memmove
 .text          0x80005cce       0xac D:/sdk_env_v1.12.1/toolchains/rv32imac_zicsr_zifencei_multilib_b_ext-win/bin/../lib/gcc/riscv32-unknown-elf/13.2.0/rv32imafc_zicsr_zifencei_zba_zbb_zbc_zbs/ilp32f\libgcc.a(eqdf2.o)
                0x80005cce                __nedf2
                0x80005cce                __eqdf2
 .text          0x80005d7a       0x7a D:/sdk_env_v1.12.1/toolchains/rv32imac_zicsr_zifencei_multilib_b_ext-win/bin/../lib/gcc/riscv32-unknown-elf/13.2.0/rv32imafc_zicsr_zifencei_zba_zbb_zbc_zbs/ilp32f\libgcc.a(unorddf2.o)
                0x80005d7a                __unorddf2
 .text          0x80005df4       0xf6 D:/sdk_env_v1.12.1/toolchains/rv32imac_zicsr_zifencei_multilib_b_ext-win/bin/../lib/gcc/riscv32-unknown-elf/13.2.0/rv32imafc_zicsr_zifencei_zba_zbb_zbc_zbs/ilp32f\libgcc.a(fixdfdi.o)
                0x80005df4                __fixdfdi
 .text          0x80005eea      0x192 D:/sdk_env_v1.12.1/toolchains/rv32imac_zicsr_zifencei_multilib_b_ext-win/bin/../lib/gcc/riscv32-unknown-elf/13.2.0/rv32imafc_zicsr_zifencei_zba_zbb_zbc_zbs/ilp32f\libgcc.a(floatdidf.o)
                0x80005eea                __floatdidf
 .text          0x8000607c      0x176 D:/sdk_env_v1.12.1/toolchains/rv32imac_zicsr_zifencei_multilib_b_ext-win/bin/../lib/gcc/riscv32-unknown-elf/13.2.0/rv32imafc_zicsr_zifencei_zba_zbb_zbc_zbs/ilp32f\libgcc.a(extenddftf2.o)
                0x8000607c                __extenddftf2
 .text          0x800061f2      0x358 D:/sdk_env_v1.12.1/toolchains/rv32imac_zicsr_zifencei_multilib_b_ext-win/bin/../lib/gcc/riscv32-unknown-elf/13.2.0/rv32imafc_zicsr_zifencei_zba_zbb_zbc_zbs/ilp32f\libgcc.a(trunctfdf2.o)
                0x800061f2                __trunctfdf2
 .text          0x8000654a       0x28 D:/sdk_env_v1.12.1/toolchains/rv32imac_zicsr_zifencei_multilib_b_ext-win/bin/../lib/gcc/riscv32-unknown-elf/13.2.0/rv32imafc_zicsr_zifencei_zba_zbb_zbc_zbs/ilp32f\libgcc.a(_lshrdi3.o)
                0x8000654a                __lshrdi3
 .text          0x80006572       0x28 D:/sdk_env_v1.12.1/toolchains/rv32imac_zicsr_zifencei_multilib_b_ext-win/bin/../lib/gcc/riscv32-unknown-elf/13.2.0/rv32imafc_zicsr_zifencei_zba_zbb_zbc_zbs/ilp32f\libgcc.a(_ashldi3.o)
                0x80006572                __ashldi3
 *(.text*)
 .text.core_local_mem_to_sys_address
                0x8000659a       0x12 CMakeFiles/app.dir/src/bldc_foc.c.obj
 .text.pwm_deinit
                0x800065ac       0xc4 CMakeFiles/app.dir/src/bldc_foc.c.obj
 .text.pwm_issue_shadow_register_lock_event
                0x80006670       0x24 CMakeFiles/app.dir/src/bldc_foc.c.obj
 .text.pwm_shadow_register_unlock
                0x80006694       0x16 CMakeFiles/app.dir/src/bldc_foc.c.obj
 .text.pwm_set_start_count
                0x800066aa       0x2e CMakeFiles/app.dir/src/bldc_foc.c.obj
 .text.pwm_set_reload
                0x800066d8       0x36 CMakeFiles/app.dir/src/bldc_foc.c.obj
 .text.pwm_config_cmp
                0x8000670e       0xb4 CMakeFiles/app.dir/src/bldc_foc.c.obj
 .text.pwm_config_output_channel
                0x800067c2       0x54 CMakeFiles/app.dir/src/bldc_foc.c.obj
 .text.pwm_config_fault_source
                0x80006816       0x74 CMakeFiles/app.dir/src/bldc_foc.c.obj
 .text.pwm_stop_counter
                0x8000688a       0x1a CMakeFiles/app.dir/src/bldc_foc.c.obj
 .text.pwm_start_counter
                0x800068a4       0x1a CMakeFiles/app.dir/src/bldc_foc.c.obj
 .text.pwm_enable_sw_force
                0x800068be       0x1a CMakeFiles/app.dir/src/bldc_foc.c.obj
 .text.pwm_disable_sw_force
                0x800068d8       0x1a CMakeFiles/app.dir/src/bldc_foc.c.obj
 .text.pwm_enable_reload_at_synci
                0x800068f2       0x1a CMakeFiles/app.dir/src/bldc_foc.c.obj
 .text.pwm_set_force_output
                0x8000690c       0x18 CMakeFiles/app.dir/src/bldc_foc.c.obj
 .text.pwm_config_force_cmd_timing
                0x80006924       0x26 CMakeFiles/app.dir/src/bldc_foc.c.obj
 .text.pwm_enable_pwm_sw_force_output
                0x8000694a       0x36 CMakeFiles/app.dir/src/bldc_foc.c.obj
 .text.trgm_output_config
                0x80006980       0x54 CMakeFiles/app.dir/src/bldc_foc.c.obj
 .text.trgm_dma_request_config
                0x800069d4       0x36 CMakeFiles/app.dir/src/bldc_foc.c.obj
 .text.gptmr_enable_irq
                0x80006a0a       0x1c CMakeFiles/app.dir/src/bldc_foc.c.obj
 .text.gptmr_check_status
                0x80006a26       0x24 CMakeFiles/app.dir/src/bldc_foc.c.obj
 .text.gptmr_clear_status
                0x80006a4a       0x14 CMakeFiles/app.dir/src/bldc_foc.c.obj
 .text.hpm_mcl_loop_enable
                0x80006a5e       0x12 CMakeFiles/app.dir/src/bldc_foc.c.obj
 .text.hpm_mcl_enable_dead_area_compensation
                0x80006a70       0x3e CMakeFiles/app.dir/src/bldc_foc.c.obj
 .text.hpm_mcl_enable_dq_axis_decoupling
                0x80006aae       0x3e CMakeFiles/app.dir/src/bldc_foc.c.obj
 .text.dma_set_infinite_loop_mode
                0x80006aec       0x3a CMakeFiles/app.dir/src/bldc_foc.c.obj
 .text.dma_set_handshake_option
                0x80006b26       0x42 CMakeFiles/app.dir/src/bldc_foc.c.obj
 .text.dmamux_config
                0x80006b68       0x3c CMakeFiles/app.dir/src/bldc_foc.c.obj
 .text.motor0_control_init
                0x80006ba4        0x4 CMakeFiles/app.dir/src/bldc_foc.c.obj
                0x80006ba4                motor0_control_init
 .text.analog_update_sample_location
                0x80006ba8        0xe CMakeFiles/app.dir/src/bldc_foc.c.obj
                0x80006ba8                analog_update_sample_location
 .text.encoder_start_sample
                0x80006bb6        0x6 CMakeFiles/app.dir/src/bldc_foc.c.obj
                0x80006bb6                encoder_start_sample
 .text.read_vbus
                0x80006bbc       0x94 CMakeFiles/app.dir/src/bldc_foc.c.obj
                0x80006bbc                read_vbus
 .text.motor_init
                0x80006c50      0x95c CMakeFiles/app.dir/src/bldc_foc.c.obj
                0x80006c50                motor_init
 .text.pwm_duty_set
                0x800075ac       0xd8 CMakeFiles/app.dir/src/bldc_foc.c.obj
                0x800075ac                pwm_duty_set
 .text.spi1_config
                0x80007684       0xa2 CMakeFiles/app.dir/src/bldc_foc.c.obj
                0x80007684                spi1_config
 .text.mt6835_read_byte
                0x80007726       0x8c CMakeFiles/app.dir/src/bldc_foc.c.obj
 .text.mt6835_read_angle_seq3
                0x800077b2       0xa2 CMakeFiles/app.dir/src/bldc_foc.c.obj
 .text.mt6835_seq3_init
                0x80007854      0x132 CMakeFiles/app.dir/src/bldc_foc.c.obj
                0x80007854                mt6835_seq3_init
 .text.encoder_get_theta
                0x80007986      0x13e CMakeFiles/app.dir/src/bldc_foc.c.obj
                0x80007986                encoder_get_theta
 .text.encoder_get_abs_theta
                0x80007ac4       0x14 CMakeFiles/app.dir/src/bldc_foc.c.obj
                0x80007ac4                encoder_get_abs_theta
 .text.adc_value_get
                0x80007ad8       0x8a CMakeFiles/app.dir/src/bldc_foc.c.obj
                0x80007ad8                adc_value_get
 .text.enable_all_pwm_output
                0x80007b62       0x16 CMakeFiles/app.dir/src/bldc_foc.c.obj
                0x80007b62                enable_all_pwm_output
 .text.disable_all_pwm_output
                0x80007b78       0x66 CMakeFiles/app.dir/src/bldc_foc.c.obj
                0x80007b78                disable_all_pwm_output
 .text.pwm_init
                0x80007bde      0x342 CMakeFiles/app.dir/src/bldc_foc.c.obj
                0x80007bde                pwm_init
 .text.timer_init
                0x80007f20       0xd6 CMakeFiles/app.dir/src/bldc_foc.c.obj
 .text.init_trigger_mux
                0x80007ff6       0x2a CMakeFiles/app.dir/src/bldc_foc.c.obj
                0x80007ff6                init_trigger_mux
 .text.init_trigger_cfg
                0x80008020       0x74 CMakeFiles/app.dir/src/bldc_foc.c.obj
                0x80008020                init_trigger_cfg
 .text.adc_init
                0x80008094      0x108 CMakeFiles/app.dir/src/bldc_foc.c.obj
                0x80008094                adc_init
 .text.adc_isr_enable
                0x8000819c       0x9e CMakeFiles/app.dir/src/bldc_foc.c.obj
                0x8000819c                adc_isr_enable
 .text.motor_adc_midpoint
                0x8000823a       0x76 CMakeFiles/app.dir/src/bldc_foc.c.obj
                0x8000823a                motor_adc_midpoint
 .text.mcl_user_delay_us
                0x800082b0       0x18 CMakeFiles/app.dir/src/bldc_foc.c.obj
                0x800082b0                mcl_user_delay_us
 .text.main     0x800082c8      0x17a CMakeFiles/app.dir/src/bldc_foc.c.obj
                0x800082c8                main
 .text.__libc_init_array
                0x80008442       0x6e lib/libhpm_sdk_gcc_startup_lib.a(initfini.c.obj)
                0x80008442                __libc_init_array
 .text._clean_up
                0x800084b0       0xaa lib/libhpm_sdk_gcc_lib.a(reset.c.obj)
                0x800084b0                _clean_up
 .text.section_clear
                0x8000855a       0x92 lib/libhpm_sdk_gcc_lib.a(reset.c.obj)
 .text.section_copy
                0x800085ec       0xca lib/libhpm_sdk_gcc_lib.a(reset.c.obj)
 .text.c_startup
                0x800086b6       0x9a lib/libhpm_sdk_gcc_lib.a(reset.c.obj)
                0x800086b6                c_startup
 .text.reset_handler
                0x80008750       0x18 lib/libhpm_sdk_gcc_lib.a(reset.c.obj)
                0x80008750                reset_handler
 .text._init    0x80008768        0x4 lib/libhpm_sdk_gcc_lib.a(reset.c.obj)
                0x80008768                _init
 .text.mchtmr_isr
                0x8000876c        0x4 lib/libhpm_sdk_gcc_lib.a(trap.c.obj)
                0x8000876c                mchtmr_isr
 .text.swi_isr  0x80008770        0x4 lib/libhpm_sdk_gcc_lib.a(trap.c.obj)
                0x80008770                swi_isr
 .text.syscall_handler
                0x80008774       0x12 lib/libhpm_sdk_gcc_lib.a(trap.c.obj)
                0x80008774                syscall_handler
 .text.exception_handler
                0x80008786       0x2c lib/libhpm_sdk_gcc_lib.a(trap.c.obj)
                0x80008786                exception_handler
 .text.l1c_dc_enable
                0x800087b2       0x34 lib/libhpm_sdk_lib.a(hpm_l1c_drv.c.obj)
                0x800087b2                l1c_dc_enable
 .text.l1c_ic_enable
                0x800087e6       0x2e lib/libhpm_sdk_lib.a(hpm_l1c_drv.c.obj)
                0x800087e6                l1c_ic_enable
 .text.l1c_dc_invalidate_all
                0x80008814       0x18 lib/libhpm_sdk_lib.a(hpm_l1c_drv.c.obj)
                0x80008814                l1c_dc_invalidate_all
 .text.l1c_dc_enable_writearound
                0x8000882c        0xa lib/libhpm_sdk_lib.a(hpm_l1c_drv.c.obj)
                0x8000882c                l1c_dc_enable_writearound
 .text.init_py_pins_as_pgpio
                0x80008836       0x4c lib/libhpm_sdk_lib.a(pinmux.c.obj)
                0x80008836                init_py_pins_as_pgpio
 .text.init_uart0_pins
                0x80008882       0x14 lib/libhpm_sdk_lib.a(pinmux.c.obj)
                0x80008882                init_uart0_pins
 .text.init_uart2_pins
                0x80008896       0x22 lib/libhpm_sdk_lib.a(pinmux.c.obj)
                0x80008896                init_uart2_pins
 .text.init_uart3_pins
                0x800088b8       0x14 lib/libhpm_sdk_lib.a(pinmux.c.obj)
                0x800088b8                init_uart3_pins
 .text.init_spi1_pins
                0x800088cc       0x78 lib/libhpm_sdk_lib.a(pinmux.c.obj)
                0x800088cc                init_spi1_pins
 .text.init_acmp_pins
                0x80008944       0x1a lib/libhpm_sdk_lib.a(pinmux.c.obj)
                0x80008944                init_acmp_pins
 .text.init_pwm0_pins
                0x8000895e       0x40 lib/libhpm_sdk_lib.a(pinmux.c.obj)
                0x8000895e                init_pwm0_pins
 .text.init_pwm1_pins
                0x8000899e       0x6c lib/libhpm_sdk_lib.a(pinmux.c.obj)
                0x8000899e                init_pwm1_pins
 .text.init_adc_bldc_pins
                0x80008a0a       0x28 lib/libhpm_sdk_lib.a(pinmux.c.obj)
                0x80008a0a                init_adc_bldc_pins
 .text.sysctl_resource_any_is_busy
                0x80008a32       0x1c lib/libhpm_sdk_lib.a(board.c.obj)
 .text.sysctl_resource_target_is_busy
                0x80008a4e       0x24 lib/libhpm_sdk_lib.a(board.c.obj)
 .text.sysctl_resource_target_set_mode
                0x80008a72       0x2e lib/libhpm_sdk_lib.a(board.c.obj)
 .text.sysctl_resource_target_get_mode
                0x80008aa0       0x20 lib/libhpm_sdk_lib.a(board.c.obj)
 .text.sysctl_clock_set_preset
                0x80008ac0       0x28 lib/libhpm_sdk_lib.a(board.c.obj)
 .text.gptmr_check_status
                0x80008ae8       0x24 lib/libhpm_sdk_lib.a(board.c.obj)
 .text.gptmr_clear_status
                0x80008b0c       0x14 lib/libhpm_sdk_lib.a(board.c.obj)
 .text.usb_phy_disable_dp_dm_pulldown
                0x80008b20       0x20 lib/libhpm_sdk_lib.a(board.c.obj)
 .text.pllctlv2_xtal_is_stable
                0x80008b40       0x36 lib/libhpm_sdk_lib.a(board.c.obj)
 .text.pllctlv2_xtal_is_enabled
                0x80008b76       0x1c lib/libhpm_sdk_lib.a(board.c.obj)
 .text.pllctlv2_xtal_set_rampup_time
                0x80008b92       0x26 lib/libhpm_sdk_lib.a(board.c.obj)
 .text.board_init_console
                0x80008bb8       0x42 lib/libhpm_sdk_lib.a(board.c.obj)
                0x80008bb8                board_init_console
 .text.board_init
                0x80008bfa       0x18 lib/libhpm_sdk_lib.a(board.c.obj)
                0x80008bfa                board_init
 .text.board_init_usb_dp_dm_pins
                0x80008c12       0xb2 lib/libhpm_sdk_lib.a(board.c.obj)
                0x80008c12                board_init_usb_dp_dm_pins
 .text.board_init_clock
                0x80008cc4       0x62 lib/libhpm_sdk_lib.a(board.c.obj)
                0x80008cc4                board_init_clock
 .text.board_delay_us
                0x80008d26       0x14 lib/libhpm_sdk_lib.a(board.c.obj)
                0x80008d26                board_delay_us
 .text.board_delay_ms
                0x80008d3a       0x14 lib/libhpm_sdk_lib.a(board.c.obj)
                0x80008d3a                board_delay_ms
 .text.board_init_adc_clock
                0x80008d4e       0x5e lib/libhpm_sdk_lib.a(board.c.obj)
                0x80008d4e                board_init_adc_clock
 .text.board_init_pmp
                0x80008dac        0x4 lib/libhpm_sdk_lib.a(board.c.obj)
                0x80008dac                board_init_pmp
 .text.init_uart_pins
                0x80008db0       0x3c lib/libhpm_sdk_lib.a(board.c.obj)
                0x80008db0                init_uart_pins
 .text.init_pwm_pins
                0x80008dec       0x2a lib/libhpm_sdk_lib.a(board.c.obj)
                0x80008dec                init_pwm_pins
 .text.init_board_clock
                0x80008e16       0x92 lib/libhpm_sdk_lib.a(clock.c.obj)
                0x80008e16                init_board_clock
 .text.init_board_clock_source
                0x80008ea8       0x50 lib/libhpm_sdk_lib.a(clock.c.obj)
                0x80008ea8                init_board_clock_source
 .text.init_uart0_clock
                0x80008ef8       0x1a lib/libhpm_sdk_lib.a(clock.c.obj)
                0x80008ef8                init_uart0_clock
 .text.init_spi1_clock
                0x80008f12       0x1a lib/libhpm_sdk_lib.a(clock.c.obj)
                0x80008f12                init_spi1_clock
 .text.init_adc0_bus_clock
                0x80008f2c       0x36 lib/libhpm_sdk_lib.a(clock.c.obj)
                0x80008f2c                init_adc0_bus_clock
 .text.init_adc0_analog_clock
                0x80008f62       0x36 lib/libhpm_sdk_lib.a(clock.c.obj)
                0x80008f62                init_adc0_analog_clock
 .text.init_adc1_bus_clock
                0x80008f98       0x36 lib/libhpm_sdk_lib.a(clock.c.obj)
                0x80008f98                init_adc1_bus_clock
 .text.init_adc1_analog_clock
                0x80008fce       0x34 lib/libhpm_sdk_lib.a(clock.c.obj)
                0x80008fce                init_adc1_analog_clock
 .text.init_usb0_clock
                0x80009002       0x1a lib/libhpm_sdk_lib.a(clock.c.obj)
                0x80009002                init_usb0_clock
 .text.enable_plic_feature
                0x8000901c       0x2c lib/libhpm_sdk_lib.a(system.c.obj)
                0x8000901c                enable_plic_feature
 .text.system_init
                0x80009048       0x54 lib/libhpm_sdk_lib.a(system.c.obj)
                0x80009048                system_init
 .text.sysctl_resource_target_is_busy
                0x8000909c       0x24 lib/libhpm_sdk_lib.a(hpm_sysctl_drv.c.obj)
 .text.sysctl_cpu_clock_any_is_busy
                0x800090c0       0x22 lib/libhpm_sdk_lib.a(hpm_sysctl_drv.c.obj)
 .text.sysctl_clock_target_is_busy
                0x800090e2       0x28 lib/libhpm_sdk_lib.a(hpm_sysctl_drv.c.obj)
 .text.sysctl_enable_group_resource
                0x8000910a       0x9c lib/libhpm_sdk_lib.a(hpm_sysctl_drv.c.obj)
                0x8000910a                sysctl_enable_group_resource
 .text.sysctl_check_group_resource_enable
                0x800091a6       0x52 lib/libhpm_sdk_lib.a(hpm_sysctl_drv.c.obj)
                0x800091a6                sysctl_check_group_resource_enable
 .text.sysctl_config_clock
                0x800091f8       0x70 lib/libhpm_sdk_lib.a(hpm_sysctl_drv.c.obj)
                0x800091f8                sysctl_config_clock
 .text.sysctl_config_cpu0_domain_clock
                0x80009268       0xae lib/libhpm_sdk_lib.a(hpm_sysctl_drv.c.obj)
                0x80009268                sysctl_config_cpu0_domain_clock
 .text.hpm_csr_get_core_cycle
                0x80009316       0x7a lib/libhpm_sdk_lib.a(hpm_clock_drv.c.obj)
 .text.clock_get_frequency
                0x80009390       0x8c lib/libhpm_sdk_lib.a(hpm_clock_drv.c.obj)
                0x80009390                clock_get_frequency
 .text.get_frequency_for_source
                0x8000941c       0xae lib/libhpm_sdk_lib.a(hpm_clock_drv.c.obj)
                0x8000941c                get_frequency_for_source
 .text.get_frequency_for_ip_in_common_group
                0x800094ca       0x64 lib/libhpm_sdk_lib.a(hpm_clock_drv.c.obj)
 .text.get_frequency_for_adc
                0x8000952e       0x84 lib/libhpm_sdk_lib.a(hpm_clock_drv.c.obj)
 .text.get_frequency_for_dac
                0x800095b2       0x7e lib/libhpm_sdk_lib.a(hpm_clock_drv.c.obj)
 .text.get_frequency_for_ewdg
                0x80009630       0x34 lib/libhpm_sdk_lib.a(hpm_clock_drv.c.obj)
 .text.get_frequency_for_pewdg
                0x80009664       0x28 lib/libhpm_sdk_lib.a(hpm_clock_drv.c.obj)
 .text.get_frequency_for_cpu
                0x8000968c       0x40 lib/libhpm_sdk_lib.a(hpm_clock_drv.c.obj)
 .text.get_frequency_for_ahb
                0x800096cc       0x2a lib/libhpm_sdk_lib.a(hpm_clock_drv.c.obj)
 .text.clock_set_adc_source
                0x800096f6       0x88 lib/libhpm_sdk_lib.a(hpm_clock_drv.c.obj)
                0x800096f6                clock_set_adc_source
 .text.clock_set_source_divider
                0x8000977e       0xe8 lib/libhpm_sdk_lib.a(hpm_clock_drv.c.obj)
                0x8000977e                clock_set_source_divider
 .text.clock_add_to_group
                0x80009866       0x34 lib/libhpm_sdk_lib.a(hpm_clock_drv.c.obj)
                0x80009866                clock_add_to_group
 .text.clock_remove_from_group
                0x8000989a       0x34 lib/libhpm_sdk_lib.a(hpm_clock_drv.c.obj)
                0x8000989a                clock_remove_from_group
 .text.clock_check_in_group
                0x800098ce       0x2a lib/libhpm_sdk_lib.a(hpm_clock_drv.c.obj)
                0x800098ce                clock_check_in_group
 .text.clock_connect_group_to_cpu
                0x800098f8       0x28 lib/libhpm_sdk_lib.a(hpm_clock_drv.c.obj)
                0x800098f8                clock_connect_group_to_cpu
 .text.clock_get_core_clock_ticks_per_us
                0x80009920       0x2e lib/libhpm_sdk_lib.a(hpm_clock_drv.c.obj)
                0x80009920                clock_get_core_clock_ticks_per_us
 .text.clock_get_core_clock_ticks_per_ms
                0x8000994e       0x24 lib/libhpm_sdk_lib.a(hpm_clock_drv.c.obj)
                0x8000994e                clock_get_core_clock_ticks_per_ms
 .text.clock_cpu_delay_us
                0x80009972       0x94 lib/libhpm_sdk_lib.a(hpm_clock_drv.c.obj)
                0x80009972                clock_cpu_delay_us
 .text.clock_cpu_delay_ms
                0x80009a06       0x94 lib/libhpm_sdk_lib.a(hpm_clock_drv.c.obj)
                0x80009a06                clock_cpu_delay_ms
 .text.clock_update_core_clock
                0x80009a9a       0x1c lib/libhpm_sdk_lib.a(hpm_clock_drv.c.obj)
                0x80009a9a                clock_update_core_clock
 .text.uart_modem_config
                0x80009ab6       0x3c lib/libhpm_sdk_lib.a(hpm_uart_drv.c.obj)
 .text.uart_disable_irq
                0x80009af2       0x1c lib/libhpm_sdk_lib.a(hpm_uart_drv.c.obj)
 .text.uart_enable_irq
                0x80009b0e       0x18 lib/libhpm_sdk_lib.a(hpm_uart_drv.c.obj)
 .text.uart_default_config
                0x80009b26       0x94 lib/libhpm_sdk_lib.a(hpm_uart_drv.c.obj)
                0x80009b26                uart_default_config
 .text.uart_calculate_baudrate
                0x80009bba      0x25c lib/libhpm_sdk_lib.a(hpm_uart_drv.c.obj)
 .text.uart_init
                0x80009e16      0x1ce lib/libhpm_sdk_lib.a(hpm_uart_drv.c.obj)
                0x80009e16                uart_init
 .text.uart_send_byte
                0x80009fe4       0x4e lib/libhpm_sdk_lib.a(hpm_uart_drv.c.obj)
                0x80009fe4                uart_send_byte
 .text.uart_flush
                0x8000a032       0x40 lib/libhpm_sdk_lib.a(hpm_uart_drv.c.obj)
                0x8000a032                uart_flush
 .text.uart_receive_byte
                0x8000a072       0x4e lib/libhpm_sdk_lib.a(hpm_uart_drv.c.obj)
                0x8000a072                uart_receive_byte
 .text.uart_init_rxline_idle_detection
                0x8000a0c0       0x60 lib/libhpm_sdk_lib.a(hpm_uart_drv.c.obj)
                0x8000a0c0                uart_init_rxline_idle_detection
 .text.uart_init_txline_idle_detection
                0x8000a120       0x76 lib/libhpm_sdk_lib.a(hpm_uart_drv.c.obj)
                0x8000a120                uart_init_txline_idle_detection
 .text.spi_get_data_length_in_bits
                0x8000a196       0x20 lib/libhpm_sdk_lib.a(hpm_spi_drv.c.obj)
 .text.spi_get_data_length_in_bytes
                0x8000a1b6       0x1c lib/libhpm_sdk_lib.a(hpm_spi_drv.c.obj)
 .text.spi_is_active
                0x8000a1d2       0x1a lib/libhpm_sdk_lib.a(hpm_spi_drv.c.obj)
 .text.spi_get_rx_fifo_valid_data_size
                0x8000a1ec       0x34 lib/libhpm_sdk_lib.a(hpm_spi_drv.c.obj)
 .text.spi_wait_for_idle_status
                0x8000a220       0x40 lib/libhpm_sdk_lib.a(hpm_spi_drv.c.obj)
                0x8000a220                spi_wait_for_idle_status
 .text.spi_poll_reset_complete
                0x8000a260       0x3a lib/libhpm_sdk_lib.a(hpm_spi_drv.c.obj)
                0x8000a260                spi_poll_reset_complete
 .text.spi_write_command
                0x8000a29a       0x3c lib/libhpm_sdk_lib.a(hpm_spi_drv.c.obj)
                0x8000a29a                spi_write_command
 .text.spi_read_command
                0x8000a2d6       0x40 lib/libhpm_sdk_lib.a(hpm_spi_drv.c.obj)
                0x8000a2d6                spi_read_command
 .text.spi_write_address
                0x8000a316       0x2e lib/libhpm_sdk_lib.a(hpm_spi_drv.c.obj)
                0x8000a316                spi_write_address
 .text.spi_write_data
                0x8000a344       0xc6 lib/libhpm_sdk_lib.a(hpm_spi_drv.c.obj)
                0x8000a344                spi_write_data
 .text.spi_read_data
                0x8000a40a       0xf6 lib/libhpm_sdk_lib.a(hpm_spi_drv.c.obj)
                0x8000a40a                spi_read_data
 .text.spi_write_read_data
                0x8000a500      0x152 lib/libhpm_sdk_lib.a(hpm_spi_drv.c.obj)
                0x8000a500                spi_write_read_data
 .text.spi_no_data
                0x8000a652       0x38 lib/libhpm_sdk_lib.a(hpm_spi_drv.c.obj)
 .text.spi_master_get_default_timing_config
                0x8000a68a       0x1a lib/libhpm_sdk_lib.a(hpm_spi_drv.c.obj)
                0x8000a68a                spi_master_get_default_timing_config
 .text.spi_master_get_default_format_config
                0x8000a6a4       0x44 lib/libhpm_sdk_lib.a(hpm_spi_drv.c.obj)
                0x8000a6a4                spi_master_get_default_format_config
 .text.spi_master_get_default_control_config
                0x8000a6e8       0x52 lib/libhpm_sdk_lib.a(hpm_spi_drv.c.obj)
                0x8000a6e8                spi_master_get_default_control_config
 .text.spi_master_timing_init
                0x8000a73a       0x9a lib/libhpm_sdk_lib.a(hpm_spi_drv.c.obj)
                0x8000a73a                spi_master_timing_init
 .text.spi_format_init
                0x8000a7d4       0x80 lib/libhpm_sdk_lib.a(hpm_spi_drv.c.obj)
                0x8000a7d4                spi_format_init
 .text.spi_control_init
                0x8000a854      0x148 lib/libhpm_sdk_lib.a(hpm_spi_drv.c.obj)
                0x8000a854                spi_control_init
 .text.spi_transfer
                0x8000a99c      0x19c lib/libhpm_sdk_lib.a(hpm_spi_drv.c.obj)
                0x8000a99c                spi_transfer
 .text.gptmr_channel_reset_count
                0x8000ab38       0x4a lib/libhpm_sdk_lib.a(hpm_gptmr_drv.c.obj)
 .text.gptmr_channel_set_capmode
                0x8000ab82       0x36 lib/libhpm_sdk_lib.a(hpm_gptmr_drv.c.obj)
 .text.gptmr_update_cmp
                0x8000abb8       0x42 lib/libhpm_sdk_lib.a(hpm_gptmr_drv.c.obj)
 .text.gptmr_channel_config_update_reload
                0x8000abfa       0x32 lib/libhpm_sdk_lib.a(hpm_gptmr_drv.c.obj)
 .text.gptmr_channel_enable_monitor
                0x8000ac2c       0x2c lib/libhpm_sdk_lib.a(hpm_gptmr_drv.c.obj)
 .text.gptmr_channel_disable_monitor
                0x8000ac58       0x2e lib/libhpm_sdk_lib.a(hpm_gptmr_drv.c.obj)
 .text.gptmr_channel_set_monitor_type
                0x8000ac86       0x3e lib/libhpm_sdk_lib.a(hpm_gptmr_drv.c.obj)
 .text.gptmr_channel_get_default_config
                0x8000acc4       0x8e lib/libhpm_sdk_lib.a(hpm_gptmr_drv.c.obj)
                0x8000acc4                gptmr_channel_get_default_config
 .text.gptmr_channel_config
                0x8000ad52      0x1a6 lib/libhpm_sdk_lib.a(hpm_gptmr_drv.c.obj)
                0x8000ad52                gptmr_channel_config
 .text.gptmr_channel_get_default_monitor_config
                0x8000aef8       0x1e lib/libhpm_sdk_lib.a(hpm_gptmr_drv.c.obj)
                0x8000aef8                gptmr_channel_get_default_monitor_config
 .text.gptmr_channel_monitor_config
                0x8000af16       0xb6 lib/libhpm_sdk_lib.a(hpm_gptmr_drv.c.obj)
                0x8000af16                gptmr_channel_monitor_config
 .text.pwm_issue_shadow_register_lock_event
                0x8000afcc       0x24 lib/libhpm_sdk_lib.a(hpm_pwm_drv.c.obj)
 .text.pwm_shadow_register_unlock
                0x8000aff0       0x16 lib/libhpm_sdk_lib.a(hpm_pwm_drv.c.obj)
 .text.pwm_config_cmp
                0x8000b006       0xb4 lib/libhpm_sdk_lib.a(hpm_pwm_drv.c.obj)
 .text.pwm_config_output_channel
                0x8000b0ba       0x54 lib/libhpm_sdk_lib.a(hpm_pwm_drv.c.obj)
 .text.pwm_config_pwm
                0x8000b10e       0xa2 lib/libhpm_sdk_lib.a(hpm_pwm_drv.c.obj)
 .text.pwm_load_cmp_shadow_on_match
                0x8000b1b0       0x5c lib/libhpm_sdk_lib.a(hpm_pwm_drv.c.obj)
                0x8000b1b0                pwm_load_cmp_shadow_on_match
 .text.pwm_get_default_pwm_config
                0x8000b20c       0x3e lib/libhpm_sdk_lib.a(hpm_pwm_drv.c.obj)
                0x8000b20c                pwm_get_default_pwm_config
 .text.pwm_get_default_pwm_pair_config
                0x8000b24a       0x22 lib/libhpm_sdk_lib.a(hpm_pwm_drv.c.obj)
                0x8000b24a                pwm_get_default_pwm_pair_config
 .text.pwm_setup_waveform_in_pair
                0x8000b26c      0x18e lib/libhpm_sdk_lib.a(hpm_pwm_drv.c.obj)
                0x8000b26c                pwm_setup_waveform_in_pair
 .text.pllctlv2_pll_is_stable
                0x8000b3fa       0x40 lib/libhpm_sdk_lib.a(hpm_pllctlv2_drv.c.obj)
 .text.pllctlv2_pll_clk_is_stable
                0x8000b43a       0x4c lib/libhpm_sdk_lib.a(hpm_pllctlv2_drv.c.obj)
 .text.pllctlv2_init_pll_with_freq
                0x8000b486       0x9e lib/libhpm_sdk_lib.a(hpm_pllctlv2_drv.c.obj)
                0x8000b486                pllctlv2_init_pll_with_freq
 .text.pllctlv2_set_postdiv
                0x8000b524       0x72 lib/libhpm_sdk_lib.a(hpm_pllctlv2_drv.c.obj)
                0x8000b524                pllctlv2_set_postdiv
 .text.pllctlv2_get_pll_freq_in_hz
                0x8000b596      0x13a lib/libhpm_sdk_lib.a(hpm_pllctlv2_drv.c.obj)
                0x8000b596                pllctlv2_get_pll_freq_in_hz
 .text.pllctlv2_get_pll_postdiv_freq_in_hz
                0x8000b6d0       0x7a lib/libhpm_sdk_lib.a(hpm_pllctlv2_drv.c.obj)
                0x8000b6d0                pllctlv2_get_pll_postdiv_freq_in_hz
 .text.adc16_get_default_config
                0x8000b74a       0x3a lib/libhpm_sdk_lib.a(hpm_adc16_drv.c.obj)
                0x8000b74a                adc16_get_default_config
 .text.adc16_get_channel_default_config
                0x8000b784       0x30 lib/libhpm_sdk_lib.a(hpm_adc16_drv.c.obj)
                0x8000b784                adc16_get_channel_default_config
 .text.adc16_do_calibration
                0x8000b7b4      0x366 lib/libhpm_sdk_lib.a(hpm_adc16_drv.c.obj)
 .text.adc16_init
                0x8000bb1a      0x168 lib/libhpm_sdk_lib.a(hpm_adc16_drv.c.obj)
                0x8000bb1a                adc16_init
 .text.adc16_init_channel
                0x8000bc82       0x80 lib/libhpm_sdk_lib.a(hpm_adc16_drv.c.obj)
                0x8000bc82                adc16_init_channel
 .text.adc16_trigger_pmt_by_sw
                0x8000bd02       0x20 lib/libhpm_sdk_lib.a(hpm_adc16_drv.c.obj)
                0x8000bd02                adc16_trigger_pmt_by_sw
 .text.adc16_set_pmt_config
                0x8000bd22       0xb0 lib/libhpm_sdk_lib.a(hpm_adc16_drv.c.obj)
                0x8000bd22                adc16_set_pmt_config
 .text.adc16_enable_pmt_queue
                0x8000bdd2       0x3c lib/libhpm_sdk_lib.a(hpm_adc16_drv.c.obj)
                0x8000bdd2                adc16_enable_pmt_queue
 .text.pcfg_dcdc_is_stable
                0x8000be0e       0x1a lib/libhpm_sdk_lib.a(hpm_pcfg_drv.c.obj)
 .text.pcfg_dcdc_set_voltage
                0x8000be28       0x5e lib/libhpm_sdk_lib.a(hpm_pcfg_drv.c.obj)
                0x8000be28                pcfg_dcdc_set_voltage
 .text.pcfg_dcdc_switch_to_dcm_mode
                0x8000be86       0xec lib/libhpm_sdk_lib.a(hpm_pcfg_drv.c.obj)
                0x8000be86                pcfg_dcdc_switch_to_dcm_mode
 .text.pcfg_dcdc_switch_to_ccm_mode
                0x8000bf72       0x58 lib/libhpm_sdk_lib.a(hpm_pcfg_drv.c.obj)
                0x8000bf72                pcfg_dcdc_switch_to_ccm_mode
 .text.pcfg_dcdc_set_voltage_dcm_mode
                0x8000bfca       0x4a lib/libhpm_sdk_lib.a(hpm_pcfg_drv.c.obj)
                0x8000bfca                pcfg_dcdc_set_voltage_dcm_mode
 .text.pcfg_dcdc_set_voltage_ccm_mode
                0x8000c014       0x82 lib/libhpm_sdk_lib.a(hpm_pcfg_drv.c.obj)
                0x8000c014                pcfg_dcdc_set_voltage_ccm_mode
 .text.dma_clear_transfer_status
                0x8000c096       0x50 lib/libhpm_sdk_lib.a(hpm_dmav2_drv.c.obj)
 .text.dma_default_channel_config
                0x8000c0e6       0x50 lib/libhpm_sdk_lib.a(hpm_dmav2_drv.c.obj)
                0x8000c0e6                dma_default_channel_config
 .text.dma_setup_channel
                0x8000c136      0x256 lib/libhpm_sdk_lib.a(hpm_dmav2_drv.c.obj)
                0x8000c136                dma_setup_channel
 .text._sbrk    0x8000c38c       0x58 lib/libhpm_sdk_lib.a(hpm_sbrk.c.obj)
                0x8000c38c                _sbrk
 .text.console_init
                0x8000c3e4       0x92 lib/libhpm_sdk_lib.a(hpm_debug_console.c.obj)
                0x8000c3e4                console_init
 .text._write   0x8000c476       0x74 lib/libhpm_sdk_lib.a(hpm_debug_console.c.obj)
                0x8000c476                _write
 .text._read    0x8000c4ea       0x26 lib/libhpm_sdk_lib.a(hpm_debug_console.c.obj)
                0x8000c4ea                _read
 .text._fstat   0x8000c510       0x14 lib/libhpm_sdk_lib.a(hpm_debug_console.c.obj)
                0x8000c510                _fstat
 .text.adc16_init_pmt_dma
                0x8000c524       0x18 lib/libhpm_sdk_lib.a(hpm_adc_v2.c.obj)
 .text.adc16_get_status_flags
                0x8000c53c       0x14 lib/libhpm_sdk_lib.a(hpm_adc_v2.c.obj)
 .text.adc16_clear_status_flags
                0x8000c550       0x18 lib/libhpm_sdk_lib.a(hpm_adc_v2.c.obj)
 .text.adc16_enable_interrupts
                0x8000c568       0x24 lib/libhpm_sdk_lib.a(hpm_adc_v2.c.obj)
 .text.hpm_adc_v2_get_ip_type
                0x8000c58c       0x16 lib/libhpm_sdk_lib.a(hpm_adc_v2.c.obj)
                0x8000c58c                hpm_adc_v2_get_ip_type
 .text.hpm_adc_v2_get_default_config
                0x8000c5a2       0x7e lib/libhpm_sdk_lib.a(hpm_adc_v2.c.obj)
                0x8000c5a2                hpm_adc_v2_get_default_config
 .text.hpm_adc_v2_get_channel_default_config
                0x8000c620       0x7a lib/libhpm_sdk_lib.a(hpm_adc_v2.c.obj)
                0x8000c620                hpm_adc_v2_get_channel_default_config
 .text.hpm_adc_v2_init
                0x8000c69a       0xa4 lib/libhpm_sdk_lib.a(hpm_adc_v2.c.obj)
                0x8000c69a                hpm_adc_v2_init
 .text.hpm_adc_v2_init_channel
                0x8000c73e       0x88 lib/libhpm_sdk_lib.a(hpm_adc_v2.c.obj)
                0x8000c73e                hpm_adc_v2_init_channel
 .text.hpm_adc_v2_set_preempt_config
                0x8000c7c6       0xae lib/libhpm_sdk_lib.a(hpm_adc_v2.c.obj)
                0x8000c7c6                hpm_adc_v2_set_preempt_config
 .text.hpm_adc_v2_init_pmt_dma
                0x8000c874       0x32 lib/libhpm_sdk_lib.a(hpm_adc_v2.c.obj)
                0x8000c874                hpm_adc_v2_init_pmt_dma
 .text.hpm_adc_v2_get_status_flags
                0x8000c8a6       0x3a lib/libhpm_sdk_lib.a(hpm_adc_v2.c.obj)
                0x8000c8a6                hpm_adc_v2_get_status_flags
 .text.hpm_adc_v2_clear_status_flags
                0x8000c8e0       0x3a lib/libhpm_sdk_lib.a(hpm_adc_v2.c.obj)
                0x8000c8e0                hpm_adc_v2_clear_status_flags
 .text.hpm_adc_v2_enable_interrupts
                0x8000c91a       0x3a lib/libhpm_sdk_lib.a(hpm_adc_v2.c.obj)
                0x8000c91a                hpm_adc_v2_enable_interrupts
 .text.hpm_adc_v2_trigger_pmt_by_sw
                0x8000c954       0x46 lib/libhpm_sdk_lib.a(hpm_adc_v2.c.obj)
                0x8000c954                hpm_adc_v2_trigger_pmt_by_sw
 .text.hpm_adc_v2_enable_pmt_queue
                0x8000c99a       0x3a lib/libhpm_sdk_lib.a(hpm_adc_v2.c.obj)
                0x8000c99a                hpm_adc_v2_enable_pmt_queue
 .text.hpm_adc_v2_parse_pmt_dma_word
                0x8000c9d4       0x22 lib/libhpm_sdk_lib.a(hpm_adc_v2.c.obj)
                0x8000c9d4                hpm_adc_v2_parse_pmt_dma_word
 .text.adc_v2_port_is_valid_adc_base
                0x8000c9f6       0x28 lib/libhpm_sdk_lib.a(hpm_adc_v2_port.c.obj)
 .text.adc_v2_port_detect_ip
                0x8000ca1e       0x26 lib/libhpm_sdk_lib.a(hpm_adc_v2_port.c.obj)
                0x8000ca1e                adc_v2_port_detect_ip
 .text.adc_v2_port_resolution_to_hw
                0x8000ca44       0x8e lib/libhpm_sdk_lib.a(hpm_adc_v2_port.c.obj)
                0x8000ca44                adc_v2_port_resolution_to_hw
 .text.adc_v2_port_event_supported_mask
                0x8000cad2       0x24 lib/libhpm_sdk_lib.a(hpm_adc_v2_port.c.obj)
 .text.adc_v2_port_event_to_hw
                0x8000caf6       0x1c lib/libhpm_sdk_lib.a(hpm_adc_v2_port.c.obj)
                0x8000caf6                adc_v2_port_event_to_hw
 .text.adc_v2_port_event_from_hw
                0x8000cb12       0x1c lib/libhpm_sdk_lib.a(hpm_adc_v2_port.c.obj)
                0x8000cb12                adc_v2_port_event_from_hw
 .text.adc_v2_port_fill_from_adc16_pmt
                0x8000cb2e       0x66 lib/libhpm_sdk_lib.a(hpm_adc_v2_port.c.obj)
 .text.adc_v2_port_parse_pmt_dma_word
                0x8000cb94       0x72 lib/libhpm_sdk_lib.a(hpm_adc_v2_port.c.obj)
                0x8000cb94                adc_v2_port_parse_pmt_dma_word
 .text.hpm_mcl_vsc_run
                0x8000cc06       0x2a lib/libhpm_sdk_lib.a(hpm_mcl_hw_loop.c.obj)
                0x8000cc06                hpm_mcl_vsc_run
 .text.hpm_mcl_clc_run
                0x8000cc30       0x2e lib/libhpm_sdk_lib.a(hpm_mcl_hw_loop.c.obj)
                0x8000cc30                hpm_mcl_clc_run
 .text.hpm_mcl_qeo_run
                0x8000cc5e       0x2a lib/libhpm_sdk_lib.a(hpm_mcl_hw_loop.c.obj)
                0x8000cc5e                hpm_mcl_qeo_run
 .text.hpm_mcl_encoder_init
                0x8000cc88      0x2c8 lib/libhpm_sdk_lib.a(hpm_mcl_encoder.c.obj)
                0x8000cc88                hpm_mcl_encoder_init
 .text.hpm_mcl_encoder_set_initial_theta
                0x8000cf50       0x66 lib/libhpm_sdk_lib.a(hpm_mcl_encoder.c.obj)
                0x8000cf50                hpm_mcl_encoder_set_initial_theta
 .text.hpm_mcl_encoder_process
                0x8000cfb6      0x8fe lib/libhpm_sdk_lib.a(hpm_mcl_encoder.c.obj)
                0x8000cfb6                hpm_mcl_encoder_process
 .text.hpm_mcl_encoder_get_theta
                0x8000d8b4       0x28 lib/libhpm_sdk_lib.a(hpm_mcl_encoder.c.obj)
                0x8000d8b4                hpm_mcl_encoder_get_theta
 .text.hpm_mcl_encoder_get_speed
                0x8000d8dc       0x10 lib/libhpm_sdk_lib.a(hpm_mcl_encoder.c.obj)
                0x8000d8dc                hpm_mcl_encoder_get_speed
 .text.hpm_mcl_encoder_get_forecast_theta
                0x8000d8ec       0x10 lib/libhpm_sdk_lib.a(hpm_mcl_encoder.c.obj)
                0x8000d8ec                hpm_mcl_encoder_get_forecast_theta
 .text.hpm_mcl_encoder_get_absolute_theta
                0x8000d8fc       0x42 lib/libhpm_sdk_lib.a(hpm_mcl_encoder.c.obj)
                0x8000d8fc                hpm_mcl_encoder_get_absolute_theta
 .text.hpm_mcl_analog_init
                0x8000d93e      0x396 lib/libhpm_sdk_lib.a(hpm_mcl_analog.c.obj)
                0x8000d93e                hpm_mcl_analog_init
 .text.hpm_mcl_analog_get_value
                0x8000dcd4      0x184 lib/libhpm_sdk_lib.a(hpm_mcl_analog.c.obj)
                0x8000dcd4                hpm_mcl_analog_get_value
 .text.hpm_mcl_analog_step_convert
                0x8000de58      0x198 lib/libhpm_sdk_lib.a(hpm_mcl_analog.c.obj)
                0x8000de58                hpm_mcl_analog_step_convert
 .text.hpm_mcl_drivers_init
                0x8000dff0       0x74 lib/libhpm_sdk_lib.a(hpm_mcl_drivers.c.obj)
                0x8000dff0                hpm_mcl_drivers_init
 .text.hpm_mcl_drivers_update_bldc_duty
                0x8000e064       0xc4 lib/libhpm_sdk_lib.a(hpm_mcl_drivers.c.obj)
                0x8000e064                hpm_mcl_drivers_update_bldc_duty
 .text.hpm_mcl_drivers_update_step_duty
                0x8000e128      0x108 lib/libhpm_sdk_lib.a(hpm_mcl_drivers.c.obj)
                0x8000e128                hpm_mcl_drivers_update_step_duty
 .text.hpm_csr_get_core_mcycle
                0x8000e230       0x7a lib/libhpm_sdk_lib.a(hpm_mcl_loop.c.obj)
 .text.hpm_mcl_loop_init_v2
                0x8000e2aa      0x25a lib/libhpm_sdk_lib.a(hpm_mcl_loop.c.obj)
                0x8000e2aa                hpm_mcl_loop_init_v2
 .text.hpm_mcl_loop_set_current_d
                0x8000e504       0x48 lib/libhpm_sdk_lib.a(hpm_mcl_loop.c.obj)
                0x8000e504                hpm_mcl_loop_set_current_d
 .text.hpm_mcl_loop_set_current_q
                0x8000e54c       0x4c lib/libhpm_sdk_lib.a(hpm_mcl_loop.c.obj)
                0x8000e54c                hpm_mcl_loop_set_current_q
 .text.hpm_mcl_loop_disable_all_user_set_value
                0x8000e598       0x4a lib/libhpm_sdk_lib.a(hpm_mcl_loop.c.obj)
                0x8000e598                hpm_mcl_loop_disable_all_user_set_value
 .text.hpm_mcl_detect_offline_para
                0x8000e5e2      0x606 lib/libhpm_sdk_lib.a(hpm_mcl_loop.c.obj)
                0x8000e5e2                hpm_mcl_detect_offline_para
 .text.hpm_mcl_current_foc_loop
                0x8000ebe8      0x818 lib/libhpm_sdk_lib.a(hpm_mcl_loop.c.obj)
                0x8000ebe8                hpm_mcl_current_foc_loop
 .text.hpm_mcl_step_foc_loop
                0x8000f400      0x568 lib/libhpm_sdk_lib.a(hpm_mcl_loop.c.obj)
                0x8000f400                hpm_mcl_step_foc_loop
 .text.hpm_mcl_block_loop
                0x8000f968      0x1a0 lib/libhpm_sdk_lib.a(hpm_mcl_loop.c.obj)
                0x8000f968                hpm_mcl_block_loop
 .text.hpm_mcl_loop
                0x8000fb08       0x98 lib/libhpm_sdk_lib.a(hpm_mcl_loop.c.obj)
                0x8000fb08                hpm_mcl_loop
 .text.hpm_mcl_detect_init
                0x8000fba0      0x152 lib/libhpm_sdk_lib.a(hpm_mcl_detect.c.obj)
                0x8000fba0                hpm_mcl_detect_init
 .text.hpm_mcl_detect_loop
                0x8000fcf2       0x98 lib/libhpm_sdk_lib.a(hpm_mcl_detect.c.obj)
                0x8000fcf2                hpm_mcl_detect_loop
 .text.hpm_mcl_control_sin
                0x8000fd8a       0x1a lib/libhpm_sdk_lib.a(hpm_mcl_control.c.obj)
                0x8000fd8a                hpm_mcl_control_sin
 .text.hpm_mcl_control_cos
                0x8000fda4       0x1a lib/libhpm_sdk_lib.a(hpm_mcl_control.c.obj)
                0x8000fda4                hpm_mcl_control_cos
 .text.hpm_mcl_control_arctan
                0x8000fdbe       0x4a lib/libhpm_sdk_lib.a(hpm_mcl_control.c.obj)
                0x8000fdbe                hpm_mcl_control_arctan
 .text.hpm_mcl_control_clarke
                0x8000fe08       0x82 lib/libhpm_sdk_lib.a(hpm_mcl_control.c.obj)
                0x8000fe08                hpm_mcl_control_clarke
 .text.hpm_mcl_control_park
                0x8000fe8a       0x92 lib/libhpm_sdk_lib.a(hpm_mcl_control.c.obj)
                0x8000fe8a                hpm_mcl_control_park
 .text.hpm_mcl_control_pi
                0x8000ff1c       0xc6 lib/libhpm_sdk_lib.a(hpm_mcl_control.c.obj)
                0x8000ff1c                hpm_mcl_control_pi
 .text.hpm_mcl_control_inv_park
                0x8000ffe2       0x8e lib/libhpm_sdk_lib.a(hpm_mcl_control.c.obj)
                0x8000ffe2                hpm_mcl_control_inv_park
 .text.hpm_mcl_control_svpwm
                0x80010070      0x484 lib/libhpm_sdk_lib.a(hpm_mcl_control.c.obj)
                0x80010070                hpm_mcl_control_svpwm
 .text.hpm_mcl_control_step_svpwm
                0x800104f4      0x1b2 lib/libhpm_sdk_lib.a(hpm_mcl_control.c.obj)
                0x800104f4                hpm_mcl_control_step_svpwm
 .text.hpm_mcl_control_get_block_sector
                0x800106a6       0xc4 lib/libhpm_sdk_lib.a(hpm_mcl_control.c.obj)
                0x800106a6                hpm_mcl_control_get_block_sector
 .text.hpm_mcl_control_lowpass_filter
                0x8001076a       0x3c lib/libhpm_sdk_lib.a(hpm_mcl_control.c.obj)
                0x8001076a                hpm_mcl_control_lowpass_filter
 .text.hpm_mcl_control_dead_area_polarity_detection
                0x800107a6      0x262 lib/libhpm_sdk_lib.a(hpm_mcl_control.c.obj)
                0x800107a6                hpm_mcl_control_dead_area_polarity_detection
 .text.hpm_mcl_control_smc_init
                0x80010a08       0x3e lib/libhpm_sdk_lib.a(hpm_mcl_control.c.obj)
                0x80010a08                hpm_mcl_control_smc_init
 .text.hpm_mcl_control_smc_process
                0x80010a46      0x364 lib/libhpm_sdk_lib.a(hpm_mcl_control.c.obj)
                0x80010a46                hpm_mcl_control_smc_process
 .text.hpm_mcl_control_offline_param_detection_rs
                0x80010daa       0x82 lib/libhpm_sdk_lib.a(hpm_mcl_control.c.obj)
                0x80010daa                hpm_mcl_control_offline_param_detection_rs
 .text.hpm_mcl_control_offline_param_detection_ld
                0x80010e2c      0x110 lib/libhpm_sdk_lib.a(hpm_mcl_control.c.obj)
                0x80010e2c                hpm_mcl_control_offline_param_detection_ld
 .text.hpm_mcl_control_offline_param_detection_lq
                0x80010f3c       0xdc lib/libhpm_sdk_lib.a(hpm_mcl_control.c.obj)
                0x80010f3c                hpm_mcl_control_offline_param_detection_lq
 .text.hpm_mcl_control_offline_param_detection_ls
                0x80011018       0x1c lib/libhpm_sdk_lib.a(hpm_mcl_control.c.obj)
                0x80011018                hpm_mcl_control_offline_param_detection_ls
 .text.hpm_mcl_control_offline_param_detection_flux
                0x80011034      0x12c lib/libhpm_sdk_lib.a(hpm_mcl_control.c.obj)
                0x80011034                hpm_mcl_control_offline_param_detection_flux
 .text.hpm_mcl_control_detection_init
                0x80011160       0x8a lib/libhpm_sdk_lib.a(hpm_mcl_control.c.obj)
                0x80011160                hpm_mcl_control_detection_init
 .text.hpm_mcl_pid_init
                0x800111ea       0x4a lib/libhpm_sdk_lib.a(hpm_mcl_control.c.obj)
                0x800111ea                hpm_mcl_pid_init
 .text.hpm_mcl_control_init
                0x80011234      0x3f2 lib/libhpm_sdk_lib.a(hpm_mcl_control.c.obj)
                0x80011234                hpm_mcl_control_init
 .text.hpm_mcl_filter_iir_df1_init
                0x80011626       0xa0 lib/libhpm_sdk_lib.a(hpm_mcl_filter.c.obj)
                0x80011626                hpm_mcl_filter_iir_df1_init
 .text.hpm_mcl_filter_iir_df1
                0x800116c6      0x23c lib/libhpm_sdk_lib.a(hpm_mcl_filter.c.obj)
                0x800116c6                hpm_mcl_filter_iir_df1
 .text.hpm_mcl_path_get_current_theta
                0x80011902       0x10 lib/libhpm_sdk_lib.a(hpm_mcl_path_plan.c.obj)
                0x80011902                hpm_mcl_path_get_current_theta
 .text.hpm_mcl_path_get_next_theta
                0x80011912       0x10 lib/libhpm_sdk_lib.a(hpm_mcl_path_plan.c.obj)
                0x80011912                hpm_mcl_path_get_next_theta
 .text.fabs     0x80011922        0xc D:/sdk_env_v1.12.1/toolchains/rv32imac_zicsr_zifencei_multilib_b_ext-win/bin/../lib/gcc/riscv32-unknown-elf/13.2.0/../../../../riscv32-unknown-elf/lib/rv32imafc_zicsr_zifencei_zba_zbb_zbc_zbs/ilp32f\libm_nano.a(lib_a-s_fabs.o)
                0x80011922                fabs
 .text.cosf     0x8001192e       0x6c D:/sdk_env_v1.12.1/toolchains/rv32imac_zicsr_zifencei_multilib_b_ext-win/bin/../lib/gcc/riscv32-unknown-elf/13.2.0/../../../../riscv32-unknown-elf/lib/rv32imafc_zicsr_zifencei_zba_zbb_zbc_zbs/ilp32f\libm_nano.a(lib_a-sf_cos.o)
                0x8001192e                cosf
 .text.sinf     0x8001199a       0x6e D:/sdk_env_v1.12.1/toolchains/rv32imac_zicsr_zifencei_multilib_b_ext-win/bin/../lib/gcc/riscv32-unknown-elf/13.2.0/../../../../riscv32-unknown-elf/lib/rv32imafc_zicsr_zifencei_zba_zbb_zbc_zbs/ilp32f\libm_nano.a(lib_a-sf_sin.o)
                0x8001199a                sinf
 .text.atan2    0x80011a08        0x2 D:/sdk_env_v1.12.1/toolchains/rv32imac_zicsr_zifencei_multilib_b_ext-win/bin/../lib/gcc/riscv32-unknown-elf/13.2.0/../../../../riscv32-unknown-elf/lib/rv32imafc_zicsr_zifencei_zba_zbb_zbc_zbs/ilp32f\libm_nano.a(lib_a-w_atan2.o)
                0x80011a08                atan2
 .text.atan2f   0x80011a0a        0x2 D:/sdk_env_v1.12.1/toolchains/rv32imac_zicsr_zifencei_multilib_b_ext-win/bin/../lib/gcc/riscv32-unknown-elf/13.2.0/../../../../riscv32-unknown-elf/lib/rv32imafc_zicsr_zifencei_zba_zbb_zbc_zbs/ilp32f\libm_nano.a(lib_a-wf_atan2.o)
                0x80011a0a                atan2f
 .text.powf     0x80011a0c       0xb0 D:/sdk_env_v1.12.1/toolchains/rv32imac_zicsr_zifencei_multilib_b_ext-win/bin/../lib/gcc/riscv32-unknown-elf/13.2.0/../../../../riscv32-unknown-elf/lib/rv32imafc_zicsr_zifencei_zba_zbb_zbc_zbs/ilp32f\libm_nano.a(lib_a-wf_pow.o)
                0x80011a0c                powf
 .text.sqrtf    0x80011abc       0x38 D:/sdk_env_v1.12.1/toolchains/rv32imac_zicsr_zifencei_multilib_b_ext-win/bin/../lib/gcc/riscv32-unknown-elf/13.2.0/../../../../riscv32-unknown-elf/lib/rv32imafc_zicsr_zifencei_zba_zbb_zbc_zbs/ilp32f\libm_nano.a(lib_a-wf_sqrt.o)
                0x80011abc                sqrtf
 .text.__ieee754_atan2
                0x80011af4      0x1c0 D:/sdk_env_v1.12.1/toolchains/rv32imac_zicsr_zifencei_multilib_b_ext-win/bin/../lib/gcc/riscv32-unknown-elf/13.2.0/../../../../riscv32-unknown-elf/lib/rv32imafc_zicsr_zifencei_zba_zbb_zbc_zbs/ilp32f\libm_nano.a(lib_a-e_atan2.o)
                0x80011af4                __ieee754_atan2
 .text.__ieee754_atan2f
                0x80011cb4      0x16e D:/sdk_env_v1.12.1/toolchains/rv32imac_zicsr_zifencei_multilib_b_ext-win/bin/../lib/gcc/riscv32-unknown-elf/13.2.0/../../../../riscv32-unknown-elf/lib/rv32imafc_zicsr_zifencei_zba_zbb_zbc_zbs/ilp32f\libm_nano.a(lib_a-ef_atan2.o)
                0x80011cb4                __ieee754_atan2f
 .text.__ieee754_powf
                0x80011e22      0x656 D:/sdk_env_v1.12.1/toolchains/rv32imac_zicsr_zifencei_multilib_b_ext-win/bin/../lib/gcc/riscv32-unknown-elf/13.2.0/../../../../riscv32-unknown-elf/lib/rv32imafc_zicsr_zifencei_zba_zbb_zbc_zbs/ilp32f\libm_nano.a(lib_a-ef_pow.o)
                0x80011e22                __ieee754_powf
 .text.__ieee754_rem_pio2f
                0x80012478      0x29a D:/sdk_env_v1.12.1/toolchains/rv32imac_zicsr_zifencei_multilib_b_ext-win/bin/../lib/gcc/riscv32-unknown-elf/13.2.0/../../../../riscv32-unknown-elf/lib/rv32imafc_zicsr_zifencei_zba_zbb_zbc_zbs/ilp32f\libm_nano.a(lib_a-ef_rem_pio2.o)
                0x80012478                __ieee754_rem_pio2f
 .text.__ieee754_sqrtf
                0x80012712        0x6 D:/sdk_env_v1.12.1/toolchains/rv32imac_zicsr_zifencei_multilib_b_ext-win/bin/../lib/gcc/riscv32-unknown-elf/13.2.0/../../../../riscv32-unknown-elf/lib/rv32imafc_zicsr_zifencei_zba_zbb_zbc_zbs/ilp32f\libm_nano.a(lib_a-ef_sqrt.o)
                0x80012712                __ieee754_sqrtf
 .text.__kernel_cosf
                0x80012718       0xd0 D:/sdk_env_v1.12.1/toolchains/rv32imac_zicsr_zifencei_multilib_b_ext-win/bin/../lib/gcc/riscv32-unknown-elf/13.2.0/../../../../riscv32-unknown-elf/lib/rv32imafc_zicsr_zifencei_zba_zbb_zbc_zbs/ilp32f\libm_nano.a(lib_a-kf_cos.o)
                0x80012718                __kernel_cosf
 .text.__kernel_rem_pio2f
                0x800127e8      0x56e D:/sdk_env_v1.12.1/toolchains/rv32imac_zicsr_zifencei_multilib_b_ext-win/bin/../lib/gcc/riscv32-unknown-elf/13.2.0/../../../../riscv32-unknown-elf/lib/rv32imafc_zicsr_zifencei_zba_zbb_zbc_zbs/ilp32f\libm_nano.a(lib_a-kf_rem_pio2.o)
                0x800127e8                __kernel_rem_pio2f
 .text.__kernel_sinf
                0x80012d56       0xa4 D:/sdk_env_v1.12.1/toolchains/rv32imac_zicsr_zifencei_multilib_b_ext-win/bin/../lib/gcc/riscv32-unknown-elf/13.2.0/../../../../riscv32-unknown-elf/lib/rv32imafc_zicsr_zifencei_zba_zbb_zbc_zbs/ilp32f\libm_nano.a(lib_a-kf_sin.o)
                0x80012d56                __kernel_sinf
 .text.with_errnof
                0x80012dfa       0x18 D:/sdk_env_v1.12.1/toolchains/rv32imac_zicsr_zifencei_multilib_b_ext-win/bin/../lib/gcc/riscv32-unknown-elf/13.2.0/../../../../riscv32-unknown-elf/lib/rv32imafc_zicsr_zifencei_zba_zbb_zbc_zbs/ilp32f\libm_nano.a(lib_a-math_errf.o)
 .text.xflowf   0x80012e12       0x16 D:/sdk_env_v1.12.1/toolchains/rv32imac_zicsr_zifencei_multilib_b_ext-win/bin/../lib/gcc/riscv32-unknown-elf/13.2.0/../../../../riscv32-unknown-elf/lib/rv32imafc_zicsr_zifencei_zba_zbb_zbc_zbs/ilp32f\libm_nano.a(lib_a-math_errf.o)
 .text.__math_uflowf
                0x80012e28        0xc D:/sdk_env_v1.12.1/toolchains/rv32imac_zicsr_zifencei_multilib_b_ext-win/bin/../lib/gcc/riscv32-unknown-elf/13.2.0/../../../../riscv32-unknown-elf/lib/rv32imafc_zicsr_zifencei_zba_zbb_zbc_zbs/ilp32f\libm_nano.a(lib_a-math_errf.o)
                0x80012e28                __math_uflowf
 .text.__math_oflowf
                0x80012e34        0xc D:/sdk_env_v1.12.1/toolchains/rv32imac_zicsr_zifencei_multilib_b_ext-win/bin/../lib/gcc/riscv32-unknown-elf/13.2.0/../../../../riscv32-unknown-elf/lib/rv32imafc_zicsr_zifencei_zba_zbb_zbc_zbs/ilp32f\libm_nano.a(lib_a-math_errf.o)
                0x80012e34                __math_oflowf
 .text.atan     0x80012e40      0x33a D:/sdk_env_v1.12.1/toolchains/rv32imac_zicsr_zifencei_multilib_b_ext-win/bin/../lib/gcc/riscv32-unknown-elf/13.2.0/../../../../riscv32-unknown-elf/lib/rv32imafc_zicsr_zifencei_zba_zbb_zbc_zbs/ilp32f\libm_nano.a(lib_a-s_atan.o)
                0x80012e40                atan
 .text.atanf    0x8001317a      0x1ec D:/sdk_env_v1.12.1/toolchains/rv32imac_zicsr_zifencei_multilib_b_ext-win/bin/../lib/gcc/riscv32-unknown-elf/13.2.0/../../../../riscv32-unknown-elf/lib/rv32imafc_zicsr_zifencei_zba_zbb_zbc_zbs/ilp32f\libm_nano.a(lib_a-sf_atan.o)
                0x8001317a                atanf
 .text.fabsf    0x80013366        0x6 D:/sdk_env_v1.12.1/toolchains/rv32imac_zicsr_zifencei_multilib_b_ext-win/bin/../lib/gcc/riscv32-unknown-elf/13.2.0/../../../../riscv32-unknown-elf/lib/rv32imafc_zicsr_zifencei_zba_zbb_zbc_zbs/ilp32f\libm_nano.a(lib_a-sf_fabs.o)
                0x80013366                fabsf
 .text.finitef  0x8001336c        0xe D:/sdk_env_v1.12.1/toolchains/rv32imac_zicsr_zifencei_multilib_b_ext-win/bin/../lib/gcc/riscv32-unknown-elf/13.2.0/../../../../riscv32-unknown-elf/lib/rv32imafc_zicsr_zifencei_zba_zbb_zbc_zbs/ilp32f\libm_nano.a(lib_a-sf_finite.o)
                0x8001336c                finitef
 .text.floorf   0x8001337a       0x96 D:/sdk_env_v1.12.1/toolchains/rv32imac_zicsr_zifencei_multilib_b_ext-win/bin/../lib/gcc/riscv32-unknown-elf/13.2.0/../../../../riscv32-unknown-elf/lib/rv32imafc_zicsr_zifencei_zba_zbb_zbc_zbs/ilp32f\libm_nano.a(lib_a-sf_floor.o)
                0x8001337a                floorf
 .text.scalbnf  0x80013410       0xc4 D:/sdk_env_v1.12.1/toolchains/rv32imac_zicsr_zifencei_multilib_b_ext-win/bin/../lib/gcc/riscv32-unknown-elf/13.2.0/../../../../riscv32-unknown-elf/lib/rv32imafc_zicsr_zifencei_zba_zbb_zbc_zbs/ilp32f\libm_nano.a(lib_a-sf_scalbn.o)
                0x80013410                scalbnf
 .text.__assert_func
                0x800134d4       0x3c D:/sdk_env_v1.12.1/toolchains/rv32imac_zicsr_zifencei_multilib_b_ext-win/bin/../lib/gcc/riscv32-unknown-elf/13.2.0/../../../../riscv32-unknown-elf/lib/rv32imafc_zicsr_zifencei_zba_zbb_zbc_zbs/ilp32f\libg_nano.a(lib_a-assert.o)
                0x800134d4                __assert_func
 .text.__errno  0x80013510        0x6 D:/sdk_env_v1.12.1/toolchains/rv32imac_zicsr_zifencei_multilib_b_ext-win/bin/../lib/gcc/riscv32-unknown-elf/13.2.0/../../../../riscv32-unknown-elf/lib/rv32imafc_zicsr_zifencei_zba_zbb_zbc_zbs/ilp32f\libg_nano.a(lib_a-errno.o)
                0x80013510                __errno
 .text.fprintf  0x80013516       0x26 D:/sdk_env_v1.12.1/toolchains/rv32imac_zicsr_zifencei_multilib_b_ext-win/bin/../lib/gcc/riscv32-unknown-elf/13.2.0/../../../../riscv32-unknown-elf/lib/rv32imafc_zicsr_zifencei_zba_zbb_zbc_zbs/ilp32f\libg_nano.a(lib_a-fprintf.o)
                0x80013516                fiprintf
                0x80013516                fprintf
 .text.__cvt    0x8001353c       0xee D:/sdk_env_v1.12.1/toolchains/rv32imac_zicsr_zifencei_multilib_b_ext-win/bin/../lib/gcc/riscv32-unknown-elf/13.2.0/../../../../riscv32-unknown-elf/lib/rv32imafc_zicsr_zifencei_zba_zbb_zbc_zbs/ilp32f\libg_nano.a(lib_a-nano-vfprintf_float.o)
                0x8001353c                __cvt
 .text.__exponent
                0x8001362a       0x9c D:/sdk_env_v1.12.1/toolchains/rv32imac_zicsr_zifencei_multilib_b_ext-win/bin/../lib/gcc/riscv32-unknown-elf/13.2.0/../../../../riscv32-unknown-elf/lib/rv32imafc_zicsr_zifencei_zba_zbb_zbc_zbs/ilp32f\libg_nano.a(lib_a-nano-vfprintf_float.o)
                0x8001362a                __exponent
 .text._printf_float
                0x800136c6      0x4ae D:/sdk_env_v1.12.1/toolchains/rv32imac_zicsr_zifencei_multilib_b_ext-win/bin/../lib/gcc/riscv32-unknown-elf/13.2.0/../../../../riscv32-unknown-elf/lib/rv32imafc_zicsr_zifencei_zba_zbb_zbc_zbs/ilp32f\libg_nano.a(lib_a-nano-vfprintf_float.o)
                0x800136c6                _printf_float
 .text._printf_common
                0x80013b74      0x108 D:/sdk_env_v1.12.1/toolchains/rv32imac_zicsr_zifencei_multilib_b_ext-win/bin/../lib/gcc/riscv32-unknown-elf/13.2.0/../../../../riscv32-unknown-elf/lib/rv32imafc_zicsr_zifencei_zba_zbb_zbc_zbs/ilp32f\libg_nano.a(lib_a-nano-vfprintf_i.o)
                0x80013b74                _printf_common
 .text._printf_i
                0x80013c7c      0x25c D:/sdk_env_v1.12.1/toolchains/rv32imac_zicsr_zifencei_multilib_b_ext-win/bin/../lib/gcc/riscv32-unknown-elf/13.2.0/../../../../riscv32-unknown-elf/lib/rv32imafc_zicsr_zifencei_zba_zbb_zbc_zbs/ilp32f\libg_nano.a(lib_a-nano-vfprintf_i.o)
                0x80013c7c                _printf_i
 .text.__sfputc_r
                0x80013ed8       0x2a D:/sdk_env_v1.12.1/toolchains/rv32imac_zicsr_zifencei_multilib_b_ext-win/bin/../lib/gcc/riscv32-unknown-elf/13.2.0/../../../../riscv32-unknown-elf/lib/rv32imafc_zicsr_zifencei_zba_zbb_zbc_zbs/ilp32f\libg_nano.a(lib_a-nano-vfprintf.o)
 .text.__sfputs_r
                0x80013f02       0x44 D:/sdk_env_v1.12.1/toolchains/rv32imac_zicsr_zifencei_multilib_b_ext-win/bin/../lib/gcc/riscv32-unknown-elf/13.2.0/../../../../riscv32-unknown-elf/lib/rv32imafc_zicsr_zifencei_zba_zbb_zbc_zbs/ilp32f\libg_nano.a(lib_a-nano-vfprintf.o)
                0x80013f02                __sfputs_r
 .text._vfprintf_r
                0x80013f46      0x2a4 D:/sdk_env_v1.12.1/toolchains/rv32imac_zicsr_zifencei_multilib_b_ext-win/bin/../lib/gcc/riscv32-unknown-elf/13.2.0/../../../../riscv32-unknown-elf/lib/rv32imafc_zicsr_zifencei_zba_zbb_zbc_zbs/ilp32f\libg_nano.a(lib_a-nano-vfprintf.o)
                0x80013f46                _vfprintf_r
                0x80013f46                _vfiprintf_r
 .text._scanf_float
                0x800141ea      0x480 D:/sdk_env_v1.12.1/toolchains/rv32imac_zicsr_zifencei_multilib_b_ext-win/bin/../lib/gcc/riscv32-unknown-elf/13.2.0/../../../../riscv32-unknown-elf/lib/rv32imafc_zicsr_zifencei_zba_zbb_zbc_zbs/ilp32f\libg_nano.a(lib_a-nano-vfscanf_float.o)
                0x800141ea                _scanf_float
 .text.printf   0x8001466a       0x3c D:/sdk_env_v1.12.1/toolchains/rv32imac_zicsr_zifencei_multilib_b_ext-win/bin/../lib/gcc/riscv32-unknown-elf/13.2.0/../../../../riscv32-unknown-elf/lib/rv32imafc_zicsr_zifencei_zba_zbb_zbc_zbs/ilp32f\libg_nano.a(lib_a-printf.o)
                0x8001466a                iprintf
                0x8001466a                printf
 .text.setvbuf  0x800146a6      0x18c D:/sdk_env_v1.12.1/toolchains/rv32imac_zicsr_zifencei_multilib_b_ext-win/bin/../lib/gcc/riscv32-unknown-elf/13.2.0/../../../../riscv32-unknown-elf/lib/rv32imafc_zicsr_zifencei_zba_zbb_zbc_zbs/ilp32f\libg_nano.a(lib_a-setvbuf.o)
                0x800146a6                setvbuf
 .text.nanf     0x80014832        0xa D:/sdk_env_v1.12.1/toolchains/rv32imac_zicsr_zifencei_multilib_b_ext-win/bin/../lib/gcc/riscv32-unknown-elf/13.2.0/../../../../riscv32-unknown-elf/lib/rv32imafc_zicsr_zifencei_zba_zbb_zbc_zbs/ilp32f\libg_nano.a(lib_a-sf_nan.o)
                0x80014832                nanf
 .text.sprintf  0x8001483c       0x42 D:/sdk_env_v1.12.1/toolchains/rv32imac_zicsr_zifencei_multilib_b_ext-win/bin/../lib/gcc/riscv32-unknown-elf/13.2.0/../../../../riscv32-unknown-elf/lib/rv32imafc_zicsr_zifencei_zba_zbb_zbc_zbs/ilp32f\libg_nano.a(lib_a-sprintf.o)
                0x8001483c                siprintf
                0x8001483c                sprintf
 .text.strlen   0x8001487e       0x12 D:/sdk_env_v1.12.1/toolchains/rv32imac_zicsr_zifencei_multilib_b_ext-win/bin/../lib/gcc/riscv32-unknown-elf/13.2.0/../../../../riscv32-unknown-elf/lib/rv32imafc_zicsr_zifencei_zba_zbb_zbc_zbs/ilp32f\libg_nano.a(lib_a-strlen.o)
                0x8001487e                strlen
 .text.sulp     0x80014890       0x50 D:/sdk_env_v1.12.1/toolchains/rv32imac_zicsr_zifencei_multilib_b_ext-win/bin/../lib/gcc/riscv32-unknown-elf/13.2.0/../../../../riscv32-unknown-elf/lib/rv32imafc_zicsr_zifencei_zba_zbb_zbc_zbs/ilp32f\libg_nano.a(lib_a-strtod.o)
 .text._strtod_l
                0x800148e0      0xc5c D:/sdk_env_v1.12.1/toolchains/rv32imac_zicsr_zifencei_multilib_b_ext-win/bin/../lib/gcc/riscv32-unknown-elf/13.2.0/../../../../riscv32-unknown-elf/lib/rv32imafc_zicsr_zifencei_zba_zbb_zbc_zbs/ilp32f\libg_nano.a(lib_a-strtod.o)
                0x800148e0                _strtod_l
 .text._strtod_r
                0x8001553c        0xc D:/sdk_env_v1.12.1/toolchains/rv32imac_zicsr_zifencei_multilib_b_ext-win/bin/../lib/gcc/riscv32-unknown-elf/13.2.0/../../../../riscv32-unknown-elf/lib/rv32imafc_zicsr_zifencei_zba_zbb_zbc_zbs/ilp32f\libg_nano.a(lib_a-strtod.o)
                0x8001553c                _strtod_r
 .text._strtol_l.isra.0
                0x80015548      0x136 D:/sdk_env_v1.12.1/toolchains/rv32imac_zicsr_zifencei_multilib_b_ext-win/bin/../lib/gcc/riscv32-unknown-elf/13.2.0/../../../../riscv32-unknown-elf/lib/rv32imafc_zicsr_zifencei_zba_zbb_zbc_zbs/ilp32f\libg_nano.a(lib_a-strtol.o)
 .text._strtol_r
                0x8001567e        0x4 D:/sdk_env_v1.12.1/toolchains/rv32imac_zicsr_zifencei_multilib_b_ext-win/bin/../lib/gcc/riscv32-unknown-elf/13.2.0/../../../../riscv32-unknown-elf/lib/rv32imafc_zicsr_zifencei_zba_zbb_zbc_zbs/ilp32f\libg_nano.a(lib_a-strtol.o)
                0x8001567e                _strtol_r
 .text.__swbuf_r
                0x80015682       0xc6 D:/sdk_env_v1.12.1/toolchains/rv32imac_zicsr_zifencei_multilib_b_ext-win/bin/../lib/gcc/riscv32-unknown-elf/13.2.0/../../../../riscv32-unknown-elf/lib/rv32imafc_zicsr_zifencei_zba_zbb_zbc_zbs/ilp32f\libg_nano.a(lib_a-wbuf.o)
                0x80015682                __swbuf_r
 .text.__swsetup_r
                0x80015748      0x102 D:/sdk_env_v1.12.1/toolchains/rv32imac_zicsr_zifencei_multilib_b_ext-win/bin/../lib/gcc/riscv32-unknown-elf/13.2.0/../../../../riscv32-unknown-elf/lib/rv32imafc_zicsr_zifencei_zba_zbb_zbc_zbs/ilp32f\libg_nano.a(lib_a-wsetup.o)
                0x80015748                __swsetup_r
 .text.abort    0x8001584a       0x10 D:/sdk_env_v1.12.1/toolchains/rv32imac_zicsr_zifencei_multilib_b_ext-win/bin/../lib/gcc/riscv32-unknown-elf/13.2.0/../../../../riscv32-unknown-elf/lib/rv32imafc_zicsr_zifencei_zba_zbb_zbc_zbs/ilp32f\libg_nano.a(lib_a-abort.o)
                0x8001584a                abort
 .text.quorem   0x8001585a      0x12c D:/sdk_env_v1.12.1/toolchains/rv32imac_zicsr_zifencei_multilib_b_ext-win/bin/../lib/gcc/riscv32-unknown-elf/13.2.0/../../../../riscv32-unknown-elf/lib/rv32imafc_zicsr_zifencei_zba_zbb_zbc_zbs/ilp32f\libg_nano.a(lib_a-dtoa.o)
 .text._dtoa_r  0x80015986      0xc1a D:/sdk_env_v1.12.1/toolchains/rv32imac_zicsr_zifencei_multilib_b_ext-win/bin/../lib/gcc/riscv32-unknown-elf/13.2.0/../../../../riscv32-unknown-elf/lib/rv32imafc_zicsr_zifencei_zba_zbb_zbc_zbs/ilp32f\libg_nano.a(lib_a-dtoa.o)
                0x80015986                _dtoa_r
 .text.__sflush_r
                0x800165a0      0x13a D:/sdk_env_v1.12.1/toolchains/rv32imac_zicsr_zifencei_multilib_b_ext-win/bin/../lib/gcc/riscv32-unknown-elf/13.2.0/../../../../riscv32-unknown-elf/lib/rv32imafc_zicsr_zifencei_zba_zbb_zbc_zbs/ilp32f\libg_nano.a(lib_a-fflush.o)
                0x800165a0                __sflush_r
 .text._fflush_r
                0x800166da       0x66 D:/sdk_env_v1.12.1/toolchains/rv32imac_zicsr_zifencei_multilib_b_ext-win/bin/../lib/gcc/riscv32-unknown-elf/13.2.0/../../../../riscv32-unknown-elf/lib/rv32imafc_zicsr_zifencei_zba_zbb_zbc_zbs/ilp32f\libg_nano.a(lib_a-fflush.o)
                0x800166da                _fflush_r
 .text.std      0x80016740       0x6a D:/sdk_env_v1.12.1/toolchains/rv32imac_zicsr_zifencei_multilib_b_ext-win/bin/../lib/gcc/riscv32-unknown-elf/13.2.0/../../../../riscv32-unknown-elf/lib/rv32imafc_zicsr_zifencei_zba_zbb_zbc_zbs/ilp32f\libg_nano.a(lib_a-findfp.o)
 .text._cleanup_r
                0x800167aa        0xa D:/sdk_env_v1.12.1/toolchains/rv32imac_zicsr_zifencei_multilib_b_ext-win/bin/../lib/gcc/riscv32-unknown-elf/13.2.0/../../../../riscv32-unknown-elf/lib/rv32imafc_zicsr_zifencei_zba_zbb_zbc_zbs/ilp32f\libg_nano.a(lib_a-findfp.o)
                0x800167aa                _cleanup_r
 .text.__sfmoreglue
                0x800167b4       0x48 D:/sdk_env_v1.12.1/toolchains/rv32imac_zicsr_zifencei_multilib_b_ext-win/bin/../lib/gcc/riscv32-unknown-elf/13.2.0/../../../../riscv32-unknown-elf/lib/rv32imafc_zicsr_zifencei_zba_zbb_zbc_zbs/ilp32f\libg_nano.a(lib_a-findfp.o)
                0x800167b4                __sfmoreglue
 .text.__sinit  0x800167fc       0x70 D:/sdk_env_v1.12.1/toolchains/rv32imac_zicsr_zifencei_multilib_b_ext-win/bin/../lib/gcc/riscv32-unknown-elf/13.2.0/../../../../riscv32-unknown-elf/lib/rv32imafc_zicsr_zifencei_zba_zbb_zbc_zbs/ilp32f\libg_nano.a(lib_a-findfp.o)
                0x800167fc                __sinit
 .text.__sfp    0x8001686c       0xa2 D:/sdk_env_v1.12.1/toolchains/rv32imac_zicsr_zifencei_multilib_b_ext-win/bin/../lib/gcc/riscv32-unknown-elf/13.2.0/../../../../riscv32-unknown-elf/lib/rv32imafc_zicsr_zifencei_zba_zbb_zbc_zbs/ilp32f\libg_nano.a(lib_a-findfp.o)
                0x8001686c                __sfp
 .text._fwalk_reent
                0x8001690e       0x6a D:/sdk_env_v1.12.1/toolchains/rv32imac_zicsr_zifencei_multilib_b_ext-win/bin/../lib/gcc/riscv32-unknown-elf/13.2.0/../../../../riscv32-unknown-elf/lib/rv32imafc_zicsr_zifencei_zba_zbb_zbc_zbs/ilp32f\libg_nano.a(lib_a-fwalk.o)
                0x8001690e                _fwalk_reent
 .text.rshift   0x80016978       0xb2 D:/sdk_env_v1.12.1/toolchains/rv32imac_zicsr_zifencei_multilib_b_ext-win/bin/../lib/gcc/riscv32-unknown-elf/13.2.0/../../../../riscv32-unknown-elf/lib/rv32imafc_zicsr_zifencei_zba_zbb_zbc_zbs/ilp32f\libg_nano.a(lib_a-gdtoa-gethex.o)
 .text.__hexdig_fun
                0x80016a2a       0x42 D:/sdk_env_v1.12.1/toolchains/rv32imac_zicsr_zifencei_multilib_b_ext-win/bin/../lib/gcc/riscv32-unknown-elf/13.2.0/../../../../riscv32-unknown-elf/lib/rv32imafc_zicsr_zifencei_zba_zbb_zbc_zbs/ilp32f\libg_nano.a(lib_a-gdtoa-gethex.o)
                0x80016a2a                __hexdig_fun
 .text.__gethex
                0x80016a6c      0x4d4 D:/sdk_env_v1.12.1/toolchains/rv32imac_zicsr_zifencei_multilib_b_ext-win/bin/../lib/gcc/riscv32-unknown-elf/13.2.0/../../../../riscv32-unknown-elf/lib/rv32imafc_zicsr_zifencei_zba_zbb_zbc_zbs/ilp32f\libg_nano.a(lib_a-gdtoa-gethex.o)
                0x80016a6c                __gethex
 .text.L_shift  0x80016f40       0x2a D:/sdk_env_v1.12.1/toolchains/rv32imac_zicsr_zifencei_multilib_b_ext-win/bin/../lib/gcc/riscv32-unknown-elf/13.2.0/../../../../riscv32-unknown-elf/lib/rv32imafc_zicsr_zifencei_zba_zbb_zbc_zbs/ilp32f\libg_nano.a(lib_a-gdtoa-hexnan.o)
 .text.__match  0x80016f6a       0x30 D:/sdk_env_v1.12.1/toolchains/rv32imac_zicsr_zifencei_multilib_b_ext-win/bin/../lib/gcc/riscv32-unknown-elf/13.2.0/../../../../riscv32-unknown-elf/lib/rv32imafc_zicsr_zifencei_zba_zbb_zbc_zbs/ilp32f\libg_nano.a(lib_a-gdtoa-hexnan.o)
                0x80016f6a                __match
 .text.__hexnan
                0x80016f9a      0x176 D:/sdk_env_v1.12.1/toolchains/rv32imac_zicsr_zifencei_multilib_b_ext-win/bin/../lib/gcc/riscv32-unknown-elf/13.2.0/../../../../riscv32-unknown-elf/lib/rv32imafc_zicsr_zifencei_zba_zbb_zbc_zbs/ilp32f\libg_nano.a(lib_a-gdtoa-hexnan.o)
                0x80016f9a                __hexnan
 .text._localeconv_r
                0x80017110        0x6 D:/sdk_env_v1.12.1/toolchains/rv32imac_zicsr_zifencei_multilib_b_ext-win/bin/../lib/gcc/riscv32-unknown-elf/13.2.0/../../../../riscv32-unknown-elf/lib/rv32imafc_zicsr_zifencei_zba_zbb_zbc_zbs/ilp32f\libg_nano.a(lib_a-localeconv.o)
                0x80017110                _localeconv_r
 .text.__swhatbuf_r
                0x80017116       0x5c D:/sdk_env_v1.12.1/toolchains/rv32imac_zicsr_zifencei_multilib_b_ext-win/bin/../lib/gcc/riscv32-unknown-elf/13.2.0/../../../../riscv32-unknown-elf/lib/rv32imafc_zicsr_zifencei_zba_zbb_zbc_zbs/ilp32f\libg_nano.a(lib_a-makebuf.o)
                0x80017116                __swhatbuf_r
 .text.__smakebuf_r
                0x80017172       0xac D:/sdk_env_v1.12.1/toolchains/rv32imac_zicsr_zifencei_multilib_b_ext-win/bin/../lib/gcc/riscv32-unknown-elf/13.2.0/../../../../riscv32-unknown-elf/lib/rv32imafc_zicsr_zifencei_zba_zbb_zbc_zbs/ilp32f\libg_nano.a(lib_a-makebuf.o)
                0x80017172                __smakebuf_r
 .text.malloc   0x8001721e        0xa D:/sdk_env_v1.12.1/toolchains/rv32imac_zicsr_zifencei_multilib_b_ext-win/bin/../lib/gcc/riscv32-unknown-elf/13.2.0/../../../../riscv32-unknown-elf/lib/rv32imafc_zicsr_zifencei_zba_zbb_zbc_zbs/ilp32f\libg_nano.a(lib_a-malloc.o)
                0x8001721e                malloc
 .text.__ascii_mbtowc
                0x80017228       0x3a D:/sdk_env_v1.12.1/toolchains/rv32imac_zicsr_zifencei_multilib_b_ext-win/bin/../lib/gcc/riscv32-unknown-elf/13.2.0/../../../../riscv32-unknown-elf/lib/rv32imafc_zicsr_zifencei_zba_zbb_zbc_zbs/ilp32f\libg_nano.a(lib_a-mbtowc_r.o)
                0x80017228                __ascii_mbtowc
 .text.memchr   0x80017262       0x1a D:/sdk_env_v1.12.1/toolchains/rv32imac_zicsr_zifencei_multilib_b_ext-win/bin/../lib/gcc/riscv32-unknown-elf/13.2.0/../../../../riscv32-unknown-elf/lib/rv32imafc_zicsr_zifencei_zba_zbb_zbc_zbs/ilp32f\libg_nano.a(lib_a-memchr.o)
                0x80017262                memchr
 .text._Balloc  0x8001727c       0xaa D:/sdk_env_v1.12.1/toolchains/rv32imac_zicsr_zifencei_multilib_b_ext-win/bin/../lib/gcc/riscv32-unknown-elf/13.2.0/../../../../riscv32-unknown-elf/lib/rv32imafc_zicsr_zifencei_zba_zbb_zbc_zbs/ilp32f\libg_nano.a(lib_a-mprec.o)
                0x8001727c                _Balloc
 .text._Bfree   0x80017326       0x60 D:/sdk_env_v1.12.1/toolchains/rv32imac_zicsr_zifencei_multilib_b_ext-win/bin/../lib/gcc/riscv32-unknown-elf/13.2.0/../../../../riscv32-unknown-elf/lib/rv32imafc_zicsr_zifencei_zba_zbb_zbc_zbs/ilp32f\libg_nano.a(lib_a-mprec.o)
                0x80017326                _Bfree
 .text.__multadd
                0x80017386       0xba D:/sdk_env_v1.12.1/toolchains/rv32imac_zicsr_zifencei_multilib_b_ext-win/bin/../lib/gcc/riscv32-unknown-elf/13.2.0/../../../../riscv32-unknown-elf/lib/rv32imafc_zicsr_zifencei_zba_zbb_zbc_zbs/ilp32f\libg_nano.a(lib_a-mprec.o)
                0x80017386                __multadd
 .text.__s2b    0x80017440       0xc2 D:/sdk_env_v1.12.1/toolchains/rv32imac_zicsr_zifencei_multilib_b_ext-win/bin/../lib/gcc/riscv32-unknown-elf/13.2.0/../../../../riscv32-unknown-elf/lib/rv32imafc_zicsr_zifencei_zba_zbb_zbc_zbs/ilp32f\libg_nano.a(lib_a-mprec.o)
                0x80017440                __s2b
 .text.__hi0bits
                0x80017502       0x46 D:/sdk_env_v1.12.1/toolchains/rv32imac_zicsr_zifencei_multilib_b_ext-win/bin/../lib/gcc/riscv32-unknown-elf/13.2.0/../../../../riscv32-unknown-elf/lib/rv32imafc_zicsr_zifencei_zba_zbb_zbc_zbs/ilp32f\libg_nano.a(lib_a-mprec.o)
                0x80017502                __hi0bits
 .text.__lo0bits
                0x80017548       0x68 D:/sdk_env_v1.12.1/toolchains/rv32imac_zicsr_zifencei_multilib_b_ext-win/bin/../lib/gcc/riscv32-unknown-elf/13.2.0/../../../../riscv32-unknown-elf/lib/rv32imafc_zicsr_zifencei_zba_zbb_zbc_zbs/ilp32f\libg_nano.a(lib_a-mprec.o)
                0x80017548                __lo0bits
 .text.__i2b    0x800175b0       0x38 D:/sdk_env_v1.12.1/toolchains/rv32imac_zicsr_zifencei_multilib_b_ext-win/bin/../lib/gcc/riscv32-unknown-elf/13.2.0/../../../../riscv32-unknown-elf/lib/rv32imafc_zicsr_zifencei_zba_zbb_zbc_zbs/ilp32f\libg_nano.a(lib_a-mprec.o)
                0x800175b0                __i2b
 .text.__multiply
                0x800175e8      0x178 D:/sdk_env_v1.12.1/toolchains/rv32imac_zicsr_zifencei_multilib_b_ext-win/bin/../lib/gcc/riscv32-unknown-elf/13.2.0/../../../../riscv32-unknown-elf/lib/rv32imafc_zicsr_zifencei_zba_zbb_zbc_zbs/ilp32f\libg_nano.a(lib_a-mprec.o)
                0x800175e8                __multiply
 .text.__pow5mult
                0x80017760       0xda D:/sdk_env_v1.12.1/toolchains/rv32imac_zicsr_zifencei_multilib_b_ext-win/bin/../lib/gcc/riscv32-unknown-elf/13.2.0/../../../../riscv32-unknown-elf/lib/rv32imafc_zicsr_zifencei_zba_zbb_zbc_zbs/ilp32f\libg_nano.a(lib_a-mprec.o)
                0x80017760                __pow5mult
 .text.__lshift
                0x8001783a      0x102 D:/sdk_env_v1.12.1/toolchains/rv32imac_zicsr_zifencei_multilib_b_ext-win/bin/../lib/gcc/riscv32-unknown-elf/13.2.0/../../../../riscv32-unknown-elf/lib/rv32imafc_zicsr_zifencei_zba_zbb_zbc_zbs/ilp32f\libg_nano.a(lib_a-mprec.o)
                0x8001783a                __lshift
 .text.__mcmp   0x8001793c       0x36 D:/sdk_env_v1.12.1/toolchains/rv32imac_zicsr_zifencei_multilib_b_ext-win/bin/../lib/gcc/riscv32-unknown-elf/13.2.0/../../../../riscv32-unknown-elf/lib/rv32imafc_zicsr_zifencei_zba_zbb_zbc_zbs/ilp32f\libg_nano.a(lib_a-mprec.o)
                0x8001793c                __mcmp
 .text.__mdiff  0x80017972      0x16a D:/sdk_env_v1.12.1/toolchains/rv32imac_zicsr_zifencei_multilib_b_ext-win/bin/../lib/gcc/riscv32-unknown-elf/13.2.0/../../../../riscv32-unknown-elf/lib/rv32imafc_zicsr_zifencei_zba_zbb_zbc_zbs/ilp32f\libg_nano.a(lib_a-mprec.o)
                0x80017972                __mdiff
 .text.__ulp    0x80017adc       0x44 D:/sdk_env_v1.12.1/toolchains/rv32imac_zicsr_zifencei_multilib_b_ext-win/bin/../lib/gcc/riscv32-unknown-elf/13.2.0/../../../../riscv32-unknown-elf/lib/rv32imafc_zicsr_zifencei_zba_zbb_zbc_zbs/ilp32f\libg_nano.a(lib_a-mprec.o)
                0x80017adc                __ulp
 .text.__b2d    0x80017b20       0xb6 D:/sdk_env_v1.12.1/toolchains/rv32imac_zicsr_zifencei_multilib_b_ext-win/bin/../lib/gcc/riscv32-unknown-elf/13.2.0/../../../../riscv32-unknown-elf/lib/rv32imafc_zicsr_zifencei_zba_zbb_zbc_zbs/ilp32f\libg_nano.a(lib_a-mprec.o)
                0x80017b20                __b2d
 .text.__d2b    0x80017bd6       0xdc D:/sdk_env_v1.12.1/toolchains/rv32imac_zicsr_zifencei_multilib_b_ext-win/bin/../lib/gcc/riscv32-unknown-elf/13.2.0/../../../../riscv32-unknown-elf/lib/rv32imafc_zicsr_zifencei_zba_zbb_zbc_zbs/ilp32f\libg_nano.a(lib_a-mprec.o)
                0x80017bd6                __d2b
 .text.__ratio  0x80017cb2       0x72 D:/sdk_env_v1.12.1/toolchains/rv32imac_zicsr_zifencei_multilib_b_ext-win/bin/../lib/gcc/riscv32-unknown-elf/13.2.0/../../../../riscv32-unknown-elf/lib/rv32imafc_zicsr_zifencei_zba_zbb_zbc_zbs/ilp32f\libg_nano.a(lib_a-mprec.o)
                0x80017cb2                __ratio
 .text.__copybits
                0x80017d24       0x4c D:/sdk_env_v1.12.1/toolchains/rv32imac_zicsr_zifencei_multilib_b_ext-win/bin/../lib/gcc/riscv32-unknown-elf/13.2.0/../../../../riscv32-unknown-elf/lib/rv32imafc_zicsr_zifencei_zba_zbb_zbc_zbs/ilp32f\libg_nano.a(lib_a-mprec.o)
                0x80017d24                __copybits
 .text.__any_on
                0x80017d70       0x44 D:/sdk_env_v1.12.1/toolchains/rv32imac_zicsr_zifencei_multilib_b_ext-win/bin/../lib/gcc/riscv32-unknown-elf/13.2.0/../../../../riscv32-unknown-elf/lib/rv32imafc_zicsr_zifencei_zba_zbb_zbc_zbs/ilp32f\libg_nano.a(lib_a-mprec.o)
                0x80017d70                __any_on
 .text._calloc_r
                0x80017db4       0x34 D:/sdk_env_v1.12.1/toolchains/rv32imac_zicsr_zifencei_multilib_b_ext-win/bin/../lib/gcc/riscv32-unknown-elf/13.2.0/../../../../riscv32-unknown-elf/lib/rv32imafc_zicsr_zifencei_zba_zbb_zbc_zbs/ilp32f\libg_nano.a(lib_a-nano-callocr.o)
                0x80017db4                _calloc_r
 .text._free_r  0x80017de8       0xa2 D:/sdk_env_v1.12.1/toolchains/rv32imac_zicsr_zifencei_multilib_b_ext-win/bin/../lib/gcc/riscv32-unknown-elf/13.2.0/../../../../riscv32-unknown-elf/lib/rv32imafc_zicsr_zifencei_zba_zbb_zbc_zbs/ilp32f\libg_nano.a(lib_a-nano-freer.o)
                0x80017de8                _free_r
 .text._malloc_r
                0x80017e8a       0xd2 D:/sdk_env_v1.12.1/toolchains/rv32imac_zicsr_zifencei_multilib_b_ext-win/bin/../lib/gcc/riscv32-unknown-elf/13.2.0/../../../../riscv32-unknown-elf/lib/rv32imafc_zicsr_zifencei_zba_zbb_zbc_zbs/ilp32f\libg_nano.a(lib_a-nano-mallocr.o)
                0x80017e8a                _malloc_r
 .text._realloc_r
                0x80017f5c       0x78 D:/sdk_env_v1.12.1/toolchains/rv32imac_zicsr_zifencei_multilib_b_ext-win/bin/../lib/gcc/riscv32-unknown-elf/13.2.0/../../../../riscv32-unknown-elf/lib/rv32imafc_zicsr_zifencei_zba_zbb_zbc_zbs/ilp32f\libg_nano.a(lib_a-nano-reallocr.o)
                0x80017f5c                _realloc_r
 .text.__ssputs_r
                0x80017fd4       0xe8 D:/sdk_env_v1.12.1/toolchains/rv32imac_zicsr_zifencei_multilib_b_ext-win/bin/../lib/gcc/riscv32-unknown-elf/13.2.0/../../../../riscv32-unknown-elf/lib/rv32imafc_zicsr_zifencei_zba_zbb_zbc_zbs/ilp32f\libg_nano.a(lib_a-nano-svfprintf.o)
                0x80017fd4                __ssputs_r
 .text._svfprintf_r
                0x800180bc      0x278 D:/sdk_env_v1.12.1/toolchains/rv32imac_zicsr_zifencei_multilib_b_ext-win/bin/../lib/gcc/riscv32-unknown-elf/13.2.0/../../../../riscv32-unknown-elf/lib/rv32imafc_zicsr_zifencei_zba_zbb_zbc_zbs/ilp32f\libg_nano.a(lib_a-nano-svfprintf.o)
                0x800180bc                _svfiprintf_r
                0x800180bc                _svfprintf_r
 .text._sbrk_r  0x80018334       0x2c D:/sdk_env_v1.12.1/toolchains/rv32imac_zicsr_zifencei_multilib_b_ext-win/bin/../lib/gcc/riscv32-unknown-elf/13.2.0/../../../../riscv32-unknown-elf/lib/rv32imafc_zicsr_zifencei_zba_zbb_zbc_zbs/ilp32f\libg_nano.a(lib_a-sbrkr.o)
                0x80018334                _sbrk_r
 .text._raise_r
                0x80018360       0x5e D:/sdk_env_v1.12.1/toolchains/rv32imac_zicsr_zifencei_multilib_b_ext-win/bin/../lib/gcc/riscv32-unknown-elf/13.2.0/../../../../riscv32-unknown-elf/lib/rv32imafc_zicsr_zifencei_zba_zbb_zbc_zbs/ilp32f\libg_nano.a(lib_a-signal.o)
                0x80018360                _raise_r
 .text.raise    0x800183be        0xa D:/sdk_env_v1.12.1/toolchains/rv32imac_zicsr_zifencei_multilib_b_ext-win/bin/../lib/gcc/riscv32-unknown-elf/13.2.0/../../../../riscv32-unknown-elf/lib/rv32imafc_zicsr_zifencei_zba_zbb_zbc_zbs/ilp32f\libg_nano.a(lib_a-signal.o)
                0x800183be                raise
 .text._kill_r  0x800183c8       0x2c D:/sdk_env_v1.12.1/toolchains/rv32imac_zicsr_zifencei_multilib_b_ext-win/bin/../lib/gcc/riscv32-unknown-elf/13.2.0/../../../../riscv32-unknown-elf/lib/rv32imafc_zicsr_zifencei_zba_zbb_zbc_zbs/ilp32f\libg_nano.a(lib_a-signalr.o)
                0x800183c8                _kill_r
 .text._getpid_r
                0x800183f4        0x2 D:/sdk_env_v1.12.1/toolchains/rv32imac_zicsr_zifencei_multilib_b_ext-win/bin/../lib/gcc/riscv32-unknown-elf/13.2.0/../../../../riscv32-unknown-elf/lib/rv32imafc_zicsr_zifencei_zba_zbb_zbc_zbs/ilp32f\libg_nano.a(lib_a-signalr.o)
                0x800183f4                _getpid_r
 .text.nan      0x800183f6        0xe D:/sdk_env_v1.12.1/toolchains/rv32imac_zicsr_zifencei_multilib_b_ext-win/bin/../lib/gcc/riscv32-unknown-elf/13.2.0/../../../../riscv32-unknown-elf/lib/rv32imafc_zicsr_zifencei_zba_zbb_zbc_zbs/ilp32f\libg_nano.a(lib_a-s_nan.o)
                0x800183f6                nan